0.1 0 -5.67779e-09 0
0.2 0 -1.13556e-08 0
0.3 0 -1.70334e-08 0
0.4 0 -2.27111e-08 0
0.5 0 -2.83889e-08 0
0.6 0 -3.40667e-08 0
0.7 0 -3.97445e-08 0
0.8 0 -4.54223e-08 0
0.9 0 -5.11001e-08 0
1 0 -5.67779e-08 0
0.02 1.45875e-07 -5.67779e-08 -5.06512e-10
0.04 6.45487e-07 -5.67779e-08 -2.24127e-09
0.06 1.46848e-06 -5.67779e-08 -5.09888e-09
0.08 2.50617e-06 -5.67779e-08 -8.70196e-09
0.1 3.72797e-06 -5.67779e-08 -1.29443e-08
0.12 5.10945e-06 -5.67779e-08 -1.77412e-08
0.14 6.63352e-06 -5.67779e-08 -2.3033e-08
0.16 8.28533e-06 -5.67779e-08 -2.87685e-08
0.18 1.00447e-05 -5.67779e-08 -3.48774e-08
0.2 1.18823e-05 -5.67779e-08 -4.12581e-08
0.22 1.37627e-05 -5.67779e-08 -4.77873e-08
0.24 1.565e-05 -5.67779e-08 -5.43404e-08
0.26 1.75117e-05 -5.67779e-08 -6.08046e-08
0.28 1.93177e-05 -5.67779e-08 -6.70753e-08
0.3 2.10335e-05 -5.67779e-08 -7.30331e-08
0.32 2.26159e-05 -5.67779e-08 -7.85273e-08
0.34 2.4025e-05 -5.67779e-08 -8.34202e-08
0.36 2.52505e-05 -5.67779e-08 -8.76754e-08
0.38 2.63164e-05 -5.67779e-08 -9.13766e-08
0.4 2.72578e-05 -5.67779e-08 -9.46453e-08
0.42 2.80979e-05 -5.67779e-08 -9.75623e-08
0.44 2.884e-05 -5.67779e-08 -1.00139e-07
0.46 2.94622e-05 -5.67779e-08 -1.02299e-07
0.48 2.99199e-05 -5.67779e-08 -1.03889e-07
0.5 3.01701e-05 -5.67779e-08 -1.04757e-07
0.52 3.01959e-05 -5.67779e-08 -1.04847e-07
0.54 3.0007e-05 -5.67779e-08 -1.04191e-07
0.56 2.96193e-05 -5.67779e-08 -1.02845e-07
0.58 2.90336e-05 -5.67779e-08 -1.00811e-07
0.6 2.82309e-05 -5.67779e-08 -9.80241e-08
0.62 2.7196e-05 -5.67779e-08 -9.44307e-08
0.64 2.59416e-05 -5.67779e-08 -9.00749e-08
0.66 2.4496e-05 -5.67779e-08 -8.50556e-08
0.68 2.28712e-05 -5.67779e-08 -7.9414e-08
0.7 2.10548e-05 -5.67779e-08 -7.3107e-08
0.72 1.90373e-05 -5.67779e-08 -6.61016e-08
0.74 1.68436e-05 -5.67779e-08 -5.84848e-08
0.76 1.45379e-05 -5.67779e-08 -5.04789e-08
0.78 1.22007e-05 -5.67779e-08 -4.23636e-08
0.8 9.90215e-06 -5.67779e-08 -3.43825e-08
0.82 7.68627e-06 -5.67779e-08 -2.66884e-08
0.84 5.56878e-06 -5.67779e-08 -1.9336e-08
0.86 3.54704e-06 -5.67779e-08 -1.23161e-08
0.88 1.61479e-06 -5.67779e-08 -5.60692e-09
0.9 -2.25951e-07 -5.67779e-08 7.84553e-10
0.92 -1.95731e-06 -5.67779e-08 6.79621e-09
0.94 -3.54084e-06 -5.67779e-08 1.22946e-08
0.96 -4.9132e-06 -5.67779e-08 1.70597e-08
0.98 -5.98334e-06 -5.67779e-08 2.07755e-08
1 -6.65432e-06 -5.67779e-08 2.31053e-08
1.02 -6.90907e-06 -5.67779e-08 2.39898e-08
1.04 -6.89426e-06 -5.67779e-08 2.39384e-08
1.06 -6.83312e-06 -5.67779e-08 2.37261e-08
1.08 -6.82254e-06 -5.67779e-08 2.36894e-08
1.1 -6.78317e-06 -5.67779e-08 2.35527e-08
1.12 -6.58234e-06 -5.67779e-08 2.28553e-08
1.14 -6.12504e-06 -5.67779e-08 2.12675e-08
1.16 -5.3899e-06 -5.67779e-08 1.87149e-08
1.18 -4.47129e-06 -5.67779e-08 1.55253e-08
1.2 -3.52882e-06 -5.67779e-08 1.22528e-08
1.22 -2.63365e-06 -5.67779e-08 9.14462e-09
1.24 -1.70181e-06 -5.67779e-08 5.90907e-09
1.26 -5.80266e-07 -5.67779e-08 2.01481e-09
1.28 8.54192e-07 -5.67779e-08 -2.96594e-09
1.3 2.66876e-06 -5.67779e-08 -9.26654e-09
1.32 4.83878e-06 -5.67779e-08 -1.68013e-08
1.34 7.15915e-06 -5.67779e-08 -2.48582e-08
1.36 9.28288e-06 -5.67779e-08 -3.22322e-08
1.38 1.09578e-05 -5.67779e-08 -3.80479e-08
1.4 1.2155e-05 -5.67779e-08 -4.2205e-08
1.42 1.29175e-05 -5.67779e-08 -4.48524e-08
1.44 1.31899e-05 -5.67779e-08 -4.57984e-08
1.46 1.28579e-05 -5.67779e-08 -4.46455e-08
1.48 1.19067e-05 -5.67779e-08 -4.13427e-08
1.5 1.0504e-05 -5.67779e-08 -3.64721e-08
1.52 8.92194e-06 -5.67779e-08 -3.0979e-08
1.54 7.38384e-06 -5.67779e-08 -2.56383e-08
1.56 5.98005e-06 -5.67779e-08 -2.07641e-08
1.58 4.70223e-06 -5.67779e-08 -1.63272e-08
1.6 3.51413e-06 -5.67779e-08 -1.22018e-08
1.62 2.37324e-06 -5.67779e-08 -8.24043e-09
1.64 1.19334e-06 -5.67779e-08 -4.14355e-09
1.66 -1.757e-07 -5.67779e-08 6.10069e-10
1.68 -1.82489e-06 -5.67779e-08 6.33644e-09
1.7 -3.60817e-06 -5.67779e-08 1.25284e-08
1.72 -5.17341e-06 -5.67779e-08 1.79632e-08
1.74 -6.20011e-06 -5.67779e-08 2.15282e-08
1.76 -6.63856e-06 -5.67779e-08 2.30505e-08
1.78 -6.80598e-06 -5.67779e-08 2.36319e-08
1.8 -7.22243e-06 -5.67779e-08 2.50779e-08
1.82 -8.2744e-06 -5.67779e-08 2.87306e-08
1.84 -1.00478e-05 -5.67779e-08 3.48884e-08
1.86 -1.24325e-05 -5.67779e-08 4.31685e-08
1.88 -1.52127e-05 -5.67779e-08 5.2822e-08
1.9 -1.80284e-05 -5.67779e-08 6.25986e-08
1.92 -2.05245e-05 -5.67779e-08 7.12657e-08
1.94 -2.26616e-05 -5.67779e-08 7.86863e-08
1.96 -2.45848e-05 -5.67779e-08 8.5364e-08
1.98 -2.61399e-05 -5.67779e-08 9.07634e-08
2 -2.683e-05 -5.67779e-08 9.31597e-08
2.02 -2.63412e-05 -5.67779e-08 9.14623e-08
2.04 -2.49598e-05 -5.67779e-08 8.66659e-08
2.06 -2.33101e-05 -5.67779e-08 8.09378e-08
2.08 -2.16445e-05 -5.67779e-08 7.51544e-08
2.1 -1.94698e-05 -5.67779e-08 6.76036e-08
2.12 -1.58834e-05 -5.67779e-08 5.51506e-08
2.14 -1.03232e-05 -5.67779e-08 3.58443e-08
2.16 -3.04419e-06 -5.67779e-08 1.05701e-08
2.18 5.16848e-06 -5.67779e-08 -1.79461e-08
2.2 1.35106e-05 -5.67779e-08 -4.6912e-08
2.22 2.1232e-05 -5.67779e-08 -7.37221e-08
2.24 2.76446e-05 -5.67779e-08 -9.59882e-08
2.26 3.23653e-05 -5.67779e-08 -1.1238e-07
2.28 3.54216e-05 -5.67779e-08 -1.22992e-07
2.3 3.7146e-05 -5.67779e-08 -1.28979e-07
2.32 3.80092e-05 -5.67779e-08 -1.31976e-07
2.34 3.83836e-05 -5.67779e-08 -1.33276e-07
2.36 3.83325e-05 -5.67779e-08 -1.33099e-07
2.38 3.74625e-05 -5.67779e-08 -1.30078e-07
2.4 3.49484e-05 -5.67779e-08 -1.21349e-07
2.42 3.00105e-05 -5.67779e-08 -1.04203e-07
2.44 2.25019e-05 -5.67779e-08 -7.81315e-08
2.46 1.28436e-05 -5.67779e-08 -4.45959e-08
2.48 1.57152e-06 -5.67779e-08 -5.45668e-09
2.5 -1.05766e-05 -5.67779e-08 3.67243e-08
2.52 -2.24362e-05 -5.67779e-08 7.79034e-08
2.54 -3.30902e-05 -5.67779e-08 1.14896e-07
2.56 -4.2676e-05 -5.67779e-08 1.48181e-07
2.58 -5.20808e-05 -5.67779e-08 1.80836e-07
2.6 -6.2029e-05 -5.67779e-08 2.15378e-07
2.62 -7.26024e-05 -5.67779e-08 2.52092e-07
2.64 -8.3297e-05 -5.67779e-08 2.89226e-07
2.66 -9.31224e-05 -5.67779e-08 3.23342e-07
2.68 -0.000100827 -5.67779e-08 3.50092e-07
2.7 -0.000105674 -5.67779e-08 3.66923e-07
2.72 -0.000107989 -5.67779e-08 3.74963e-07
2.74 -0.000108729 -5.67779e-08 3.77532e-07
2.76 -0.000108866 -5.67779e-08 3.78007e-07
2.78 -0.000109111 -5.67779e-08 3.78858e-07
2.8 -0.000109683 -5.67779e-08 3.80844e-07
2.82 -0.000110283 -5.67779e-08 3.82927e-07
2.84 -0.00011042 -5.67779e-08 3.83402e-07
2.86 -0.000109677 -5.67779e-08 3.80824e-07
2.88 -0.000107743 -5.67779e-08 3.74107e-07
2.9 -0.000104452 -5.67779e-08 3.6268e-07
2.92 -9.99346e-05 -5.67779e-08 3.46995e-07
2.94 -9.46169e-05 -5.67779e-08 3.28531e-07
2.96 -8.90103e-05 -5.67779e-08 3.09064e-07
2.98 -8.34511e-05 -5.67779e-08 2.89761e-07
3 -7.78823e-05 -5.67779e-08 2.70425e-07
3.02 -7.17495e-05 -5.67779e-08 2.4913e-07
3.04 -6.42735e-05 -5.67779e-08 2.23172e-07
3.06 -5.50967e-05 -5.67779e-08 1.91308e-07
3.08 -4.43341e-05 -5.67779e-08 1.53938e-07
3.1 -3.19438e-05 -5.67779e-08 1.10916e-07
3.12 -1.79346e-05 -5.67779e-08 6.2273e-08
3.14 -3.11736e-06 -5.67779e-08 1.08242e-08
3.16 1.13668e-05 -5.67779e-08 -3.94679e-08
3.18 2.51575e-05 -5.67779e-08 -8.73524e-08
3.2 3.87371e-05 -5.67779e-08 -1.34504e-07
3.22 5.27023e-05 -5.67779e-08 -1.82994e-07
3.24 6.72871e-05 -5.67779e-08 -2.33636e-07
3.26 8.21805e-05 -5.67779e-08 -2.85349e-07
3.28 9.65939e-05 -5.67779e-08 -3.35396e-07
3.3 0.000109868 -5.67779e-08 -3.81484e-07
3.32 0.000122022 -5.67779e-08 -4.23686e-07
3.34 0.000133183 -5.67779e-08 -4.62442e-07
3.36 0.000142612 -5.67779e-08 -4.95179e-07
3.38 0.000149185 -5.67779e-08 -5.18005e-07
3.4 0.000152762 -5.67779e-08 -5.30422e-07
3.42 0.000154301 -5.67779e-08 -5.35766e-07
3.44 0.000154943 -5.67779e-08 -5.37996e-07
3.46 0.000155359 -5.67779e-08 -5.39442e-07
3.48 0.000155478 -5.67779e-08 -5.39853e-07
3.5 0.000154425 -5.67779e-08 -5.36198e-07
3.52 0.000150993 -5.67779e-08 -5.24281e-07
3.54 0.000144336 -5.67779e-08 -5.01165e-07
3.56 0.00013418 -5.67779e-08 -4.65903e-07
3.58 0.000120714 -5.67779e-08 -4.19147e-07
3.6 0.000104744 -5.67779e-08 -3.63695e-07
3.62 8.78606e-05 -5.67779e-08 -3.05072e-07
3.64 7.18531e-05 -5.67779e-08 -2.4949e-07
3.66 5.72928e-05 -5.67779e-08 -1.98933e-07
3.68 4.26632e-05 -5.67779e-08 -1.48136e-07
3.7 2.56508e-05 -5.67779e-08 -8.90652e-08
3.72 5.54755e-06 -5.67779e-08 -1.92623e-08
3.74 -1.58824e-05 -5.67779e-08 5.51473e-08
3.76 -3.56076e-05 -5.67779e-08 1.23637e-07
3.78 -5.11147e-05 -5.67779e-08 1.77481e-07
3.8 -6.15333e-05 -5.67779e-08 2.13657e-07
3.82 -6.75225e-05 -5.67779e-08 2.34453e-07
3.84 -7.02803e-05 -5.67779e-08 2.44029e-07
3.86 -7.10565e-05 -5.67779e-08 2.46724e-07
3.88 -7.12496e-05 -5.67779e-08 2.47394e-07
3.9 -7.18211e-05 -5.67779e-08 2.49379e-07
3.92 -7.25544e-05 -5.67779e-08 2.51925e-07
3.94 -7.25107e-05 -5.67779e-08 2.51773e-07
3.96 -7.09667e-05 -5.67779e-08 2.46412e-07
3.98 -6.76843e-05 -5.67779e-08 2.35015e-07
4 -6.28921e-05 -5.67779e-08 2.18375e-07
4.02 -5.72913e-05 -5.67779e-08 1.98928e-07
4.04 -5.14949e-05 -5.67779e-08 1.78802e-07
4.06 -4.52396e-05 -5.67779e-08 1.57082e-07
4.08 -3.75328e-05 -5.67779e-08 1.30322e-07
4.1 -2.7536e-05 -5.67779e-08 9.56113e-08
4.12 -1.50581e-05 -5.67779e-08 5.22849e-08
4.14 -5.54786e-07 -5.67779e-08 1.92634e-09
4.16 1.49753e-05 -5.67779e-08 -5.19974e-08
4.18 3.05017e-05 -5.67779e-08 -1.05909e-07
4.2 4.57306e-05 -5.67779e-08 -1.58787e-07
4.22 6.11421e-05 -5.67779e-08 -2.12299e-07
4.24 7.71964e-05 -5.67779e-08 -2.68043e-07
4.26 9.3718e-05 -5.67779e-08 -3.2541e-07
4.28 0.000110011 -5.67779e-08 -3.81983e-07
4.3 0.000125179 -5.67779e-08 -4.34649e-07
4.32 0.000138096 -5.67779e-08 -4.79499e-07
4.34 0.0001475 -5.67779e-08 -5.12152e-07
4.36 0.000152653 -5.67779e-08 -5.30046e-07
4.38 0.000153816 -5.67779e-08 -5.34083e-07
4.4 0.000151945 -5.67779e-08 -5.27586e-07
4.42 0.000148015 -5.67779e-08 -5.1394e-07
4.44 0.000142271 -5.67779e-08 -4.93995e-07
4.46 0.000133816 -5.67779e-08 -4.6464e-07
4.48 0.000121282 -5.67779e-08 -4.2112e-07
4.5 0.000104178 -5.67779e-08 -3.6173e-07
4.52 8.33992e-05 -5.67779e-08 -2.89581e-07
4.54 6.05143e-05 -5.67779e-08 -2.10119e-07
4.56 3.69678e-05 -5.67779e-08 -1.28361e-07
4.58 1.37943e-05 -5.67779e-08 -4.7897e-08
4.6 -8.545e-06 -5.67779e-08 2.96701e-08
4.62 -3.02558e-05 -5.67779e-08 1.05055e-07
4.64 -5.19202e-05 -5.67779e-08 1.80278e-07
4.66 -7.38901e-05 -5.67779e-08 2.56563e-07
4.68 -9.57403e-05 -5.67779e-08 3.32432e-07
4.7 -0.000116423 -5.67779e-08 4.04247e-07
4.72 -0.000135337 -5.67779e-08 4.69918e-07
4.74 -0.000152969 -5.67779e-08 5.31141e-07
4.76 -0.000169963 -5.67779e-08 5.90151e-07
4.78 -0.000185952 -5.67779e-08 6.45667e-07
4.8 -0.000199949 -5.67779e-08 6.94267e-07
4.82 -0.000211791 -5.67779e-08 7.35386e-07
4.84 -0.000222794 -5.67779e-08 7.73589e-07
4.86 -0.000234825 -5.67779e-08 8.15365e-07
4.88 -0.00024872 -5.67779e-08 8.63613e-07
4.9 -0.000263523 -5.67779e-08 9.15012e-07
4.92 -0.000277166 -5.67779e-08 9.62383e-07
4.94 -0.000287675 -5.67779e-08 9.98871e-07
4.96 -0.000293734 -5.67779e-08 1.01991e-06
4.98 -0.000294761 -5.67779e-08 1.02348e-06
5 -0.000291039 -5.67779e-08 1.01055e-06
5.02 -0.000283591 -5.67779e-08 9.84692e-07
5.04 -0.000273586 -5.67779e-08 9.49952e-07
5.06 -0.000261856 -5.67779e-08 9.09223e-07
5.08 -0.000248702 -5.67779e-08 8.63548e-07
5.1 -0.000233754 -5.67779e-08 8.11645e-07
5.12 -0.000216075 -5.67779e-08 7.50262e-07
5.14 -0.000194767 -5.67779e-08 6.76274e-07
5.16 -0.000169857 -5.67779e-08 5.89781e-07
5.18 -0.000142792 -5.67779e-08 4.95805e-07
5.2 -0.000115932 -5.67779e-08 4.02541e-07
5.22 -9.14124e-05 -5.67779e-08 3.17404e-07
5.24 -7.0337e-05 -5.67779e-08 2.44226e-07
5.26 -5.28377e-05 -5.67779e-08 1.83464e-07
5.28 -3.84876e-05 -5.67779e-08 1.33638e-07
5.3 -2.63427e-05 -5.67779e-08 9.14679e-08
5.32 -1.50321e-05 -5.67779e-08 5.21946e-08
5.34 -3.34159e-06 -5.67779e-08 1.16027e-08
5.36 9.63093e-06 -5.67779e-08 -3.34407e-08
5.38 2.50469e-05 -5.67779e-08 -8.69684e-08
5.4 4.42072e-05 -5.67779e-08 -1.53497e-07
5.42 6.7458e-05 -5.67779e-08 -2.34229e-07
5.44 9.38354e-05 -5.67779e-08 -3.25817e-07
5.46 0.000121995 -5.67779e-08 -4.23594e-07
5.48 0.000150992 -5.67779e-08 -5.24276e-07
5.5 0.000180147 -5.67779e-08 -6.2551e-07
5.52 0.000208683 -5.67779e-08 -7.24594e-07
5.54 0.000235635 -5.67779e-08 -8.18177e-07
5.56 0.000259887 -5.67779e-08 -9.02385e-07
5.58 0.000280181 -5.67779e-08 -9.7285e-07
5.6 0.000295241 -5.67779e-08 -1.02514e-06
5.62 0.000304453 -5.67779e-08 -1.05713e-06
5.64 0.000308865 -5.67779e-08 -1.07245e-06
5.66 0.000311046 -5.67779e-08 -1.08002e-06
5.68 0.000313394 -5.67779e-08 -1.08817e-06
5.7 0.000316588 -5.67779e-08 -1.09926e-06
5.72 0.000319503 -5.67779e-08 -1.10938e-06
5.74 0.000320229 -5.67779e-08 -1.11191e-06
5.76 0.000317022 -5.67779e-08 -1.10077e-06
5.78 0.000308595 -5.67779e-08 -1.07151e-06
5.8 0.000294243 -5.67779e-08 -1.02168e-06
5.82 0.000274157 -5.67779e-08 -9.51932e-07
5.84 0.000249521 -5.67779e-08 -8.66391e-07
5.86 0.000222091 -5.67779e-08 -7.7115e-07
5.88 0.000193698 -5.67779e-08 -6.72564e-07
5.9 0.000165906 -5.67779e-08 -5.76061e-07
5.92 0.000139468 -5.67779e-08 -4.84265e-07
5.94 0.000113792 -5.67779e-08 -3.95113e-07
5.96 8.69915e-05 -5.67779e-08 -3.02054e-07
5.98 5.65687e-05 -5.67779e-08 -1.96419e-07
6 2.04733e-05 -5.67779e-08 -7.10878e-08
6.02 -2.19201e-05 -5.67779e-08 7.61114e-08
6.04 -6.96342e-05 -5.67779e-08 2.41785e-07
6.06 -0.000120714 -5.67779e-08 4.19146e-07
6.08 -0.00017296 -5.67779e-08 6.00556e-07
6.1 -0.000224717 -5.67779e-08 7.80266e-07
6.12 -0.000275726 -5.67779e-08 9.57381e-07
6.14 -0.000326992 -5.67779e-08 1.13539e-06
6.16 -0.000379136 -5.67779e-08 1.31644e-06
6.18 -0.000430924 -5.67779e-08 1.49626e-06
6.2 -0.000479837 -5.67779e-08 1.6661e-06
6.22 -0.000523719 -5.67779e-08 1.81847e-06
6.24 -0.000561469 -5.67779e-08 1.94954e-06
6.26 -0.000592869 -5.67779e-08 2.05857e-06
6.28 -0.000618325 -5.67779e-08 2.14696e-06
6.3 -0.000638351 -5.67779e-08 2.2165e-06
6.32 -0.000653022 -5.67779e-08 2.26744e-06
6.34 -0.000662106 -5.67779e-08 2.29898e-06
6.36 -0.000665562 -5.67779e-08 2.31098e-06
6.38 -0.000663057 -5.67779e-08 2.30228e-06
6.4 -0.000652907 -5.67779e-08 2.26704e-06
6.42 -0.000632706 -5.67779e-08 2.19689e-06
6.44 -0.000601255 -5.67779e-08 2.08769e-06
6.46 -0.000559291 -5.67779e-08 1.94198e-06
6.48 -0.000508765 -5.67779e-08 1.76655e-06
6.5 -0.000451967 -5.67779e-08 1.56933e-06
6.52 -0.000390964 -5.67779e-08 1.35751e-06
6.54 -0.000327387 -5.67779e-08 1.13676e-06
6.56 -0.000262437 -5.67779e-08 9.1124e-07
6.58 -0.00019669 -5.67779e-08 6.82951e-07
6.6 -0.000129931 -5.67779e-08 4.5115e-07
6.62 -6.15998e-05 -5.67779e-08 2.13888e-07
6.64 8.59218e-06 -5.67779e-08 -2.9834e-08
6.66 8.064e-05 -5.67779e-08 -2.8e-07
6.68 0.000154577 -5.67779e-08 -5.36726e-07
6.7 0.000230513 -5.67779e-08 -8.00392e-07
6.72 0.000308457 -5.67779e-08 -1.07103e-06
6.74 0.000388098 -5.67779e-08 -1.34756e-06
6.76 0.000468237 -5.67779e-08 -1.62582e-06
6.78 0.000546112 -5.67779e-08 -1.89622e-06
6.8 0.000617419 -5.67779e-08 -2.14382e-06
6.82 0.00067714 -5.67779e-08 -2.35118e-06
6.84 0.000720762 -5.67779e-08 -2.50265e-06
6.86 0.000745546 -5.67779e-08 -2.5887e-06
6.88 0.000751138 -5.67779e-08 -2.60812e-06
6.9 0.000738983 -5.67779e-08 -2.56591e-06
6.92 0.00071118 -5.67779e-08 -2.46938e-06
6.94 0.000669939 -5.67779e-08 -2.32618e-06
6.96 0.000617453 -5.67779e-08 -2.14393e-06
6.98 0.000555427 -5.67779e-08 -1.92856e-06
7 0.000484629 -5.67779e-08 -1.68274e-06
7.02 0.00040522 -5.67779e-08 -1.40701e-06
7.04 0.000317457 -5.67779e-08 -1.10228e-06
7.06 0.000222205 -5.67779e-08 -7.71546e-07
7.08 0.000121255 -5.67779e-08 -4.21026e-07
7.1 1.73888e-05 -5.67779e-08 -6.03778e-08
7.12 -8.58895e-05 -5.67779e-08 2.98227e-07
7.14 -0.00018472 -5.67779e-08 6.41387e-07
7.16 -0.000275145 -5.67779e-08 9.55364e-07
7.18 -0.00035333 -5.67779e-08 1.22684e-06
7.2 -0.000415974 -5.67779e-08 1.44436e-06
7.22 -0.000461133 -5.67779e-08 1.60116e-06
7.24 -0.000489119 -5.67779e-08 1.69833e-06
7.26 -0.000502784 -5.67779e-08 1.74578e-06
7.28 -0.000507178 -5.67779e-08 1.76103e-06
7.3 -0.00050856 -5.67779e-08 1.76583e-06
7.32 -0.000511828 -5.67779e-08 1.77718e-06
7.34 -0.000517463 -5.67779e-08 1.79675e-06
7.36 -0.000521414 -5.67779e-08 1.81047e-06
7.38 -0.000517932 -5.67779e-08 1.79838e-06
7.4 -0.000501651 -5.67779e-08 1.74184e-06
7.42 -0.000468003 -5.67779e-08 1.62501e-06
7.44 -0.000414236 -5.67779e-08 1.43832e-06
7.46 -0.000340974 -5.67779e-08 1.18394e-06
7.48 -0.000252153 -5.67779e-08 8.75531e-07
7.5 -0.00015383 -5.67779e-08 5.34131e-07
7.52 -5.36095e-05 -5.67779e-08 1.86144e-07
7.54 4.0494e-05 -5.67779e-08 -1.40604e-07
7.56 0.000123303 -5.67779e-08 -4.28136e-07
7.58 0.000194951 -5.67779e-08 -6.76913e-07
7.6 0.000259565 -5.67779e-08 -9.01266e-07
7.62 0.000322341 -5.67779e-08 -1.11924e-06
7.64 0.000387938 -5.67779e-08 -1.34701e-06
7.66 0.000459767 -5.67779e-08 -1.59641e-06
7.68 0.000539216 -5.67779e-08 -1.87228e-06
7.7 0.000625146 -5.67779e-08 -2.17065e-06
7.72 0.000714216 -5.67779e-08 -2.47991e-06
7.74 0.000802007 -5.67779e-08 -2.78475e-06
7.76 0.000883959 -5.67779e-08 -3.0693e-06
7.78 0.000955293 -5.67779e-08 -3.31699e-06
7.8 0.00101119 -5.67779e-08 -3.51108e-06
7.82 0.00104819 -5.67779e-08 -3.63954e-06
7.84 0.00106513 -5.67779e-08 -3.69837e-06
7.86 0.00106276 -5.67779e-08 -3.69012e-06
7.88 0.00104319 -5.67779e-08 -3.62218e-06
7.9 0.00100969 -5.67779e-08 -3.50586e-06
7.92 0.000965637 -5.67779e-08 -3.35291e-06
7.94 0.000913057 -5.67779e-08 -3.17034e-06
7.96 0.000852186 -5.67779e-08 -2.95898e-06
7.98 0.000782313 -5.67779e-08 -2.71637e-06
8 0.000702552 -5.67779e-08 -2.43942e-06
8.02 0.000612116 -5.67779e-08 -2.1254e-06
8.04 0.000510948 -5.67779e-08 -1.77412e-06
8.06 0.000401084 -5.67779e-08 -1.39265e-06
8.08 0.00028707 -5.67779e-08 -9.96772e-07
8.1 0.000173829 -5.67779e-08 -6.03573e-07
8.12 6.39586e-05 -5.67779e-08 -2.22079e-07
8.14 -4.2335e-05 -5.67779e-08 1.46996e-07
8.16 -0.000145069 -5.67779e-08 5.03711e-07
8.18 -0.000242965 -5.67779e-08 8.43628e-07
8.2 -0.000333697 -5.67779e-08 1.15867e-06
8.22 -0.000414599 -5.67779e-08 1.43958e-06
8.24 -0.000482863 -5.67779e-08 1.67661e-06
8.26 -0.000536173 -5.67779e-08 1.86171e-06
8.28 -0.000574356 -5.67779e-08 1.99429e-06
8.3 -0.000600342 -5.67779e-08 2.08452e-06
8.32 -0.000618826 -5.67779e-08 2.1487e-06
8.34 -0.000633711 -5.67779e-08 2.20039e-06
8.36 -0.000646603 -5.67779e-08 2.24515e-06
8.38 -0.000657034 -5.67779e-08 2.28137e-06
8.4 -0.000663286 -5.67779e-08 2.30307e-06
8.42 -0.000663103 -5.67779e-08 2.30244e-06
8.44 -0.000654544 -5.67779e-08 2.27272e-06
8.46 -0.000636546 -5.67779e-08 2.21023e-06
8.48 -0.000608528 -5.67779e-08 2.11294e-06
8.5 -0.000569976 -5.67779e-08 1.97908e-06
8.52 -0.000521251 -5.67779e-08 1.8099e-06
8.54 -0.000464398 -5.67779e-08 1.61249e-06
8.56 -0.000402399 -5.67779e-08 1.39722e-06
8.58 -0.00033776 -5.67779e-08 1.17278e-06
8.6 -0.000272309 -5.67779e-08 9.45517e-07
8.62 -0.000208041 -5.67779e-08 7.22365e-07
8.64 -0.000147313 -5.67779e-08 5.11502e-07
8.66 -9.19729e-05 -5.67779e-08 3.1935e-07
8.68 -4.27852e-05 -5.67779e-08 1.4856e-07
8.7 1.89267e-07 -5.67779e-08 -6.57178e-10
8.72 3.70742e-05 -5.67779e-08 -1.2873e-07
8.74 6.81763e-05 -5.67779e-08 -2.36723e-07
8.76 9.39666e-05 -5.67779e-08 -3.26273e-07
8.78 0.000114599 -5.67779e-08 -3.97912e-07
8.8 0.000129601 -5.67779e-08 -4.50005e-07
8.82 0.000138312 -5.67779e-08 -4.8025e-07
8.84 0.000140516 -5.67779e-08 -4.87904e-07
8.86 0.000136463 -5.67779e-08 -4.73829e-07
8.88 0.000126092 -5.67779e-08 -4.37818e-07
8.9 0.000108468 -5.67779e-08 -3.76626e-07
8.92 8.27118e-05 -5.67779e-08 -2.87194e-07
8.94 4.96702e-05 -5.67779e-08 -1.72466e-07
8.96 1.23886e-05 -5.67779e-08 -4.30159e-08
8.98 -2.53025e-05 -5.67779e-08 8.78559e-08
9 -6.10146e-05 -5.67779e-08 2.11856e-07
9.02 -9.44879e-05 -5.67779e-08 3.28083e-07
9.04 -0.000125871 -5.67779e-08 4.37051e-07
9.06 -0.000153996 -5.67779e-08 5.34708e-07
9.08 -0.000176738 -5.67779e-08 6.13674e-07
9.1 -0.000192519 -5.67779e-08 6.68468e-07
9.12 -0.000201238 -5.67779e-08 6.98743e-07
9.14 -0.000204352 -5.67779e-08 7.09556e-07
9.16 -0.000204401 -5.67779e-08 7.09725e-07
9.18 -0.000203569 -5.67779e-08 7.06837e-07
9.2 -0.0002018 -5.67779e-08 7.00695e-07
9.22 -0.000196679 -5.67779e-08 6.82913e-07
9.24 -0.000185178 -5.67779e-08 6.42978e-07
9.26 -0.000165017 -5.67779e-08 5.72975e-07
9.28 -0.000135023 -5.67779e-08 4.68829e-07
9.3 -9.53802e-05 -5.67779e-08 3.31181e-07
9.32 -4.7644e-05 -5.67779e-08 1.65431e-07
9.34 5.98985e-06 -5.67779e-08 -2.07981e-08
9.36 6.37678e-05 -5.67779e-08 -2.21416e-07
9.38 0.000125152 -5.67779e-08 -4.34555e-07
9.4 0.000190424 -5.67779e-08 -6.61195e-07
9.42 0.000258825 -5.67779e-08 -8.98697e-07
9.44 0.000327126 -5.67779e-08 -1.13585e-06
9.46 0.000390672 -5.67779e-08 -1.3565e-06
9.48 0.000445665 -5.67779e-08 -1.54745e-06
9.5 0.000490191 -5.67779e-08 -1.70205e-06
9.52 0.000523966 -5.67779e-08 -1.81933e-06
9.54 0.000548143 -5.67779e-08 -1.90327e-06
9.56 0.000565126 -5.67779e-08 -1.96224e-06
9.58 0.00057796 -5.67779e-08 -2.00681e-06
9.6 0.00058925 -5.67779e-08 -2.04601e-06
9.62 0.000599538 -5.67779e-08 -2.08173e-06
9.64 0.00060611 -5.67779e-08 -2.10455e-06
9.66 0.000603501 -5.67779e-08 -2.09549e-06
9.68 0.000585521 -5.67779e-08 -2.03306e-06
9.7 0.000547816 -5.67779e-08 -1.90214e-06
9.72 0.000489475 -5.67779e-08 -1.69957e-06
9.74 0.000412246 -5.67779e-08 -1.43141e-06
9.76 0.000318197 -5.67779e-08 -1.10485e-06
9.78 0.000208857 -5.67779e-08 -7.25198e-07
9.8 8.71949e-05 -5.67779e-08 -3.0276e-07
9.82 -4.02903e-05 -5.67779e-08 1.39897e-07
9.84 -0.000164625 -5.67779e-08 5.71615e-07
9.86 -0.000277648 -5.67779e-08 9.64056e-07
9.88 -0.000374354 -5.67779e-08 1.29984e-06
9.9 -0.000453232 -5.67779e-08 1.57372e-06
9.92 -0.000515677 -5.67779e-08 1.79055e-06
9.94 -0.000565375 -5.67779e-08 1.96311e-06
9.96 -0.000607449 -5.67779e-08 2.1092e-06
9.98 -0.000647127 -5.67779e-08 2.24697e-06
10 -0.000688407 -5.67779e-08 2.3903e-06
10.02 -0.000732953 -5.67779e-08 2.54498e-06
10.04 -0.000779838 -5.67779e-08 2.70777e-06
10.06 -0.000826578 -5.67779e-08 2.87006e-06
10.08 -0.00087049 -5.67779e-08 3.02253e-06
10.1 -0.000909277 -5.67779e-08 3.15721e-06
10.12 -0.000940971 -5.67779e-08 3.26726e-06
10.14 -0.00096351 -5.67779e-08 3.34552e-06
10.16 -0.000974165 -5.67779e-08 3.38252e-06
10.18 -0.000969923 -5.67779e-08 3.36779e-06
10.2 -0.000949466 -5.67779e-08 3.29676e-06
10.22 -0.000914669 -5.67779e-08 3.17593e-06
10.24 -0.00086912 -5.67779e-08 3.01778e-06
10.26 -0.000814933 -5.67779e-08 2.82963e-06
10.28 -0.000751606 -5.67779e-08 2.60974e-06
10.3 -0.000677681 -5.67779e-08 2.35306e-06
10.32 -0.000592542 -5.67779e-08 2.05744e-06
10.34 -0.000496928 -5.67779e-08 1.72544e-06
10.36 -0.000393013 -5.67779e-08 1.36463e-06
10.38 -0.000284197 -5.67779e-08 9.86796e-07
10.4 -0.000173958 -5.67779e-08 6.04022e-07
10.42 -6.44313e-05 -5.67779e-08 2.2372e-07
10.44 4.38398e-05 -5.67779e-08 -1.52221e-07
10.46 0.000151 -5.67779e-08 -5.24304e-07
10.48 0.000257039 -5.67779e-08 -8.92498e-07
10.5 0.000361521 -5.67779e-08 -1.25528e-06
10.52 0.000464012 -5.67779e-08 -1.61115e-06
10.54 0.00056461 -5.67779e-08 -1.96045e-06
10.56 0.000663071 -5.67779e-08 -2.30233e-06
10.58 0.000757805 -5.67779e-08 -2.63127e-06
10.6 0.000846989 -5.67779e-08 -2.94093e-06
10.62 0.000929853 -5.67779e-08 -3.22866e-06
10.64 0.00100525 -5.67779e-08 -3.49047e-06
10.66 0.00106951 -5.67779e-08 -3.71356e-06
10.68 0.0011169 -5.67779e-08 -3.87812e-06
10.7 0.00114271 -5.67779e-08 -3.96775e-06
10.72 0.00114589 -5.67779e-08 -3.97878e-06
10.74 0.00112903 -5.67779e-08 -3.92024e-06
10.76 0.00109596 -5.67779e-08 -3.80542e-06
10.78 0.00104911 -5.67779e-08 -3.64274e-06
10.8 0.000988422 -5.67779e-08 -3.43202e-06
10.82 0.000912834 -5.67779e-08 -3.16956e-06
10.84 0.000822959 -5.67779e-08 -2.8575e-06
10.86 0.00072207 -5.67779e-08 -2.50719e-06
10.88 0.000614666 -5.67779e-08 -2.13426e-06
10.9 0.000504475 -5.67779e-08 -1.75165e-06
10.92 0.000393025 -5.67779e-08 -1.36467e-06
10.94 0.000279327 -5.67779e-08 -9.69886e-07
10.96 0.000161308 -5.67779e-08 -5.60096e-07
10.98 3.84085e-05 -5.67779e-08 -1.33363e-07
11 -8.66955e-05 -5.67779e-08 3.01026e-07
11.02 -0.000208917 -5.67779e-08 7.25405e-07
11.04 -0.000323526 -5.67779e-08 1.12335e-06
11.06 -0.000428819 -5.67779e-08 1.48896e-06
11.08 -0.000526695 -5.67779e-08 1.8288e-06
11.1 -0.000620765 -5.67779e-08 2.15543e-06
11.12 -0.000713432 -5.67779e-08 2.47719e-06
11.14 -0.000803587 -5.67779e-08 2.79023e-06
11.16 -0.000886458 -5.67779e-08 3.07798e-06
11.18 -0.00095659 -5.67779e-08 3.32149e-06
11.2 -0.0010116 -5.67779e-08 3.5125e-06
11.22 -0.00105263 -5.67779e-08 3.65497e-06
11.24 -0.00108184 -5.67779e-08 3.75637e-06
11.26 -0.00110041 -5.67779e-08 3.82088e-06
11.28 -0.00110831 -5.67779e-08 3.84829e-06
11.3 -0.00110468 -5.67779e-08 3.83569e-06
11.32 -0.0010885 -5.67779e-08 3.77951e-06
11.34 -0.00105901 -5.67779e-08 3.67713e-06
11.36 -0.00101588 -5.67779e-08 3.52736e-06
11.38 -0.000959058 -5.67779e-08 3.33006e-06
11.4 -0.000888772 -5.67779e-08 3.08601e-06
11.42 -0.000805623 -5.67779e-08 2.7973e-06
11.44 -0.0007106 -5.67779e-08 2.46736e-06
11.46 -0.000604936 -5.67779e-08 2.10047e-06
11.48 -0.000489992 -5.67779e-08 1.70136e-06
11.5 -0.000367224 -5.67779e-08 1.27508e-06
11.52 -0.000238184 -5.67779e-08 8.27028e-07
11.54 -0.000104445 -5.67779e-08 3.62655e-07
11.56 3.26239e-05 -5.67779e-08 -1.13278e-07
11.58 0.00017221 -5.67779e-08 -5.9795e-07
11.6 0.000314149 -5.67779e-08 -1.09079e-06
11.62 0.000458108 -5.67779e-08 -1.59065e-06
11.64 0.000602203 -5.67779e-08 -2.09098e-06
11.66 0.000742391 -5.67779e-08 -2.57775e-06
11.68 0.000873073 -5.67779e-08 -3.0315e-06
11.7 0.000988783 -5.67779e-08 -3.43327e-06
11.72 0.0010866 -5.67779e-08 -3.77292e-06
11.74 0.00116707 -5.67779e-08 -4.05231e-06
11.76 0.0012327 -5.67779e-08 -4.28022e-06
11.78 0.00128617 -5.67779e-08 -4.46588e-06
11.8 0.00132894 -5.67779e-08 -4.61439e-06
11.82 0.00136002 -5.67779e-08 -4.7223e-06
11.84 0.00137562 -5.67779e-08 -4.77645e-06
11.86 0.00137084 -5.67779e-08 -4.75987e-06
11.88 0.00134252 -5.67779e-08 -4.66151e-06
11.9 0.00129052 -5.67779e-08 -4.48096e-06
11.92 0.00121702 -5.67779e-08 -4.22576e-06
11.94 0.00112581 -5.67779e-08 -3.90907e-06
11.96 0.00102274 -5.67779e-08 -3.55118e-06
11.98 0.000915068 -5.67779e-08 -3.17732e-06
12 0.000808607 -5.67779e-08 -2.80766e-06
12.02 0.000705035 -5.67779e-08 -2.44804e-06
12.04 0.000602242 -5.67779e-08 -2.09112e-06
12.06 0.000496613 -5.67779e-08 -1.72435e-06
12.08 0.000384144 -5.67779e-08 -1.33383e-06
12.1 0.000260628 -5.67779e-08 -9.0496e-07
12.12 0.00012364 -5.67779e-08 -4.29304e-07
12.14 -2.42043e-05 -5.67779e-08 8.40429e-08
12.16 -0.000175382 -5.67779e-08 6.08965e-07
12.18 -0.00032164 -5.67779e-08 1.1168e-06
12.2 -0.000457673 -5.67779e-08 1.58914e-06
12.22 -0.000582245 -5.67779e-08 2.02168e-06
12.24 -0.000696637 -5.67779e-08 2.41888e-06
12.26 -0.000801234 -5.67779e-08 2.78206e-06
12.28 -0.00089423 -5.67779e-08 3.10497e-06
12.3 -0.000973758 -5.67779e-08 3.3811e-06
12.32 -0.00103922 -5.67779e-08 3.6084e-06
12.34 -0.00108977 -5.67779e-08 3.78391e-06
12.36 -0.00112301 -5.67779e-08 3.89935e-06
12.38 -0.00113644 -5.67779e-08 3.94596e-06
12.4 -0.00113005 -5.67779e-08 3.92379e-06
12.42 -0.00110755 -5.67779e-08 3.84566e-06
12.44 -0.00107423 -5.67779e-08 3.72997e-06
12.46 -0.00103319 -5.67779e-08 3.58747e-06
12.48 -0.000983419 -5.67779e-08 3.41465e-06
12.5 -0.000921413 -5.67779e-08 3.19935e-06
12.52 -0.000843976 -5.67779e-08 2.93047e-06
12.54 -0.000750022 -5.67779e-08 2.60424e-06
12.56 -0.000641103 -5.67779e-08 2.22605e-06
12.58 -0.000520948 -5.67779e-08 1.80885e-06
12.6 -0.000394351 -5.67779e-08 1.36928e-06
12.62 -0.000265486 -5.67779e-08 9.21828e-07
12.64 -0.000136021 -5.67779e-08 4.72297e-07
12.66 -4.73756e-06 -5.67779e-08 1.64499e-08
12.68 0.000130877 -5.67779e-08 -4.54433e-07
12.7 0.000272601 -5.67779e-08 -9.46533e-07
12.72 0.00042008 -5.67779e-08 -1.45861e-06
12.74 0.000570169 -5.67779e-08 -1.97975e-06
12.76 0.000716701 -5.67779e-08 -2.48855e-06
12.78 0.000851145 -5.67779e-08 -2.95537e-06
12.8 0.000965226 -5.67779e-08 -3.35148e-06
12.82 0.00105362 -5.67779e-08 -3.65839e-06
12.84 0.00111443 -5.67779e-08 -3.86956e-06
12.86 0.0011486 -5.67779e-08 -3.98819e-06
12.88 0.00115907 -5.67779e-08 -4.02454e-06
12.9 0.0011498 -5.67779e-08 -3.99237e-06
12.92 0.00112477 -5.67779e-08 -3.90544e-06
12.94 0.00108755 -5.67779e-08 -3.7762e-06
12.96 0.00104156 -5.67779e-08 -3.61652e-06
12.98 0.000990434 -5.67779e-08 -3.43901e-06
13 0.000937695 -5.67779e-08 -3.25588e-06
13.02 0.000884995 -5.67779e-08 -3.0729e-06
13.04 0.000830705 -5.67779e-08 -2.88439e-06
13.06 0.000771451 -5.67779e-08 -2.67865e-06
13.08 0.000705171 -5.67779e-08 -2.44851e-06
13.1 0.000631954 -5.67779e-08 -2.19428e-06
13.12 0.000552487 -5.67779e-08 -1.91836e-06
13.14 0.000467152 -5.67779e-08 -1.62206e-06
13.16 0.000376995 -5.67779e-08 -1.30901e-06
13.18 0.000284424 -5.67779e-08 -9.87585e-07
13.2 0.00019183 -5.67779e-08 -6.66075e-07
13.22 9.95817e-05 -5.67779e-08 -3.4577e-07
13.24 6.03096e-06 -5.67779e-08 -2.09408e-08
13.26 -9.04019e-05 -5.67779e-08 3.13896e-07
13.28 -0.00018934 -5.67779e-08 6.57431e-07
13.3 -0.000288512 -5.67779e-08 1.00178e-06
13.32 -0.000385095 -5.67779e-08 1.33714e-06
13.34 -0.000476558 -5.67779e-08 1.65472e-06
13.36 -0.000560558 -5.67779e-08 1.94638e-06
13.38 -0.000635153 -5.67779e-08 2.20539e-06
13.4 -0.000699796 -5.67779e-08 2.42985e-06
13.42 -0.00075562 -5.67779e-08 2.62368e-06
13.44 -0.000804202 -5.67779e-08 2.79237e-06
13.46 -0.000846227 -5.67779e-08 2.93829e-06
13.48 -0.000881374 -5.67779e-08 3.06033e-06
13.5 -0.000908804 -5.67779e-08 3.15557e-06
13.52 -0.000927123 -5.67779e-08 3.21918e-06
13.54 -0.000933941 -5.67779e-08 3.24285e-06
13.56 -0.000925782 -5.67779e-08 3.21452e-06
13.58 -0.000898356 -5.67779e-08 3.11929e-06
13.6 -0.000847202 -5.67779e-08 2.94167e-06
13.62 -0.000769102 -5.67779e-08 2.67049e-06
13.64 -0.000663525 -5.67779e-08 2.30391e-06
13.66 -0.000532857 -5.67779e-08 1.8502e-06
13.68 -0.000381623 -5.67779e-08 1.32508e-06
13.7 -0.000215473 -5.67779e-08 7.4817e-07
13.72 -3.98944e-05 -5.67779e-08 1.38522e-07
13.74 0.000140852 -5.67779e-08 -4.8907e-07
13.76 0.000323599 -5.67779e-08 -1.12361e-06
13.78 0.000505382 -5.67779e-08 -1.7548e-06
13.8 0.000682836 -5.67779e-08 -2.37096e-06
13.82 0.000851988 -5.67779e-08 -2.95829e-06
13.84 0.00100841 -5.67779e-08 -3.50144e-06
13.86 0.00114778 -5.67779e-08 -3.98536e-06
13.88 0.00126643 -5.67779e-08 -4.39733e-06
13.9 0.00136184 -5.67779e-08 -4.72862e-06
13.92 0.00143309 -5.67779e-08 -4.97599e-06
13.94 0.00148065 -5.67779e-08 -5.14116e-06
13.96 0.00150538 -5.67779e-08 -5.227e-06
13.98 0.00150743 -5.67779e-08 -5.23412e-06
14 0.00148625 -5.67779e-08 -5.16057e-06
14.02 0.00144089 -5.67779e-08 -5.00308e-06
14.04 0.0013704 -5.67779e-08 -4.75834e-06
14.06 0.00127459 -5.67779e-08 -4.42565e-06
14.08 0.00115471 -5.67779e-08 -4.00941e-06
14.1 0.00101353 -5.67779e-08 -3.51919e-06
14.12 0.000855135 -5.67779e-08 -2.96922e-06
14.14 0.000685028 -5.67779e-08 -2.37857e-06
14.16 0.00051006 -5.67779e-08 -1.77104e-06
14.18 0.000337391 -5.67779e-08 -1.1715e-06
14.2 0.000172384 -5.67779e-08 -5.98555e-07
14.22 1.75383e-05 -5.67779e-08 -6.08968e-08
14.24 -0.000126272 -5.67779e-08 4.38444e-07
14.26 -0.000258105 -5.67779e-08 8.96197e-07
14.28 -0.000376639 -5.67779e-08 1.30777e-06
14.3 -0.000480676 -5.67779e-08 1.66901e-06
14.32 -0.000569363 -5.67779e-08 1.97696e-06
14.34 -0.000642127 -5.67779e-08 2.22961e-06
14.36 -0.000698728 -5.67779e-08 2.42614e-06
14.38 -0.000739515 -5.67779e-08 2.56776e-06
14.4 -0.000765702 -5.67779e-08 2.65869e-06
14.42 -0.000779152 -5.67779e-08 2.70539e-06
14.44 -0.000781614 -5.67779e-08 2.71394e-06
14.46 -0.000774247 -5.67779e-08 2.68836e-06
14.48 -0.000757733 -5.67779e-08 2.63102e-06
14.5 -0.000732208 -5.67779e-08 2.54239e-06
14.52 -0.00069691 -5.67779e-08 2.41983e-06
14.54 -0.000650327 -5.67779e-08 2.25808e-06
14.56 -0.000590853 -5.67779e-08 2.05157e-06
14.58 -0.000517435 -5.67779e-08 1.79665e-06
14.6 -0.000430337 -5.67779e-08 1.49423e-06
14.62 -0.000331863 -5.67779e-08 1.1523e-06
14.64 -0.000226053 -5.67779e-08 7.84905e-07
14.66 -0.000117437 -5.67779e-08 4.07767e-07
14.68 -9.78386e-06 -5.67779e-08 3.39717e-08
14.7 9.46412e-05 -5.67779e-08 -3.28615e-07
14.72 0.000194949 -5.67779e-08 -6.76906e-07
14.74 0.00029053 -5.67779e-08 -1.00878e-06
14.76 0.000379638 -5.67779e-08 -1.31819e-06
14.78 0.000458825 -5.67779e-08 -1.59314e-06
14.8 0.000523976 -5.67779e-08 -1.81936e-06
14.82 0.000571997 -5.67779e-08 -1.9861e-06
14.84 0.000601352 -5.67779e-08 -2.08803e-06
14.86 0.000611356 -5.67779e-08 -2.12276e-06
14.88 0.000601637 -5.67779e-08 -2.08902e-06
14.9 0.000572363 -5.67779e-08 -1.98737e-06
14.92 0.000524489 -5.67779e-08 -1.82114e-06
14.94 0.000459256 -5.67779e-08 -1.59464e-06
14.96 0.000377186 -5.67779e-08 -1.30967e-06
14.98 0.000277603 -5.67779e-08 -9.639e-07
15 0.000159179 -5.67779e-08 -5.52706e-07
15.02 2.07583e-05 -5.67779e-08 -7.20773e-08
15.04 -0.000138097 -5.67779e-08 4.79502e-07
15.06 -0.00031643 -5.67779e-08 1.09872e-06
15.08 -0.000511383 -5.67779e-08 1.77563e-06
15.1 -0.000718671 -5.67779e-08 2.49538e-06
15.12 -0.000933498 -5.67779e-08 3.24131e-06
15.14 -0.00115089 -5.67779e-08 3.99613e-06
15.16 -0.00136569 -5.67779e-08 4.74198e-06
15.18 -0.00157317 -5.67779e-08 5.46238e-06
15.2 -0.00177011 -5.67779e-08 6.14622e-06
15.22 -0.00195522 -5.67779e-08 6.78894e-06
15.24 -0.00212783 -5.67779e-08 7.38829e-06
15.26 -0.00228623 -5.67779e-08 7.93831e-06
15.28 -0.00242683 -5.67779e-08 8.4265e-06
15.3 -0.0025447 -5.67779e-08 8.83576e-06
15.32 -0.00263473 -5.67779e-08 9.14835e-06
15.34 -0.00269228 -5.67779e-08 9.34821e-06
15.36 -0.00271337 -5.67779e-08 9.42142e-06
15.38 -0.00269483 -5.67779e-08 9.35706e-06
15.4 -0.00263513 -5.67779e-08 9.14974e-06
15.42 -0.00253462 -5.67779e-08 8.80077e-06
15.44 -0.0023946 -5.67779e-08 8.31457e-06
15.46 -0.00221607 -5.67779e-08 7.69468e-06
15.48 -0.00199989 -5.67779e-08 6.94406e-06
15.5 -0.00174742 -5.67779e-08 6.06742e-06
15.52 -0.0014606 -5.67779e-08 5.07151e-06
15.54 -0.00114164 -5.67779e-08 3.96402e-06
15.56 -0.000792848 -5.67779e-08 2.75295e-06
15.58 -0.000417182 -5.67779e-08 1.44855e-06
15.6 -1.98067e-05 -5.67779e-08 6.87733e-08
15.62 0.000390684 -5.67779e-08 -1.35654e-06
15.64 0.000803553 -5.67779e-08 -2.79011e-06
15.66 0.0012086 -5.67779e-08 -4.19653e-06
15.68 0.00159733 -5.67779e-08 -5.54629e-06
15.7 0.00196235 -5.67779e-08 -6.81373e-06
15.72 0.00229677 -5.67779e-08 -7.9749e-06
15.74 0.00259421 -5.67779e-08 -9.00766e-06
15.76 0.00284917 -5.67779e-08 -9.89294e-06
15.78 0.00305759 -5.67779e-08 -1.06166e-05
15.8 0.00321701 -5.67779e-08 -1.11702e-05
15.82 0.00332628 -5.67779e-08 -1.15496e-05
15.84 0.0033851 -5.67779e-08 -1.17538e-05
15.86 0.00339414 -5.67779e-08 -1.17852e-05
15.88 0.00335514 -5.67779e-08 -1.16498e-05
15.9 0.00327048 -5.67779e-08 -1.13558e-05
15.92 0.00314244 -5.67779e-08 -1.09112e-05
15.94 0.00297265 -5.67779e-08 -1.03217e-05
15.96 0.00276259 -5.67779e-08 -9.59232e-06
15.98 0.00251474 -5.67779e-08 -8.73173e-06
16 0.00223334 -5.67779e-08 -7.75466e-06
16.02 0.00192401 -5.67779e-08 -6.68058e-06
16.04 0.00159233 -5.67779e-08 -5.52892e-06
16.06 0.0012429 -5.67779e-08 -4.31563e-06
16.08 0.000879591 -5.67779e-08 -3.05413e-06
16.1 0.000506538 -5.67779e-08 -1.75881e-06
16.12 0.000128973 -5.67779e-08 -4.47823e-07
16.14 -0.000246887 -5.67779e-08 8.57247e-07
16.16 -0.000614526 -5.67779e-08 2.13377e-06
16.18 -0.000967705 -5.67779e-08 3.36009e-06
16.2 -0.00130068 -5.67779e-08 4.51625e-06
16.22 -0.00160818 -5.67779e-08 5.58394e-06
16.24 -0.00188535 -5.67779e-08 6.54636e-06
16.26 -0.00212818 -5.67779e-08 7.38952e-06
16.28 -0.00233457 -5.67779e-08 8.10614e-06
16.3 -0.0025052 -5.67779e-08 8.69862e-06
16.32 -0.0026425 -5.67779e-08 9.17534e-06
16.34 -0.00274833 -5.67779e-08 9.54283e-06
16.36 -0.00282272 -5.67779e-08 9.8011e-06
16.38 -0.00286391 -5.67779e-08 9.94415e-06
16.4 -0.0028695 -5.67779e-08 9.96356e-06
16.42 -0.00283738 -5.67779e-08 9.852e-06
16.44 -0.00276635 -5.67779e-08 9.60537e-06
16.46 -0.00265648 -5.67779e-08 9.22388e-06
16.48 -0.00250902 -5.67779e-08 8.71189e-06
16.5 -0.00232596 -5.67779e-08 8.07626e-06
16.52 -0.0021095 -5.67779e-08 7.32465e-06
16.54 -0.00186173 -5.67779e-08 6.46432e-06
16.56 -0.00158456 -5.67779e-08 5.50193e-06
16.58 -0.00127994 -5.67779e-08 4.44424e-06
16.6 -0.000950071 -5.67779e-08 3.29886e-06
16.62 -0.00059753 -5.67779e-08 2.07476e-06
16.64 -0.00022616 -5.67779e-08 7.85279e-07
16.66 0.00015726 -5.67779e-08 -5.46043e-07
16.68 0.000542418 -5.67779e-08 -1.8834e-06
16.7 0.000917242 -5.67779e-08 -3.18487e-06
16.72 0.00127033 -5.67779e-08 -4.41086e-06
16.74 0.00159231 -5.67779e-08 -5.52885e-06
16.76 0.0018764 -5.67779e-08 -6.51526e-06
16.78 0.00211839 -5.67779e-08 -7.35551e-06
16.8 0.002316 -5.67779e-08 -8.04166e-06
16.82 0.00246797 -5.67779e-08 -8.56934e-06
16.84 0.00257367 -5.67779e-08 -8.93636e-06
16.86 0.00263338 -5.67779e-08 -9.14367e-06
16.88 0.00264832 -5.67779e-08 -9.19557e-06
16.9 0.00262009 -5.67779e-08 -9.09752e-06
16.92 0.00254999 -5.67779e-08 -8.85413e-06
16.94 0.00243935 -5.67779e-08 -8.46996e-06
16.96 0.00229017 -5.67779e-08 -7.95198e-06
16.98 0.00210558 -5.67779e-08 -7.31105e-06
17 0.00188969 -5.67779e-08 -6.56144e-06
17.02 0.0016471 -5.67779e-08 -5.7191e-06
17.04 0.00138221 -5.67779e-08 -4.79932e-06
17.06 0.00109872 -5.67779e-08 -3.81501e-06
17.08 0.000799789 -5.67779e-08 -2.77705e-06
17.1 0.000488429 -5.67779e-08 -1.69593e-06
17.12 0.000167822 -5.67779e-08 -5.82716e-07
17.14 -0.000158523 -5.67779e-08 5.50425e-07
17.16 -0.000486137 -5.67779e-08 1.68797e-06
17.18 -0.000809003 -5.67779e-08 2.80904e-06
17.2 -0.00111991 -5.67779e-08 3.88859e-06
17.22 -0.00141145 -5.67779e-08 4.90085e-06
17.24 -0.00167681 -5.67779e-08 5.82225e-06
17.26 -0.00191053 -5.67779e-08 6.63378e-06
17.28 -0.00210909 -5.67779e-08 7.32323e-06
17.3 -0.00227128 -5.67779e-08 7.88639e-06
17.32 -0.00239769 -5.67779e-08 8.32532e-06
17.34 -0.0024895 -5.67779e-08 8.64409e-06
17.36 -0.00254741 -5.67779e-08 8.84517e-06
17.38 -0.00257118 -5.67779e-08 8.92771e-06
17.4 -0.00255966 -5.67779e-08 8.88769e-06
17.42 -0.00251138 -5.67779e-08 8.72006e-06
17.44 -0.00242543 -5.67779e-08 8.42165e-06
17.46 -0.00230222 -5.67779e-08 7.99382e-06
17.48 -0.00214416 -5.67779e-08 7.445e-06
17.5 -0.00195543 -5.67779e-08 6.78969e-06
17.52 -0.00174058 -5.67779e-08 6.04367e-06
17.54 -0.00150358 -5.67779e-08 5.22075e-06
17.56 -0.00124822 -5.67779e-08 4.33408e-06
17.58 -0.000978674 -5.67779e-08 3.39817e-06
17.6 -0.000699583 -5.67779e-08 2.42911e-06
17.62 -0.000415743 -5.67779e-08 1.44355e-06
17.64 -0.00013187 -5.67779e-08 4.57883e-07
17.66 0.000147555 -5.67779e-08 -5.12344e-07
17.68 0.000418464 -5.67779e-08 -1.453e-06
17.7 0.000677459 -5.67779e-08 -2.35229e-06
17.72 0.000921899 -5.67779e-08 -3.20104e-06
17.74 0.00115017 -5.67779e-08 -3.99365e-06
17.76 0.00136254 -5.67779e-08 -4.73103e-06
17.78 0.00156092 -5.67779e-08 -5.41986e-06
17.8 0.00174661 -5.67779e-08 -6.06463e-06
17.82 0.00191809 -5.67779e-08 -6.66003e-06
17.84 0.00207085 -5.67779e-08 -7.19044e-06
17.86 0.00219923 -5.67779e-08 -7.63623e-06
17.88 0.00229895 -5.67779e-08 -7.98245e-06
17.9 0.00236815 -5.67779e-08 -8.22275e-06
17.92 0.00240679 -5.67779e-08 -8.3569e-06
17.94 0.00241547 -5.67779e-08 -8.38704e-06
17.96 0.00239516 -5.67779e-08 -8.31654e-06
17.98 0.00234696 -5.67779e-08 -8.14916e-06
18 0.00227152 -5.67779e-08 -7.88723e-06
18.02 0.00216895 -5.67779e-08 -7.53107e-06
18.04 0.00203923 -5.67779e-08 -7.08065e-06
18.06 0.00188271 -5.67779e-08 -6.53717e-06
18.08 0.00169996 -5.67779e-08 -5.90264e-06
18.1 0.00149145 -5.67779e-08 -5.17866e-06
18.12 0.00125797 -5.67779e-08 -4.36795e-06
18.14 0.0010017 -5.67779e-08 -3.47813e-06
18.16 0.000726531 -5.67779e-08 -2.52268e-06
18.18 0.00043723 -5.67779e-08 -1.51816e-06
18.2 0.000138892 -5.67779e-08 -4.82262e-07
18.22 -0.000162991 -5.67779e-08 5.65942e-07
18.24 -0.000462634 -5.67779e-08 1.60637e-06
18.26 -0.000754641 -5.67779e-08 2.62028e-06
18.28 -0.00103471 -5.67779e-08 3.59274e-06
18.3 -0.00129955 -5.67779e-08 4.51233e-06
18.32 -0.00154604 -5.67779e-08 5.36819e-06
18.34 -0.00177042 -5.67779e-08 6.14728e-06
18.36 -0.00196837 -5.67779e-08 6.83463e-06
18.38 -0.00213568 -5.67779e-08 7.41554e-06
18.4 -0.00226872 -5.67779e-08 7.8775e-06
18.42 -0.00236471 -5.67779e-08 8.21079e-06
18.44 -0.0024217 -5.67779e-08 8.40868e-06
18.46 -0.00243866 -5.67779e-08 8.46757e-06
18.48 -0.00241559 -5.67779e-08 8.38745e-06
18.5 -0.00235361 -5.67779e-08 8.17224e-06
18.52 -0.00225481 -5.67779e-08 7.82921e-06
18.54 -0.00212239 -5.67779e-08 7.36941e-06
18.56 -0.00196112 -5.67779e-08 6.80945e-06
18.58 -0.00177713 -5.67779e-08 6.17058e-06
18.6 -0.00157647 -5.67779e-08 5.47384e-06
18.62 -0.00136384 -5.67779e-08 4.73555e-06
18.64 -0.00114233 -5.67779e-08 3.96643e-06
18.66 -0.000913945 -5.67779e-08 3.17342e-06
18.68 -0.000680368 -5.67779e-08 2.36239e-06
18.7 -0.000443512 -5.67779e-08 1.53997e-06
18.72 -0.000205648 -5.67779e-08 7.14055e-07
18.74 3.07015e-05 -5.67779e-08 -1.06602e-07
18.76 0.000263084 -5.67779e-08 -9.13485e-07
18.78 0.00048962 -5.67779e-08 -1.70007e-06
18.8 0.000709399 -5.67779e-08 -2.46319e-06
18.82 0.000922183 -5.67779e-08 -3.20202e-06
18.84 0.00112729 -5.67779e-08 -3.91419e-06
18.86 0.00132249 -5.67779e-08 -4.59198e-06
18.88 0.00150401 -5.67779e-08 -5.22227e-06
18.9 0.00166737 -5.67779e-08 -5.78948e-06
18.92 0.00180846 -5.67779e-08 -6.27937e-06
18.94 0.00192434 -5.67779e-08 -6.68174e-06
18.96 0.00201319 -5.67779e-08 -6.99024e-06
18.98 0.00207366 -5.67779e-08 -7.20021e-06
19 0.00210458 -5.67779e-08 -7.30758e-06
19.02 0.00210508 -5.67779e-08 -7.3093e-06
19.04 0.00207505 -5.67779e-08 -7.20504e-06
19.06 0.00201563 -5.67779e-08 -6.99873e-06
19.08 0.00192914 -5.67779e-08 -6.6984e-06
19.1 0.00181856 -5.67779e-08 -6.31445e-06
19.12 0.00168705 -5.67779e-08 -5.85781e-06
19.14 0.00153749 -5.67779e-08 -5.33851e-06
19.16 0.00137219 -5.67779e-08 -4.76454e-06
19.18 0.00119294 -5.67779e-08 -4.14215e-06
19.2 0.00100142 -5.67779e-08 -3.47716e-06
19.22 0.000799253 -5.67779e-08 -2.77518e-06
19.24 0.0005875 -5.67779e-08 -2.03993e-06
19.26 0.000366483 -5.67779e-08 -1.27251e-06
19.28 0.000136495 -5.67779e-08 -4.7394e-07
19.3 -0.000100891 -5.67779e-08 3.50314e-07
19.32 -0.000342128 -5.67779e-08 1.18795e-06
19.34 -0.000582338 -5.67779e-08 2.02201e-06
19.36 -0.000816399 -5.67779e-08 2.83472e-06
19.38 -0.00103942 -5.67779e-08 3.60908e-06
19.4 -0.0012467 -5.67779e-08 4.32882e-06
19.42 -0.00143409 -5.67779e-08 4.97947e-06
19.44 -0.00159884 -5.67779e-08 5.55152e-06
19.46 -0.00174024 -5.67779e-08 6.04249e-06
19.48 -0.0018589 -5.67779e-08 6.45452e-06
19.5 -0.00195544 -5.67779e-08 6.78972e-06
19.52 -0.00202966 -5.67779e-08 7.04744e-06
19.54 -0.00208088 -5.67779e-08 7.22527e-06
19.56 -0.00210851 -5.67779e-08 7.3212e-06
19.58 -0.00211235 -5.67779e-08 7.33455e-06
19.6 -0.0020927 -5.67779e-08 7.26633e-06
19.62 -0.00205071 -5.67779e-08 7.12051e-06
19.64 -0.0019886 -5.67779e-08 6.90488e-06
19.66 -0.00190925 -5.67779e-08 6.62935e-06
19.68 -0.00181538 -5.67779e-08 6.3034e-06
19.7 -0.00170934 -5.67779e-08 5.93521e-06
19.72 -0.00159313 -5.67779e-08 5.53171e-06
19.74 -0.00146806 -5.67779e-08 5.09742e-06
19.76 -0.0013346 -5.67779e-08 4.63403e-06
19.78 -0.00119289 -5.67779e-08 4.14197e-06
19.8 -0.0010432 -5.67779e-08 3.62223e-06
19.82 -0.000886169 -5.67779e-08 3.07697e-06
19.84 -0.000722972 -5.67779e-08 2.51032e-06
19.86 -0.000555717 -5.67779e-08 1.92957e-06
19.88 -0.00038723 -5.67779e-08 1.34455e-06
19.9 -0.00022015 -5.67779e-08 7.64411e-07
19.92 -5.62513e-05 -5.67779e-08 1.95317e-07
19.94 0.000103354 -5.67779e-08 -3.58866e-07
19.96 0.00025753 -5.67779e-08 -8.942e-07
19.98 0.000404603 -5.67779e-08 -1.40487e-06
20 0.00054233 -5.67779e-08 -1.88309e-06
