0.1 0
0.2 0
0.3 0
0.4 0
0.5 0
0.6 0
0.7 0
0.8 0
0.9 0
1 0
0.02 3.37675e-10
0.04 1.49418e-09
0.06 3.39925e-09
0.08 5.80131e-09
0.1 8.62955e-09
0.12 1.18274e-08
0.14 1.53554e-08
0.16 1.9179e-08
0.18 2.32516e-08
0.2 2.75054e-08
0.22 3.18582e-08
0.24 3.62269e-08
0.26 4.05364e-08
0.28 4.47169e-08
0.3 4.86887e-08
0.32 5.23515e-08
0.34 5.56135e-08
0.36 5.84503e-08
0.38 6.09177e-08
0.4 6.30968e-08
0.42 6.50415e-08
0.44 6.67594e-08
0.46 6.81995e-08
0.48 6.92591e-08
0.5 6.98381e-08
0.52 6.98979e-08
0.54 6.94606e-08
0.56 6.85632e-08
0.58 6.72074e-08
0.6 6.53494e-08
0.62 6.29538e-08
0.64 6.00499e-08
0.66 5.67037e-08
0.68 5.29427e-08
0.7 4.8738e-08
0.72 4.40677e-08
0.74 3.89899e-08
0.76 3.36526e-08
0.78 2.82424e-08
0.8 2.29216e-08
0.82 1.77923e-08
0.84 1.28907e-08
0.86 8.21075e-09
0.88 3.73795e-09
0.9 -5.23036e-10
0.92 -4.53081e-09
0.94 -8.19638e-09
0.96 -1.13731e-08
0.98 -1.38503e-08
1 -1.54035e-08
1.02 -1.59932e-08
1.04 -1.59589e-08
1.06 -1.58174e-08
1.08 -1.57929e-08
1.1 -1.57018e-08
1.12 -1.52369e-08
1.14 -1.41783e-08
1.16 -1.24766e-08
1.18 -1.03502e-08
1.2 -8.16856e-09
1.22 -6.09641e-09
1.24 -3.93938e-09
1.26 -1.34321e-09
1.28 1.9773e-09
1.3 6.1777e-09
1.32 1.12009e-08
1.34 1.65721e-08
1.36 2.14881e-08
1.38 2.53652e-08
1.4 2.81367e-08
1.42 2.99016e-08
1.44 3.05322e-08
1.46 2.97636e-08
1.48 2.75618e-08
1.5 2.43148e-08
1.52 2.06526e-08
1.54 1.70922e-08
1.56 1.38427e-08
1.58 1.08848e-08
1.6 8.13455e-09
1.62 5.49362e-09
1.64 2.76237e-09
1.66 -4.06712e-10
1.68 -4.22429e-09
1.7 -8.35226e-09
1.72 -1.19755e-08
1.74 -1.43521e-08
1.76 -1.5367e-08
1.78 -1.57546e-08
1.8 -1.67186e-08
1.82 -1.91537e-08
1.84 -2.32589e-08
1.86 -2.8779e-08
1.88 -3.52147e-08
1.9 -4.17324e-08
1.92 -4.75104e-08
1.94 -5.24575e-08
1.96 -5.69093e-08
1.98 -6.05089e-08
2 -6.21064e-08
2.02 -6.09749e-08
2.04 -5.77772e-08
2.06 -5.39586e-08
2.08 -5.0103e-08
2.1 -4.50691e-08
2.12 -3.67671e-08
2.14 -2.38962e-08
2.16 -7.04673e-09
2.18 1.19641e-08
2.2 3.12746e-08
2.22 4.91481e-08
2.24 6.39922e-08
2.26 7.49197e-08
2.28 8.19943e-08
2.3 8.59862e-08
2.32 8.79842e-08
2.34 8.88509e-08
2.36 8.87326e-08
2.38 8.67189e-08
2.4 8.0899e-08
2.42 6.94686e-08
2.44 5.20876e-08
2.46 2.97306e-08
2.48 3.63779e-09
2.5 -2.44829e-08
2.52 -5.19356e-08
2.54 -7.65976e-08
2.56 -9.87871e-08
2.58 -1.20557e-07
2.6 -1.43586e-07
2.62 -1.68061e-07
2.64 -1.92817e-07
2.66 -2.15561e-07
2.68 -2.33395e-07
2.7 -2.44615e-07
2.72 -2.49975e-07
2.74 -2.51688e-07
2.76 -2.52004e-07
2.78 -2.52572e-07
2.8 -2.53896e-07
2.82 -2.55285e-07
2.84 -2.55601e-07
2.86 -2.53883e-07
2.88 -2.49405e-07
2.9 -2.41787e-07
2.92 -2.3133e-07
2.94 -2.19021e-07
2.96 -2.06042e-07
2.98 -1.93174e-07
3 -1.80283e-07
3.02 -1.66087e-07
3.04 -1.48781e-07
3.06 -1.27539e-07
3.08 -1.02625e-07
3.1 -7.3944e-08
3.12 -4.15154e-08
3.14 -7.2161e-09
3.16 2.63119e-08
3.18 5.82349e-08
3.2 8.96693e-08
3.22 1.21996e-07
3.24 1.55757e-07
3.26 1.90233e-07
3.28 2.23597e-07
3.3 2.54323e-07
3.32 2.82457e-07
3.34 3.08295e-07
3.36 3.30119e-07
3.38 3.45337e-07
3.4 3.53615e-07
3.42 3.57178e-07
3.44 3.58664e-07
3.46 3.59628e-07
3.48 3.59902e-07
3.5 3.57465e-07
3.52 3.49521e-07
3.54 3.3411e-07
3.56 3.10602e-07
3.58 2.79431e-07
3.6 2.42464e-07
3.62 2.03381e-07
3.64 1.66327e-07
3.66 1.32622e-07
3.68 9.87573e-08
3.7 5.93768e-08
3.72 1.28415e-08
3.74 -3.67649e-08
3.76 -8.2425e-08
3.78 -1.18321e-07
3.8 -1.42438e-07
3.82 -1.56302e-07
3.84 -1.62686e-07
3.86 -1.64483e-07
3.88 -1.6493e-07
3.9 -1.66252e-07
3.92 -1.6795e-07
3.94 -1.67849e-07
3.96 -1.64275e-07
3.98 -1.56677e-07
4 -1.45584e-07
4.02 -1.32619e-07
4.04 -1.19201e-07
4.06 -1.04721e-07
4.08 -8.68815e-08
4.1 -6.37408e-08
4.12 -3.48566e-08
4.14 -1.28423e-09
4.16 3.46649e-08
4.18 7.06058e-08
4.2 1.05858e-07
4.22 1.41533e-07
4.24 1.78695e-07
4.26 2.1694e-07
4.28 2.54656e-07
4.3 2.89766e-07
4.32 3.19666e-07
4.34 3.41435e-07
4.36 3.53364e-07
4.38 3.56056e-07
4.4 3.51724e-07
4.42 3.42627e-07
4.44 3.2933e-07
4.46 3.0976e-07
4.48 2.80746e-07
4.5 2.41153e-07
4.52 1.93054e-07
4.54 1.40079e-07
4.56 8.55737e-08
4.58 3.19314e-08
4.6 -1.97801e-08
4.62 -7.00365e-08
4.64 -1.20186e-07
4.66 -1.71042e-07
4.68 -2.21621e-07
4.7 -2.69498e-07
4.72 -3.13279e-07
4.74 -3.54094e-07
4.76 -3.93434e-07
4.78 -4.30445e-07
4.8 -4.62845e-07
4.82 -4.90257e-07
4.84 -5.15726e-07
4.86 -5.43577e-07
4.88 -5.75742e-07
4.9 -6.10008e-07
4.92 -6.41589e-07
4.94 -6.65914e-07
4.96 -6.7994e-07
4.98 -6.82317e-07
5 -6.73702e-07
5.02 -6.56461e-07
5.04 -6.33302e-07
5.06 -6.06149e-07
5.08 -5.75699e-07
5.1 -5.41097e-07
5.12 -5.00174e-07
5.14 -4.50849e-07
5.16 -3.93187e-07
5.18 -3.30537e-07
5.2 -2.68361e-07
5.22 -2.11603e-07
5.24 -1.62817e-07
5.26 -1.2231e-07
5.28 -8.90917e-08
5.3 -6.09786e-08
5.32 -3.47964e-08
5.34 -7.73516e-09
5.36 2.22938e-08
5.38 5.7979e-08
5.4 1.02332e-07
5.42 1.56153e-07
5.44 2.17212e-07
5.46 2.82396e-07
5.48 3.49517e-07
5.5 4.17007e-07
5.52 4.83063e-07
5.54 5.45451e-07
5.56 6.0159e-07
5.58 6.48567e-07
5.6 6.83429e-07
5.62 7.04752e-07
5.64 7.14966e-07
5.66 7.20014e-07
5.68 7.25448e-07
5.7 7.32843e-07
5.72 7.3959e-07
5.74 7.41272e-07
5.76 7.33847e-07
5.78 7.1434e-07
5.8 6.81118e-07
5.82 6.34622e-07
5.84 5.77594e-07
5.86 5.141e-07
5.88 4.48376e-07
5.9 3.84041e-07
5.92 3.22843e-07
5.94 2.63408e-07
5.96 2.01369e-07
5.98 1.30946e-07
6 4.73919e-08
6.02 -5.0741e-08
6.04 -1.6119e-07
6.06 -2.79431e-07
6.08 -4.00371e-07
6.1 -5.20177e-07
6.12 -6.38254e-07
6.14 -7.56927e-07
6.16 -8.7763e-07
6.18 -9.97508e-07
6.2 -1.11073e-06
6.22 -1.21231e-06
6.24 -1.2997e-06
6.26 -1.37238e-06
6.28 -1.43131e-06
6.3 -1.47766e-06
6.32 -1.51162e-06
6.34 -1.53265e-06
6.36 -1.54065e-06
6.38 -1.53485e-06
6.4 -1.51136e-06
6.42 -1.4646e-06
6.44 -1.39179e-06
6.46 -1.29466e-06
6.48 -1.1777e-06
6.5 -1.04622e-06
6.52 -9.05008e-07
6.54 -7.57839e-07
6.56 -6.07493e-07
6.58 -4.55301e-07
6.6 -3.00767e-07
6.62 -1.42592e-07
6.64 1.98893e-08
6.66 1.86667e-07
6.68 3.57817e-07
6.7 5.33595e-07
6.72 7.14021e-07
6.74 8.98374e-07
6.76 1.08388e-06
6.78 1.26415e-06
6.8 1.42921e-06
6.82 1.56745e-06
6.84 1.66843e-06
6.86 1.7258e-06
6.88 1.73875e-06
6.9 1.71061e-06
6.92 1.64625e-06
6.94 1.55078e-06
6.96 1.42929e-06
6.98 1.28571e-06
7 1.12183e-06
7.02 9.3801e-07
7.04 7.34854e-07
7.06 5.14364e-07
7.08 2.80684e-07
7.1 4.02519e-08
7.12 -1.98818e-07
7.14 -4.27591e-07
7.16 -6.36909e-07
7.18 -8.17894e-07
7.2 -9.62904e-07
7.22 -1.06744e-06
7.24 -1.13222e-06
7.26 -1.16385e-06
7.28 -1.17402e-06
7.3 -1.17722e-06
7.32 -1.18479e-06
7.34 -1.19783e-06
7.36 -1.20698e-06
7.38 -1.19892e-06
7.4 -1.16123e-06
7.42 -1.08334e-06
7.44 -9.58881e-07
7.46 -7.89292e-07
7.48 -5.83687e-07
7.5 -3.56087e-07
7.52 -1.24096e-07
7.54 9.3736e-08
7.56 2.85424e-07
7.58 4.51275e-07
7.6 6.00844e-07
7.62 7.4616e-07
7.64 8.98005e-07
7.66 1.06428e-06
7.68 1.24819e-06
7.7 1.4471e-06
7.72 1.65328e-06
7.74 1.8565e-06
7.76 2.0462e-06
7.78 2.21133e-06
7.8 2.34072e-06
7.82 2.42636e-06
7.84 2.46558e-06
7.86 2.46008e-06
7.88 2.41479e-06
7.9 2.33724e-06
7.92 2.23527e-06
7.94 2.11356e-06
7.96 1.97265e-06
7.98 1.81091e-06
8 1.62628e-06
8.02 1.41694e-06
8.04 1.18275e-06
8.06 9.28436e-07
8.08 6.64515e-07
8.1 4.02382e-07
8.12 1.48052e-07
8.14 -9.79976e-08
8.16 -3.35807e-07
8.18 -5.62419e-07
8.2 -7.72447e-07
8.22 -9.59719e-07
8.24 -1.11774e-06
8.26 -1.24114e-06
8.28 -1.32953e-06
8.3 -1.38968e-06
8.32 -1.43247e-06
8.34 -1.46692e-06
8.36 -1.49677e-06
8.38 -1.52091e-06
8.4 -1.53538e-06
8.42 -1.53496e-06
8.44 -1.51515e-06
8.46 -1.47349e-06
8.48 -1.40863e-06
8.5 -1.31939e-06
8.52 -1.2066e-06
8.54 -1.075e-06
8.56 -9.31479e-07
8.58 -7.81852e-07
8.6 -6.30345e-07
8.62 -4.81577e-07
8.64 -3.41001e-07
8.66 -2.129e-07
8.68 -9.90399e-08
8.7 4.38119e-10
8.72 8.58198e-08
8.74 1.57815e-07
8.76 2.17515e-07
8.78 2.65275e-07
8.8 3.00003e-07
8.82 3.20167e-07
8.84 3.25269e-07
8.86 3.15886e-07
8.88 2.91878e-07
8.9 2.51084e-07
8.92 1.91462e-07
8.94 1.14977e-07
8.96 2.86773e-08
8.98 -5.85706e-08
9 -1.41238e-07
9.02 -2.18722e-07
9.04 -2.91368e-07
9.06 -3.56472e-07
9.08 -4.09116e-07
9.1 -4.45645e-07
9.12 -4.65829e-07
9.14 -4.73037e-07
9.16 -4.7315e-07
9.18 -4.71224e-07
9.2 -4.6713e-07
9.22 -4.55276e-07
9.24 -4.28652e-07
9.26 -3.81984e-07
9.28 -3.12553e-07
9.3 -2.20788e-07
9.32 -1.10287e-07
9.34 1.38654e-08
9.36 1.47611e-07
9.38 2.89703e-07
9.4 4.40797e-07
9.42 5.99132e-07
9.44 7.57236e-07
9.46 9.04333e-07
9.48 1.03163e-06
9.5 1.1347e-06
9.52 1.21289e-06
9.54 1.26885e-06
9.56 1.30816e-06
9.58 1.33787e-06
9.6 1.364e-06
9.62 1.38782e-06
9.64 1.40303e-06
9.66 1.39699e-06
9.68 1.35537e-06
9.7 1.26809e-06
9.72 1.13305e-06
9.74 9.54274e-07
9.76 7.36566e-07
9.78 4.83465e-07
9.8 2.0184e-07
9.82 -9.32646e-08
9.84 -3.81077e-07
9.86 -6.42704e-07
9.88 -8.66559e-07
9.9 -1.04915e-06
9.92 -1.1937e-06
9.94 -1.30874e-06
9.96 -1.40613e-06
9.98 -1.49798e-06
10 -1.59353e-06
10.02 -1.69665e-06
10.04 -1.80518e-06
10.06 -1.91338e-06
10.08 -2.01502e-06
10.1 -2.10481e-06
10.12 -2.17817e-06
10.14 -2.23035e-06
10.16 -2.25501e-06
10.18 -2.24519e-06
10.2 -2.19784e-06
10.22 -2.11729e-06
10.24 -2.01185e-06
10.26 -1.88642e-06
10.28 -1.73983e-06
10.3 -1.56871e-06
10.32 -1.37163e-06
10.34 -1.1503e-06
10.36 -9.09752e-07
10.38 -6.57864e-07
10.4 -4.02681e-07
10.42 -1.49146e-07
10.44 1.01481e-07
10.46 3.49536e-07
10.48 5.94999e-07
10.5 8.36853e-07
10.52 1.0741e-06
10.54 1.30697e-06
10.56 1.53489e-06
10.58 1.75418e-06
10.6 1.96062e-06
10.62 2.15244e-06
10.64 2.32698e-06
10.66 2.47571e-06
10.68 2.58541e-06
10.7 2.64516e-06
10.72 2.65252e-06
10.74 2.61349e-06
10.76 2.53695e-06
10.78 2.42849e-06
10.8 2.28801e-06
10.82 2.11304e-06
10.84 1.905e-06
10.86 1.67146e-06
10.88 1.42284e-06
10.9 1.16777e-06
10.92 9.0978e-07
10.94 6.46591e-07
10.96 3.73398e-07
10.98 8.89086e-08
11 -2.00684e-07
11.02 -4.83604e-07
11.04 -7.48903e-07
11.06 -9.92637e-07
11.08 -1.2192e-06
11.1 -1.43696e-06
11.12 -1.65146e-06
11.14 -1.86016e-06
11.16 -2.05199e-06
11.18 -2.21433e-06
11.2 -2.34167e-06
11.22 -2.43664e-06
11.24 -2.50425e-06
11.26 -2.54725e-06
11.28 -2.56553e-06
11.3 -2.55713e-06
11.32 -2.51967e-06
11.34 -2.45142e-06
11.36 -2.35157e-06
11.38 -2.22004e-06
11.4 -2.05734e-06
11.42 -1.86487e-06
11.44 -1.64491e-06
11.46 -1.40032e-06
11.48 -1.13424e-06
11.5 -8.50054e-07
11.52 -5.51352e-07
11.54 -2.4177e-07
11.56 7.55184e-08
11.58 3.98634e-07
11.6 7.27196e-07
11.62 1.06044e-06
11.64 1.39399e-06
11.66 1.7185e-06
11.68 2.021e-06
11.7 2.28885e-06
11.72 2.51528e-06
11.74 2.70154e-06
11.76 2.85348e-06
11.78 2.97725e-06
11.8 3.07626e-06
11.82 3.1482e-06
11.84 3.1843e-06
11.86 3.17325e-06
11.88 3.10768e-06
11.9 2.98731e-06
11.92 2.81717e-06
11.94 2.60605e-06
11.96 2.36746e-06
11.98 2.11821e-06
12 1.87178e-06
12.02 1.63203e-06
12.04 1.39408e-06
12.06 1.14957e-06
12.08 8.89223e-07
12.1 6.03307e-07
12.12 2.86203e-07
12.14 -5.60286e-08
12.16 -4.05977e-07
12.18 -7.44536e-07
12.2 -1.05943e-06
12.22 -1.34779e-06
12.24 -1.61259e-06
12.26 -1.85471e-06
12.28 -2.06998e-06
12.3 -2.25407e-06
12.32 -2.4056e-06
12.34 -2.52261e-06
12.36 -2.59957e-06
12.38 -2.63064e-06
12.4 -2.61586e-06
12.42 -2.56377e-06
12.44 -2.48665e-06
12.46 -2.39164e-06
12.48 -2.27643e-06
12.5 -2.1329e-06
12.52 -1.95365e-06
12.54 -1.73616e-06
12.56 -1.48404e-06
12.58 -1.2059e-06
12.6 -9.12851e-07
12.62 -6.14552e-07
12.64 -3.14864e-07
12.66 -1.09666e-08
12.68 3.02955e-07
12.7 6.31022e-07
12.72 9.72408e-07
12.74 1.31984e-06
12.76 1.65903e-06
12.78 1.97024e-06
12.8 2.23432e-06
12.82 2.43893e-06
12.84 2.57971e-06
12.86 2.65879e-06
12.88 2.68303e-06
12.9 2.66158e-06
12.92 2.60363e-06
12.94 2.51747e-06
12.96 2.41101e-06
12.98 2.29267e-06
13 2.17059e-06
13.02 2.0486e-06
13.04 1.92293e-06
13.06 1.78577e-06
13.08 1.63234e-06
13.1 1.46286e-06
13.12 1.2789e-06
13.14 1.08137e-06
13.16 8.72674e-07
13.18 6.5839e-07
13.2 4.4405e-07
13.22 2.30513e-07
13.24 1.39606e-08
13.26 -2.09264e-07
13.28 -4.38287e-07
13.3 -6.67851e-07
13.32 -8.91425e-07
13.34 -1.10314e-06
13.36 -1.29759e-06
13.38 -1.47026e-06
13.4 -1.6199e-06
13.42 -1.74912e-06
13.44 -1.86158e-06
13.46 -1.95886e-06
13.48 -2.04022e-06
13.5 -2.10371e-06
13.52 -2.14612e-06
13.54 -2.1619e-06
13.56 -2.14301e-06
13.58 -2.07953e-06
13.6 -1.96112e-06
13.62 -1.78033e-06
13.64 -1.53594e-06
13.66 -1.23347e-06
13.68 -8.83386e-07
13.7 -4.9878e-07
13.72 -9.2348e-08
13.74 3.26047e-07
13.76 7.49071e-07
13.78 1.16987e-06
13.8 1.58064e-06
13.82 1.97219e-06
13.84 2.33429e-06
13.86 2.6569e-06
13.88 2.93155e-06
13.9 3.15241e-06
13.92 3.31733e-06
13.94 3.42744e-06
13.96 3.48467e-06
13.98 3.48942e-06
14 3.44038e-06
14.02 3.33539e-06
14.04 3.17222e-06
14.06 2.95044e-06
14.08 2.67294e-06
14.1 2.34613e-06
14.12 1.97948e-06
14.14 1.58571e-06
14.16 1.1807e-06
14.18 7.80998e-07
14.2 3.99036e-07
14.22 4.05979e-08
14.24 -2.92296e-07
14.26 -5.97465e-07
14.28 -8.71848e-07
14.3 -1.11268e-06
14.32 -1.31797e-06
14.34 -1.4864e-06
14.36 -1.61743e-06
14.38 -1.71184e-06
14.4 -1.77246e-06
14.42 -1.80359e-06
14.44 -1.80929e-06
14.46 -1.79224e-06
14.48 -1.75401e-06
14.5 -1.69492e-06
14.52 -1.61322e-06
14.54 -1.50539e-06
14.56 -1.36772e-06
14.58 -1.19777e-06
14.6 -9.96151e-07
14.62 -7.68201e-07
14.64 -5.2327e-07
14.66 -2.71844e-07
14.68 -2.26478e-08
14.7 2.19077e-07
14.72 4.51271e-07
14.74 6.72523e-07
14.76 8.78791e-07
14.78 1.06209e-06
14.8 1.21291e-06
14.82 1.32407e-06
14.84 1.39202e-06
14.86 1.41518e-06
14.88 1.39268e-06
14.9 1.32491e-06
14.92 1.2141e-06
14.94 1.06309e-06
14.96 8.73115e-07
14.98 6.426e-07
15 3.68471e-07
15.02 4.80515e-08
15.04 -3.19668e-07
15.06 -7.32477e-07
15.08 -1.18376e-06
15.1 -1.66359e-06
15.12 -2.16087e-06
15.14 -2.66409e-06
15.16 -3.16132e-06
15.18 -3.64159e-06
15.2 -4.09748e-06
15.22 -4.52596e-06
15.24 -4.92553e-06
15.26 -5.2922e-06
15.28 -5.61766e-06
15.3 -5.89051e-06
15.32 -6.0989e-06
15.34 -6.23214e-06
15.36 -6.28095e-06
15.38 -6.23804e-06
15.4 -6.09983e-06
15.42 -5.86718e-06
15.44 -5.54305e-06
15.46 -5.12978e-06
15.48 -4.62937e-06
15.5 -4.04494e-06
15.52 -3.38101e-06
15.54 -2.64268e-06
15.56 -1.8353e-06
15.58 -9.657e-07
15.6 -4.58489e-08
15.62 9.0436e-07
15.64 1.86008e-06
15.66 2.79769e-06
15.68 3.69752e-06
15.7 4.54248e-06
15.72 5.3166e-06
15.74 6.00511e-06
15.76 6.5953e-06
15.78 7.07774e-06
15.8 7.44679e-06
15.82 7.69972e-06
15.84 7.83587e-06
15.86 7.85681e-06
15.88 7.76652e-06
15.9 7.57056e-06
15.92 7.27417e-06
15.94 6.88112e-06
15.96 6.39488e-06
15.98 5.82115e-06
16 5.16977e-06
16.02 4.45372e-06
16.04 3.68595e-06
16.06 2.87709e-06
16.08 2.03609e-06
16.1 1.17254e-06
16.12 2.98549e-07
16.14 -5.71498e-07
16.16 -1.42251e-06
16.18 -2.24006e-06
16.2 -3.01083e-06
16.22 -3.72263e-06
16.24 -4.36424e-06
16.26 -4.92635e-06
16.28 -5.40409e-06
16.3 -5.79908e-06
16.32 -6.11689e-06
16.34 -6.36189e-06
16.36 -6.53407e-06
16.38 -6.62943e-06
16.4 -6.64237e-06
16.42 -6.568e-06
16.44 -6.40358e-06
16.46 -6.14925e-06
16.48 -5.80793e-06
16.5 -5.38417e-06
16.52 -4.8831e-06
16.54 -4.30955e-06
16.56 -3.66795e-06
16.58 -2.96283e-06
16.6 -2.19924e-06
16.62 -1.38317e-06
16.64 -5.2352e-07
16.66 3.64029e-07
16.68 1.2556e-06
16.7 2.12325e-06
16.72 2.94057e-06
16.74 3.6859e-06
16.76 4.34351e-06
16.78 4.90367e-06
16.8 5.36111e-06
16.82 5.71289e-06
16.84 5.95757e-06
16.86 6.09578e-06
16.88 6.13038e-06
16.9 6.06502e-06
16.92 5.90276e-06
16.94 5.64664e-06
16.96 5.30132e-06
16.98 4.87403e-06
17 4.37429e-06
17.02 3.81273e-06
17.04 3.19955e-06
17.06 2.54334e-06
17.08 1.85136e-06
17.1 1.13062e-06
17.12 3.88477e-07
17.14 -3.6695e-07
17.16 -1.12532e-06
17.18 -1.87269e-06
17.2 -2.59239e-06
17.22 -3.26724e-06
17.24 -3.8815e-06
17.26 -4.42252e-06
17.28 -4.88216e-06
17.3 -5.2576e-06
17.32 -5.55021e-06
17.34 -5.76273e-06
17.36 -5.89678e-06
17.38 -5.95181e-06
17.4 -5.92513e-06
17.42 -5.81338e-06
17.44 -5.61443e-06
17.46 -5.32921e-06
17.48 -4.96333e-06
17.5 -4.52646e-06
17.52 -4.02911e-06
17.54 -3.4805e-06
17.56 -2.88939e-06
17.58 -2.26545e-06
17.6 -1.61941e-06
17.62 -9.62369e-07
17.64 -3.05255e-07
17.66 3.41562e-07
17.68 9.68666e-07
17.7 1.56819e-06
17.72 2.13403e-06
17.74 2.66243e-06
17.76 3.15402e-06
17.78 3.61324e-06
17.8 4.04308e-06
17.82 4.44002e-06
17.84 4.79362e-06
17.86 5.09082e-06
17.88 5.32163e-06
17.9 5.48184e-06
17.92 5.57127e-06
17.94 5.59136e-06
17.96 5.54436e-06
17.98 5.43277e-06
18 5.25816e-06
18.02 5.02071e-06
18.04 4.72043e-06
18.06 4.35812e-06
18.08 3.93509e-06
18.1 3.45244e-06
18.12 2.91197e-06
18.14 2.31875e-06
18.16 1.68178e-06
18.18 1.01211e-06
18.2 3.21508e-07
18.22 -3.77295e-07
18.24 -1.07091e-06
18.26 -1.74685e-06
18.28 -2.39516e-06
18.3 -3.00822e-06
18.32 -3.57879e-06
18.34 -4.09819e-06
18.36 -4.55642e-06
18.38 -4.9437e-06
18.4 -5.25167e-06
18.42 -5.47386e-06
18.44 -5.60579e-06
18.46 -5.64504e-06
18.48 -5.59164e-06
18.5 -5.44816e-06
18.52 -5.21947e-06
18.54 -4.91294e-06
18.56 -4.53963e-06
18.58 -4.11372e-06
18.6 -3.64922e-06
18.62 -3.15703e-06
18.64 -2.64429e-06
18.66 -2.11561e-06
18.68 -1.57493e-06
18.7 -1.02665e-06
18.72 -4.76037e-07
18.74 7.10682e-08
18.76 6.0899e-07
18.78 1.13338e-06
18.8 1.64213e-06
18.82 2.13468e-06
18.84 2.60946e-06
18.86 3.06132e-06
18.88 3.48151e-06
18.9 3.85965e-06
18.92 4.18624e-06
18.94 4.45449e-06
18.96 4.66016e-06
18.98 4.80014e-06
19 4.87172e-06
19.02 4.87286e-06
19.04 4.80336e-06
19.06 4.66582e-06
19.08 4.4656e-06
19.1 4.20963e-06
19.12 3.90521e-06
19.14 3.55901e-06
19.16 3.17636e-06
19.18 2.76143e-06
19.2 2.31811e-06
19.22 1.85012e-06
19.24 1.35995e-06
19.26 8.4834e-07
19.28 3.1596e-07
19.3 -2.33543e-07
19.32 -7.91964e-07
19.34 -1.348e-06
19.36 -1.88981e-06
19.38 -2.40606e-06
19.4 -2.88588e-06
19.42 -3.31964e-06
19.44 -3.70101e-06
19.46 -4.02832e-06
19.48 -4.30302e-06
19.5 -4.52648e-06
19.52 -4.69829e-06
19.54 -4.81685e-06
19.56 -4.8808e-06
19.58 -4.8897e-06
19.6 -4.84422e-06
19.62 -4.74701e-06
19.64 -4.60325e-06
19.66 -4.41957e-06
19.68 -4.20226e-06
19.7 -3.95681e-06
19.72 -3.68781e-06
19.74 -3.39828e-06
19.76 -3.08936e-06
19.78 -2.76132e-06
19.8 -2.41482e-06
19.82 -2.05132e-06
19.84 -1.67355e-06
19.86 -1.28638e-06
19.88 -8.96366e-07
19.9 -5.09607e-07
19.92 -1.30211e-07
19.94 2.39244e-07
19.96 5.96133e-07
19.98 9.36581e-07
20 1.25539e-06
