0.1 0 200 0 -0 -200 0
0.2 0 400 0 -0 -400 0
0.3 0 600 0 -0 -600 0
0.4 0 800 0 -0 -800 0
0.5 0 1000 0 -0 -1000 0
0.6 0 1200 0 -0 -1200 0
0.7 0 1400 0 -0 -1400 0
0.8 0 1600 0 -0 -1600 0
0.9 0 1800 0 -0 -1800 0
1 0 2000 0 -0 -2000 0
0.02 -2.47804e-05 2000 0.0107051 2.47804e-05 -2000 0
0.04 -0.000109651 2000 0.0473693 0.000109651 -2000 2.08167e-17
0.06 -0.000249456 2000 0.107765 0.000249456 -2000 4.16334e-17
0.08 -0.000425732 2000 0.183916 0.000425732 -2000 4.16334e-17
0.1 -0.000633283 2000 0.273578 0.000633283 -2000 -2.77556e-17
0.12 -0.000867962 2000 0.374959 0.000867962 -2000 5.55112e-17
0.14 -0.00112686 2000 0.486803 0.00112686 -2000 0
0.16 -0.00140746 2000 0.608022 0.00140746 -2000 0
0.18 -0.00170633 2000 0.737133 0.00170633 -2000 -5.55112e-17
0.2 -0.00201849 2000 0.871989 0.00201849 -2000 -1.11022e-16
0.22 -0.00233793 2000 1.00998 0.00233793 -2000 -3.33067e-16
0.24 -0.00265853 2000 1.14848 0.00265853 -2000 0
0.26 -0.00297478 2000 1.28511 0.00297478 -2000 2.22045e-16
0.28 -0.00328157 2000 1.41764 0.00328157 -2000 2.22045e-16
0.3 -0.00357304 2000 1.54355 0.00357304 -2000 2.22045e-16
0.32 -0.00384184 2000 1.65967 0.00384184 -2000 0
0.34 -0.00408122 2000 1.76309 0.00408122 -2000 0
0.36 -0.0042894 2000 1.85302 0.0042894 -2000 -4.44089e-16
0.38 -0.00447047 2000 1.93124 0.00447047 -2000 -2.22045e-16
0.4 -0.00463039 2000 2.00033 0.00463039 -2000 0
0.42 -0.0047731 2000 2.06198 0.0047731 -2000 -2.22045e-16
0.44 -0.00489916 2000 2.11644 0.00489916 -2000 4.44089e-16
0.46 -0.00500485 2000 2.16209 0.00500485 -2000 -4.44089e-16
0.48 -0.0050826 2000 2.19569 0.0050826 -2000 0
0.5 -0.0051251 2000 2.21404 0.0051251 -2000 0
0.52 -0.00512949 2000 2.21594 0.00512949 -2000 2.22045e-16
0.54 -0.0050974 2000 2.20208 0.0050974 -2000 2.22045e-16
0.56 -0.00503154 2000 2.17362 0.00503154 -2000 0
0.58 -0.00493204 2000 2.13064 0.00493204 -2000 0
0.6 -0.00479569 2000 2.07174 0.00479569 -2000 2.22045e-16
0.62 -0.00461989 2000 1.99579 0.00461989 -2000 0
0.64 -0.00440679 2000 1.90373 0.00440679 -2000 0
0.66 -0.00416123 2000 1.79765 0.00416123 -2000 6.66134e-16
0.68 -0.00388522 2000 1.67841 0.00388522 -2000 0
0.7 -0.00357666 2000 1.54512 0.00357666 -2000 4.44089e-16
0.72 -0.00323393 2000 1.39706 0.00323393 -2000 0
0.74 -0.00286129 2000 1.23608 0.00286129 -2000 2.22045e-16
0.76 -0.00246961 2000 1.06687 0.00246961 -2000 -1.11022e-16
0.78 -0.00207258 2000 0.895354 0.00207258 -2000 1.11022e-16
0.8 -0.00168211 2000 0.726673 0.00168211 -2000 1.11022e-16
0.82 -0.00130569 2000 0.56406 0.00130569 -2000 5.55112e-17
0.84 -0.000945989 2000 0.408667 0.000945989 -2000 1.11022e-16
0.86 -0.000602549 2000 0.260301 0.000602549 -2000 0
0.88 -0.000274311 2000 0.118502 0.000274311 -2000 -2.77556e-17
0.9 3.83832e-05 2000 -0.0165815 -3.83832e-05 -2000 -2.77556e-17
0.92 0.000332495 2000 -0.143638 -0.000332495 -2000 -4.16334e-17
0.94 0.000601495 2000 -0.259846 -0.000601495 -2000 2.77556e-17
0.96 0.000834623 2000 -0.360557 -0.000834623 -2000 0
0.98 0.00101641 2000 -0.43909 -0.00101641 -2000 -1.11022e-16
1 0.00113039 2000 -0.48833 -0.00113039 -2000 -5.55112e-17
1.02 0.00117367 2000 -0.507025 -0.00117367 -2000 1.11022e-16
1.04 0.00117115 2000 -0.505938 -0.00117115 -2000 5.55112e-17
1.06 0.00116077 2000 -0.501451 -0.00116077 -2000 -5.55112e-17
1.08 0.00115897 2000 -0.500675 -0.00115897 -2000 -5.55112e-17
1.1 0.00115228 2000 -0.497785 -0.00115228 -2000 -5.55112e-17
1.12 0.00111817 2000 -0.483048 -0.00111817 -2000 0
1.14 0.00104048 2000 -0.449489 -0.00104048 -2000 0
1.16 0.000915602 2000 -0.39554 -0.000915602 -2000 -5.55112e-17
1.18 0.000759554 2000 -0.328127 -0.000759554 -2000 -5.55112e-17
1.2 0.000599453 2000 -0.258964 -0.000599453 -2000 -8.32667e-17
1.22 0.000447388 2000 -0.193272 -0.000447388 -2000 0
1.24 0.000289093 2000 -0.124888 -0.000289093 -2000 0
1.26 9.85719e-05 2000 -0.042583 -9.85719e-05 -2000 -1.04083e-17
1.28 -0.000145105 2000 0.0626852 0.000145105 -2000 0
1.3 -0.000453353 2000 0.195848 0.000453353 -2000 0
1.32 -0.000821981 2000 0.355096 0.000821981 -2000 2.77556e-17
1.34 -0.00121615 2000 0.525377 0.00121615 -2000 -5.55112e-17
1.36 -0.00157692 2000 0.681228 0.00157692 -2000 0
1.38 -0.00186144 2000 0.804141 0.00186144 -2000 -1.11022e-16
1.4 -0.00206482 2000 0.892003 0.00206482 -2000 -1.11022e-16
1.42 -0.00219434 2000 0.947956 0.00219434 -2000 -1.11022e-16
1.44 -0.00224062 2000 0.967949 0.00224062 -2000 -2.22045e-16
1.46 -0.00218422 2000 0.943582 0.00218422 -2000 2.22045e-16
1.48 -0.00202263 2000 0.873778 0.00202263 -2000 -1.11022e-16
1.5 -0.00178435 2000 0.770839 0.00178435 -2000 -1.11022e-16
1.52 -0.0015156 2000 0.65474 0.0015156 -2000 1.11022e-16
1.54 -0.00125432 2000 0.541866 0.00125432 -2000 0
1.56 -0.00101585 2000 0.438848 0.00101585 -2000 0
1.58 -0.000798784 2000 0.345075 0.000798784 -2000 1.11022e-16
1.6 -0.000596957 2000 0.257886 0.000596957 -2000 1.11022e-16
1.62 -0.000403152 2000 0.174161 0.000403152 -2000 4.16334e-17
1.64 -0.000202717 2000 0.0875739 0.000202717 -2000 0
1.66 2.98468e-05 2000 -0.0128938 -2.98468e-05 -2000 -1.04083e-17
1.68 0.000310001 2000 -0.133921 -0.000310001 -2000 -2.77556e-17
1.7 0.000612934 2000 -0.264787 -0.000612934 -2000 8.32667e-17
1.72 0.000878826 2000 -0.379653 -0.000878826 -2000 -2.22045e-16
1.74 0.00105324 2000 -0.454998 -0.00105324 -2000 -1.11022e-16
1.76 0.00112772 2000 -0.487173 -0.00112772 -2000 0
1.78 0.00115616 2000 -0.49946 -0.00115616 -2000 5.55112e-17
1.8 0.0012269 2000 -0.530021 -0.0012269 -2000 5.55112e-17
1.82 0.0014056 2000 -0.60722 -0.0014056 -2000 0
1.84 0.00170686 2000 -0.737365 -0.00170686 -2000 5.55112e-17
1.86 0.00211196 2000 -0.912366 -0.00211196 -2000 0
1.88 0.00258425 2000 -1.11639 -0.00258425 -2000 -4.44089e-16
1.9 0.00306255 2000 -1.32302 -0.00306255 -2000 1.11022e-16
1.92 0.00348657 2000 -1.5062 -0.00348657 -2000 0
1.94 0.00384962 2000 -1.66303 -0.00384962 -2000 2.22045e-16
1.96 0.00417632 2000 -1.80417 -0.00417632 -2000 4.44089e-16
1.98 0.00444047 2000 -1.91828 -0.00444047 -2000 2.22045e-16
2 0.00455771 2000 -1.96893 -0.00455771 -2000 0
2.02 0.00447467 2000 -1.93306 -0.00447467 -2000 0
2.04 0.00424001 2000 -1.83168 -0.00424001 -2000 2.22045e-16
2.06 0.00395977 2000 -1.71062 -0.00395977 -2000 2.22045e-16
2.08 0.00367683 2000 -1.58839 -0.00367683 -2000 -2.22045e-16
2.1 0.00330741 2000 -1.4288 -0.00330741 -2000 -2.22045e-16
2.12 0.00269817 2000 -1.16561 -0.00269817 -2000 1.11022e-16
2.14 0.00175363 2000 -0.757569 -0.00175363 -2000 1.11022e-16
2.16 0.000517127 2000 -0.223399 -0.000517127 -2000 8.32667e-17
2.18 -0.000877988 2000 0.379291 0.000877988 -2000 5.55112e-17
2.2 -0.0022951 2000 0.991484 0.0022951 -2000 4.44089e-16
2.22 -0.00360675 2000 1.55812 0.00360675 -2000 2.22045e-16
2.24 -0.00469609 2000 2.02871 0.00469609 -2000 -2.22045e-16
2.26 -0.00549802 2000 2.37514 0.00549802 -2000 -4.44089e-16
2.28 -0.00601719 2000 2.59943 0.00601719 -2000 -2.22045e-16
2.3 -0.00631013 2000 2.72598 0.00631013 -2000 -6.66134e-16
2.32 -0.00645675 2000 2.78932 0.00645675 -2000 -2.22045e-16
2.34 -0.00652036 2000 2.81679 0.00652036 -2000 0
2.36 -0.00651168 2000 2.81304 0.00651168 -2000 -2.22045e-16
2.38 -0.0063639 2000 2.7492 0.0063639 -2000 0
2.4 -0.00593681 2000 2.5647 0.00593681 -2000 6.66134e-16
2.42 -0.00509798 2000 2.20233 0.00509798 -2000 0
2.44 -0.00382247 2000 1.65131 0.00382247 -2000 -6.66134e-16
2.46 -0.00218179 2000 0.942534 0.00218179 -2000 -3.33067e-16
2.48 -0.000266961 2000 0.115327 0.000266961 -2000 -1.66533e-16
2.5 0.00179669 2000 -0.776168 -0.00179669 -2000 -1.11022e-16
2.52 0.00381132 2000 -1.64649 -0.00381132 -2000 -4.44089e-16
2.54 0.00562115 2000 -2.42834 -0.00562115 -2000 -4.44089e-16
2.56 0.00724953 2000 -3.1318 -0.00724953 -2000 0
2.58 0.00884715 2000 -3.82197 -0.00884715 -2000 -1.33227e-15
2.6 0.0105371 2000 -4.55202 -0.0105371 -2000 4.44089e-16
2.62 0.0123332 2000 -5.32795 -0.0123332 -2000 -4.44089e-16
2.64 0.01415 2000 -6.11278 -0.01415 -2000 0
2.66 0.015819 2000 -6.83382 -0.015819 -2000 0
2.68 0.0171278 2000 -7.3992 -0.0171278 -2000 8.88178e-16
2.7 0.0179512 2000 -7.75491 -0.0179512 -2000 1.77636e-15
2.72 0.0183445 2000 -7.92484 -0.0183445 -2000 -1.77636e-15
2.74 0.0184702 2000 -7.97913 -0.0184702 -2000 0
2.76 0.0184934 2000 -7.98917 -0.0184934 -2000 -1.77636e-15
2.78 0.0185351 2000 -8.00716 -0.0185351 -2000 8.88178e-16
2.8 0.0186322 2000 -8.04913 -0.0186322 -2000 1.77636e-15
2.82 0.0187342 2000 -8.09316 -0.0187342 -2000 0
2.84 0.0187574 2000 -8.10319 -0.0187574 -2000 -8.88178e-16
2.86 0.0186313 2000 -8.04871 -0.0186313 -2000 0
2.88 0.0183027 2000 -7.90675 -0.0183027 -2000 0
2.9 0.0177436 2000 -7.66524 -0.0177436 -2000 0
2.92 0.0169763 2000 -7.33375 -0.0169763 -2000 -2.66454e-15
2.94 0.0160729 2000 -6.9435 -0.0160729 -2000 -8.88178e-16
2.96 0.0151205 2000 -6.53206 -0.0151205 -2000 -1.77636e-15
2.98 0.0141761 2000 -6.12409 -0.0141761 -2000 0
3 0.0132302 2000 -5.71543 -0.0132302 -2000 -4.44089e-16
3.02 0.0121883 2000 -5.26536 -0.0121883 -2000 -8.88178e-16
3.04 0.0109184 2000 -4.71673 -0.0109184 -2000 4.44089e-16
3.06 0.00935947 2000 -4.04329 -0.00935947 -2000 0
3.08 0.0075312 2000 -3.25348 -0.0075312 -2000 -8.88178e-16
3.1 0.00542641 2000 -2.34421 -0.00542641 -2000 -6.66134e-16
3.12 0.00304662 2000 -1.31614 -0.00304662 -2000 3.33067e-16
3.14 0.000529557 2000 -0.228768 -0.000529557 -2000 2.77556e-16
3.16 -0.00193091 2000 0.834154 0.00193091 -2000 2.22045e-16
3.18 -0.00427359 2000 1.84619 0.00427359 -2000 6.66134e-16
3.2 -0.00658042 2000 2.84274 0.00658042 -2000 2.22045e-16
3.22 -0.00895273 2000 3.86758 0.00895273 -2000 1.33227e-15
3.24 -0.0114303 2000 4.9379 0.0114303 -2000 8.88178e-16
3.26 -0.0139603 2000 6.03085 0.0139603 -2000 8.88178e-16
3.28 -0.0164088 2000 7.08859 0.0164088 -2000 -8.88178e-16
3.3 -0.0186636 2000 8.06267 0.0186636 -2000 0
3.32 -0.0207282 2000 8.9546 0.0207282 -2000 -8.88178e-16
3.34 -0.0226243 2000 9.77371 0.0226243 -2000 -8.88178e-16
3.36 -0.0242259 2000 10.4656 0.0242259 -2000 2.66454e-15
3.38 -0.0253427 2000 10.948 0.0253427 -2000 2.66454e-15
3.4 -0.0259502 2000 11.2105 0.0259502 -2000 -1.77636e-15
3.42 -0.0262116 2000 11.3234 0.0262116 -2000 -2.66454e-15
3.44 -0.0263207 2000 11.3705 0.0263207 -2000 -1.77636e-15
3.46 -0.0263914 2000 11.4011 0.0263914 -2000 8.88178e-16
3.48 -0.0264116 2000 11.4098 0.0264116 -2000 3.55271e-15
3.5 -0.0262327 2000 11.3325 0.0262327 -2000 0
3.52 -0.0256497 2000 11.0807 0.0256497 -2000 -2.66454e-15
3.54 -0.0245188 2000 10.5921 0.0245188 -2000 0
3.56 -0.0227937 2000 9.84686 0.0227937 -2000 0
3.58 -0.0205062 2000 8.85866 0.0205062 -2000 8.88178e-16
3.6 -0.0177933 2000 7.6867 0.0177933 -2000 8.88178e-16
3.62 -0.0149252 2000 6.44769 0.0149252 -2000 8.88178e-16
3.64 -0.012206 2000 5.27297 0.012206 -2000 1.33227e-15
3.66 -0.00973254 2000 4.20446 0.00973254 -2000 4.44089e-16
3.68 -0.00724735 2000 3.13085 0.00724735 -2000 4.44089e-16
3.7 -0.00435739 2000 1.88239 0.00435739 -2000 -4.44089e-16
3.72 -0.000942382 2000 0.407109 0.000942382 -2000 -3.88578e-16
3.74 0.002698 2000 -1.16554 -0.002698 -2000 -5.55112e-16
3.76 0.00604879 2000 -2.61308 -0.00604879 -2000 -6.66134e-16
3.78 0.00868303 2000 -3.75107 -0.00868303 -2000 -8.88178e-16
3.8 0.0104529 2000 -4.51565 -0.0104529 -2000 4.44089e-16
3.82 0.0114703 2000 -4.95517 -0.0114703 -2000 4.44089e-16
3.84 0.0119388 2000 -5.15755 -0.0119388 -2000 1.33227e-15
3.86 0.0120706 2000 -5.21451 -0.0120706 -2000 0
3.88 0.0121034 2000 -5.22868 -0.0121034 -2000 0
3.9 0.0122005 2000 -5.27062 -0.0122005 -2000 1.33227e-15
3.92 0.0123251 2000 -5.32444 -0.0123251 -2000 1.33227e-15
3.94 0.0123177 2000 -5.32123 -0.0123177 -2000 1.77636e-15
3.96 0.0120554 2000 -5.20792 -0.0120554 -2000 4.44089e-16
3.98 0.0114978 2000 -4.96704 -0.0114978 -2000 4.44089e-16
4 0.0106837 2000 -4.61536 -0.0106837 -2000 0
4.02 0.00973228 2000 -4.20435 -0.00973228 -2000 -8.88178e-16
4.04 0.00874762 2000 -3.77897 -0.00874762 -2000 -4.44089e-16
4.06 0.00768502 2000 -3.31993 -0.00768502 -2000 0
4.08 0.00637584 2000 -2.75436 -0.00637584 -2000 6.66134e-16
4.1 0.00467765 2000 -2.02074 -0.00467765 -2000 2.22045e-16
4.12 0.00255797 2000 -1.10504 -0.00255797 -2000 0
4.14 9.42435e-05 2000 -0.0407132 -9.42435e-05 -2000 2.91434e-16
4.16 -0.0025439 2000 1.09897 0.0025439 -2000 2.22045e-16
4.18 -0.00518143 2000 2.23838 0.00518143 -2000 6.66134e-16
4.2 -0.00776843 2000 3.35596 0.00776843 -2000 0
4.22 -0.0103864 2000 4.48694 0.0103864 -2000 -4.44089e-16
4.24 -0.0131136 2000 5.66509 0.0131136 -2000 -1.33227e-15
4.26 -0.0159202 2000 6.87754 0.0159202 -2000 -8.88178e-16
4.28 -0.018688 2000 8.07322 0.018688 -2000 0
4.3 -0.0212646 2000 9.18631 0.0212646 -2000 0
4.32 -0.0234588 2000 10.1342 0.0234588 -2000 -2.66454e-15
4.34 -0.0250563 2000 10.8243 0.0250563 -2000 -1.77636e-15
4.36 -0.0259318 2000 11.2025 0.0259318 -2000 0
4.38 -0.0261293 2000 11.2879 0.0261293 -2000 0
4.4 -0.0258114 2000 11.1505 0.0258114 -2000 -2.66454e-15
4.42 -0.0251438 2000 10.8621 0.0251438 -2000 0
4.44 -0.024168 2000 10.4406 0.024168 -2000 8.88178e-16
4.46 -0.0227319 2000 9.82016 0.0227319 -2000 0
4.48 -0.0206027 2000 8.90036 0.0206027 -2000 -8.88178e-16
4.5 -0.0176971 2000 7.64517 0.0176971 -2000 8.88178e-16
4.52 -0.0141673 2000 6.12028 0.0141673 -2000 0
4.54 -0.0102798 2000 4.44087 0.0102798 -2000 -8.88178e-16
4.56 -0.00627986 2000 2.7129 0.00627986 -2000 2.22045e-16
4.58 -0.0023433 2000 1.0123 0.0023433 -2000 -6.66134e-16
4.6 0.00145157 2000 -0.627078 -0.00145157 -2000 -3.33067e-16
4.62 0.00513966 2000 -2.22033 -0.00513966 -2000 4.44089e-16
4.64 0.00881987 2000 -3.81019 -0.00881987 -2000 0
4.66 0.012552 2000 -5.42246 -0.012552 -2000 0
4.68 0.0162638 2000 -7.02594 -0.0162638 -2000 8.88178e-16
4.7 0.0197772 2000 -8.54376 -0.0197772 -2000 -8.88178e-16
4.72 0.0229901 2000 -9.93173 -0.0229901 -2000 1.77636e-15
4.74 0.0259854 2000 -11.2257 -0.0259854 -2000 0
4.76 0.0288723 2000 -12.4728 -0.0288723 -2000 3.55271e-15
4.78 0.0315884 2000 -13.6462 -0.0315884 -2000 0
4.8 0.0339661 2000 -14.6733 -0.0339661 -2000 5.32907e-15
4.82 0.0359777 2000 -15.5424 -0.0359777 -2000 1.77636e-15
4.84 0.0378468 2000 -16.3498 -0.0378468 -2000 3.55271e-15
4.86 0.0398906 2000 -17.2327 -0.0398906 -2000 -1.77636e-15
4.88 0.0422511 2000 -18.2525 -0.0422511 -2000 0
4.9 0.0447657 2000 -19.3388 -0.0447657 -2000 0
4.92 0.0470832 2000 -20.34 -0.0470832 -2000 0
4.94 0.0488684 2000 -21.1111 -0.0488684 -2000 1.77636e-15
4.96 0.0498977 2000 -21.5558 -0.0498977 -2000 0
4.98 0.0500721 2000 -21.6312 -0.0500721 -2000 1.77636e-15
5 0.0494399 2000 -21.358 -0.0494399 -2000 3.55271e-15
5.02 0.0481747 2000 -20.8115 -0.0481747 -2000 0
5.04 0.0464751 2000 -20.0772 -0.0464751 -2000 1.77636e-15
5.06 0.0444825 2000 -19.2164 -0.0444825 -2000 1.77636e-15
5.08 0.0422479 2000 -18.2511 -0.0422479 -2000 -3.55271e-15
5.1 0.0397086 2000 -17.1541 -0.0397086 -2000 -1.77636e-15
5.12 0.0367055 2000 -15.8568 -0.0367055 -2000 1.77636e-15
5.14 0.0330857 2000 -14.293 -0.0330857 -2000 1.77636e-15
5.16 0.0288542 2000 -12.465 -0.0288542 -2000 -1.77636e-15
5.18 0.0242566 2000 -10.4788 -0.0242566 -2000 -8.88178e-16
5.2 0.0196938 2000 -8.50771 -0.0196938 -2000 1.77636e-15
5.22 0.0155286 2000 -6.70834 -0.0155286 -2000 0
5.24 0.0119484 2000 -5.16171 -0.0119484 -2000 -4.44089e-16
5.26 0.00897574 2000 -3.87752 -0.00897574 -2000 1.33227e-15
5.28 0.00653803 2000 -2.82443 -0.00653803 -2000 2.22045e-16
5.3 0.00447494 2000 -1.93317 -0.00447494 -2000 -6.66134e-16
5.32 0.00255355 2000 -1.10313 -0.00255355 -2000 -1.11022e-16
5.34 0.000567648 2000 -0.245224 -0.000567648 -2000 1.38778e-16
5.36 -0.00163604 2000 0.70677 0.00163604 -2000 4.996e-16
5.38 -0.00425481 2000 1.83808 0.00425481 -2000 4.44089e-16
5.4 -0.00750965 2000 3.24417 0.00750965 -2000 8.88178e-16
5.42 -0.0114593 2000 4.95044 0.0114593 -2000 1.33227e-15
5.44 -0.0159402 2000 6.88615 0.0159402 -2000 -8.88178e-16
5.46 -0.0207237 2000 8.95266 0.0207237 -2000 -1.77636e-15
5.48 -0.0256495 2000 11.0806 0.0256495 -2000 -2.66454e-15
5.5 -0.0306022 2000 13.2202 0.0306022 -2000 -1.77636e-15
5.52 -0.0354498 2000 15.3143 0.0354498 -2000 -1.77636e-15
5.54 -0.0400282 2000 17.2922 0.0400282 -2000 -3.55271e-15
5.56 -0.0441479 2000 19.0719 0.0441479 -2000 -1.77636e-15
5.58 -0.0475954 2000 20.5612 0.0475954 -2000 0
5.6 -0.0501537 2000 21.6664 0.0501537 -2000 1.77636e-15
5.62 -0.0517185 2000 22.3424 0.0517185 -2000 3.55271e-15
5.64 -0.0524681 2000 22.6662 0.0524681 -2000 1.77636e-15
5.66 -0.0528385 2000 22.8262 0.0528385 -2000 1.77636e-15
5.68 -0.0532373 2000 22.9985 0.0532373 -2000 0
5.7 -0.05378 2000 23.233 0.05378 -2000 5.32907e-15
5.72 -0.0542751 2000 23.4468 0.0542751 -2000 1.77636e-15
5.74 -0.0543985 2000 23.5002 0.0543985 -2000 -1.77636e-15
5.76 -0.0538536 2000 23.2648 0.0538536 -2000 -3.55271e-15
5.78 -0.0524221 2000 22.6464 0.0524221 -2000 -1.77636e-15
5.8 -0.0499841 2000 21.5931 0.0499841 -2000 -1.77636e-15
5.82 -0.046572 2000 20.1191 0.046572 -2000 -1.77636e-15
5.84 -0.042387 2000 18.3112 0.042387 -2000 5.32907e-15
5.86 -0.0377274 2000 16.2982 0.0377274 -2000 0
5.88 -0.0329043 2000 14.2146 0.0329043 -2000 1.77636e-15
5.9 -0.028183 2000 12.1751 0.028183 -2000 3.55271e-15
5.92 -0.023692 2000 10.2349 0.023692 -2000 2.66454e-15
5.94 -0.0193303 2000 8.35071 0.0193303 -2000 0
5.96 -0.0147776 2000 6.38391 0.0147776 -2000 0
5.98 -0.00960953 2000 4.15132 0.00960953 -2000 0
6 -0.00347787 2000 1.50244 0.00347787 -2000 -4.44089e-16
6.02 0.00372365 2000 -1.60862 -0.00372365 -2000 -6.66134e-16
6.04 0.011829 2000 -5.11013 -0.011829 -2000 1.33227e-15
6.06 0.0205061 2000 -8.85865 -0.0205061 -2000 8.88178e-16
6.08 0.0293814 2000 -12.6928 -0.0293814 -2000 0
6.1 0.0381734 2000 -16.4909 -0.0381734 -2000 1.77636e-15
6.12 0.0468385 2000 -20.2342 -0.0468385 -2000 3.55271e-15
6.14 0.0555474 2000 -23.9965 -0.0555474 -2000 1.77636e-15
6.16 0.0644052 2000 -27.8231 -0.0644052 -2000 0
6.18 0.0732025 2000 -31.6235 -0.0732025 -2000 -3.55271e-15
6.2 0.0815117 2000 -35.213 -0.0815117 -2000 3.55271e-15
6.22 0.0889661 2000 -38.4334 -0.0889661 -2000 0
6.24 0.0953787 2000 -41.2036 -0.0953787 -2000 3.55271e-15
6.26 0.100713 2000 -43.508 -0.100713 -2000 1.42109e-14
6.28 0.105037 2000 -45.376 -0.105037 -2000 -3.55271e-15
6.3 0.108439 2000 -46.8456 -0.108439 -2000 -3.55271e-15
6.32 0.110931 2000 -47.9223 -0.110931 -2000 -3.55271e-15
6.34 0.112474 2000 -48.5889 -0.112474 -2000 -7.10543e-15
6.36 0.113062 2000 -48.8426 -0.113062 -2000 1.42109e-14
6.38 0.112636 2000 -48.6587 -0.112636 -2000 0
6.4 0.110912 2000 -47.9139 -0.110912 -2000 -3.55271e-15
6.42 0.10748 2000 -46.4314 -0.10748 -2000 0
6.44 0.102137 2000 -44.1233 -0.102137 -2000 7.10543e-15
6.46 0.0950088 2000 -41.0438 -0.0950088 -2000 1.06581e-14
6.48 0.0864258 2000 -37.3359 -0.0864258 -2000 3.55271e-15
6.5 0.0767773 2000 -33.1678 -0.0767773 -2000 0
6.52 0.0664144 2000 -28.691 -0.0664144 -2000 -3.55271e-15
6.54 0.0556144 2000 -24.0254 -0.0556144 -2000 -3.55271e-15
6.56 0.0445812 2000 -19.2591 -0.0445812 -2000 -3.55271e-15
6.58 0.0334124 2000 -14.4342 -0.0334124 -2000 3.55271e-15
6.6 0.0220719 2000 -9.53506 -0.0220719 -2000 0
6.62 0.0104642 2000 -4.52053 -0.0104642 -2000 0
6.64 -0.00145959 2000 0.630541 0.00145959 -2000 5.55112e-16
6.66 -0.0136986 2000 5.9178 0.0136986 -2000 1.77636e-15
6.68 -0.0262586 2000 11.3437 0.0262586 -2000 -8.88178e-16
6.7 -0.0391581 2000 16.9163 0.0391581 -2000 5.32907e-15
6.72 -0.0523987 2000 22.6362 0.0523987 -2000 8.88178e-15
6.74 -0.0659276 2000 28.4807 0.0659276 -2000 7.10543e-15
6.76 -0.0795411 2000 34.3618 0.0795411 -2000 0
6.78 -0.09277 2000 40.0767 0.09277 -2000 3.55271e-15
6.8 -0.104883 2000 45.3096 0.104883 -2000 0
6.82 -0.115028 2000 49.6922 0.115028 -2000 0
6.84 -0.122439 2000 52.8935 0.122439 -2000 -7.10543e-15
6.86 -0.126649 2000 54.7122 0.126649 -2000 0
6.88 -0.127599 2000 55.1226 0.127599 -2000 -7.10543e-15
6.9 -0.125534 2000 54.2306 0.125534 -2000 7.10543e-15
6.92 -0.120811 2000 52.1902 0.120811 -2000 -7.10543e-15
6.94 -0.113805 2000 49.1637 0.113805 -2000 7.10543e-15
6.96 -0.104889 2000 45.312 0.104889 -2000 -3.55271e-15
6.98 -0.0943523 2000 40.7602 0.0943523 -2000 0
7 -0.0823258 2000 35.5647 0.0823258 -2000 -3.55271e-15
7.02 -0.0688362 2000 29.7373 0.0688362 -2000 7.10543e-15
7.04 -0.0539276 2000 23.2967 0.0539276 -2000 -3.55271e-15
7.06 -0.0377468 2000 16.3066 0.0377468 -2000 0
7.08 -0.0205981 2000 8.89838 0.0205981 -2000 1.77636e-15
7.1 -0.0029539 2000 1.27609 0.0029539 -2000 -1.33227e-15
7.12 0.0145904 2000 -6.30303 -0.0145904 -2000 0
7.14 0.031379 2000 -13.5557 -0.031379 -2000 0
7.16 0.0467399 2000 -20.1916 -0.0467399 -2000 -5.32907e-15
7.18 0.0600215 2000 -25.9293 -0.0600215 -2000 0
7.2 0.0706631 2000 -30.5265 -0.0706631 -2000 0
7.22 0.0783343 2000 -33.8404 -0.0783343 -2000 0
7.24 0.0830884 2000 -35.8942 -0.0830884 -2000 0
7.26 0.0854097 2000 -36.897 -0.0854097 -2000 -3.55271e-15
7.28 0.0861562 2000 -37.2195 -0.0861562 -2000 7.10543e-15
7.3 0.086391 2000 -37.3209 -0.086391 -2000 -3.55271e-15
7.32 0.0869461 2000 -37.5607 -0.0869461 -2000 -3.55271e-15
7.34 0.0879033 2000 -37.9742 -0.0879033 -2000 1.06581e-14
7.36 0.0885745 2000 -38.2642 -0.0885745 -2000 0
7.38 0.0879831 2000 -38.0087 -0.0879831 -2000 -7.10543e-15
7.4 0.0852173 2000 -36.8139 -0.0852173 -2000 3.55271e-15
7.42 0.0795013 2000 -34.3446 -0.0795013 -2000 -3.55271e-15
7.44 0.0703679 2000 -30.3989 -0.0703679 -2000 0
7.46 0.0579225 2000 -25.0225 -0.0579225 -2000 -7.10543e-15
7.48 0.0428341 2000 -18.5043 -0.0428341 -2000 -1.77636e-15
7.5 0.0261316 2000 -11.2888 -0.0261316 -2000 1.77636e-15
7.52 0.00910684 2000 -3.93416 -0.00910684 -2000 3.10862e-15
7.54 -0.00687886 2000 2.97167 0.00687886 -2000 3.10862e-15
7.56 -0.0209459 2000 9.04865 0.0209459 -2000 0
7.58 -0.033117 2000 14.3066 0.033117 -2000 0
7.6 -0.0440932 2000 19.0483 0.0440932 -2000 0
7.62 -0.0547573 2000 23.6551 0.0547573 -2000 -7.10543e-15
7.64 -0.0659005 2000 28.469 0.0659005 -2000 7.10543e-15
7.66 -0.0781023 2000 33.7402 0.0781023 -2000 0
7.68 -0.0915986 2000 39.5706 0.0915986 -2000 -3.55271e-15
7.7 -0.106196 2000 45.8766 0.106196 -2000 -7.10543e-15
7.72 -0.121326 2000 52.413 0.121326 -2000 2.13163e-14
7.74 -0.13624 2000 58.8556 0.13624 -2000 7.10543e-15
7.76 -0.150161 2000 64.8697 0.150161 -2000 0
7.78 -0.162279 2000 70.1046 0.162279 -2000 -7.10543e-15
7.8 -0.171775 2000 74.2066 0.171775 -2000 0
7.82 -0.178059 2000 76.9216 0.178059 -2000 0
7.84 -0.180938 2000 78.165 0.180938 -2000 -2.13163e-14
7.86 -0.180534 2000 77.9908 0.180534 -2000 0
7.88 -0.17721 2000 76.5547 0.17721 -2000 -1.42109e-14
7.9 -0.171519 2000 74.0963 0.171519 -2000 0
7.92 -0.164036 2000 70.8637 0.164036 -2000 0
7.94 -0.155104 2000 67.005 0.155104 -2000 -7.10543e-15
7.96 -0.144764 2000 62.5381 0.144764 -2000 0
7.98 -0.132894 2000 57.4104 0.132894 -2000 1.42109e-14
8 -0.119345 2000 51.5571 0.119345 -2000 -7.10543e-15
8.02 -0.103982 2000 44.9204 0.103982 -2000 0
8.04 -0.0867966 2000 37.4961 0.0867966 -2000 0
8.06 -0.0681336 2000 29.4337 0.0681336 -2000 0
8.08 -0.0487657 2000 21.0668 0.0487657 -2000 0
8.1 -0.029529 2000 12.7565 0.029529 -2000 -3.55271e-15
8.12 -0.0108649 2000 4.69363 0.0108649 -2000 -4.44089e-15
8.14 0.0071916 2000 -3.10677 -0.0071916 -2000 -1.33227e-15
8.16 0.0246434 2000 -10.6459 -0.0246434 -2000 -8.88178e-16
8.18 0.0412733 2000 -17.8301 -0.0412733 -2000 0
8.2 0.0566863 2000 -24.4885 -0.0566863 -2000 7.10543e-15
8.22 0.0704294 2000 -30.4255 -0.0704294 -2000 3.55271e-15
8.24 0.0820257 2000 -35.4351 -0.0820257 -2000 -3.55271e-15
8.26 0.0910816 2000 -39.3472 -0.0910816 -2000 3.55271e-15
8.28 0.0975679 2000 -42.1493 -0.0975679 -2000 -7.10543e-15
8.3 0.101982 2000 -44.0563 -0.101982 -2000 -3.55271e-15
8.32 0.105122 2000 -45.4128 -0.105122 -2000 -1.06581e-14
8.34 0.107651 2000 -46.5052 -0.107651 -2000 -1.06581e-14
8.36 0.109841 2000 -47.4513 -0.109841 -2000 3.55271e-15
8.38 0.111613 2000 -48.2167 -0.111613 -2000 0
8.4 0.112675 2000 -48.6755 -0.112675 -2000 7.10543e-15
8.42 0.112644 2000 -48.6621 -0.112644 -2000 0
8.44 0.11119 2000 -48.0339 -0.11119 -2000 7.10543e-15
8.46 0.108132 2000 -46.7132 -0.108132 -2000 3.55271e-15
8.48 0.103373 2000 -44.6571 -0.103373 -2000 -1.06581e-14
8.5 0.0968239 2000 -41.8279 -0.0968239 -2000 3.55271e-15
8.52 0.0885468 2000 -38.2522 -0.0885468 -2000 0
8.54 0.078889 2000 -34.08 -0.078889 -2000 -1.06581e-14
8.56 0.068357 2000 -29.5302 -0.068357 -2000 -3.55271e-15
8.58 0.0573765 2000 -24.7867 -0.0573765 -2000 -3.55271e-15
8.6 0.0462581 2000 -19.9835 -0.0462581 -2000 -7.10543e-15
8.62 0.0353407 2000 -15.2672 -0.0353407 -2000 5.32907e-15
8.64 0.0250245 2000 -10.8106 -0.0250245 -2000 3.55271e-15
8.66 0.0156238 2000 -6.74947 -0.0156238 -2000 1.77636e-15
8.68 0.00726809 2000 -3.13981 -0.00726809 -2000 1.33227e-15
8.7 -3.21515e-05 2000 0.0138895 3.21515e-05 -2000 6.62664e-16
8.72 -0.00629792 2000 2.7207 0.00629792 -2000 6.66134e-16
8.74 -0.0115814 2000 5.00314 0.0115814 -2000 4.44089e-16
8.76 -0.0159625 2000 6.89578 0.0159625 -2000 8.88178e-16
8.78 -0.0194673 2000 8.40987 0.0194673 -2000 0
8.8 -0.0220159 2000 9.51086 0.0220159 -2000 0
8.82 -0.0234956 2000 10.1501 0.0234956 -2000 2.66454e-15
8.84 -0.02387 2000 10.3118 0.02387 -2000 3.55271e-15
8.86 -0.0231814 2000 10.0144 0.0231814 -2000 0
8.88 -0.0214196 2000 9.25328 0.0214196 -2000 2.66454e-15
8.9 -0.0184259 2000 7.95999 0.0184259 -2000 0
8.92 -0.0140506 2000 6.06984 0.0140506 -2000 -8.88178e-16
8.94 -0.00843767 2000 3.64507 0.00843767 -2000 0
8.96 -0.00210449 2000 0.909141 0.00210449 -2000 -4.44089e-16
8.98 0.00429823 2000 -1.85683 -0.00429823 -2000 -4.44089e-16
9 0.0103648 2000 -4.47758 -0.0103648 -2000 -8.88178e-16
9.02 0.016051 2000 -6.93403 -0.016051 -2000 0
9.04 0.0213821 2000 -9.23708 -0.0213821 -2000 1.77636e-15
9.06 0.0261599 2000 -11.3011 -0.0261599 -2000 1.77636e-15
9.08 0.0300232 2000 -12.97 -0.0300232 -2000 0
9.1 0.0327039 2000 -14.1281 -0.0327039 -2000 1.77636e-15
9.12 0.034185 2000 -14.7679 -0.034185 -2000 0
9.14 0.034714 2000 -14.9965 -0.034714 -2000 0
9.16 0.0347223 2000 -15 -0.0347223 -2000 0
9.18 0.034581 2000 -14.939 -0.034581 -2000 1.77636e-15
9.2 0.0342805 2000 -14.8092 -0.0342805 -2000 -1.77636e-15
9.22 0.0334106 2000 -14.4334 -0.0334106 -2000 -3.55271e-15
9.24 0.0314568 2000 -13.5893 -0.0314568 -2000 -3.55271e-15
9.26 0.028032 2000 -12.1098 -0.028032 -2000 -1.77636e-15
9.28 0.0229368 2000 -9.9087 -0.0229368 -2000 -1.77636e-15
9.3 0.0162026 2000 -6.99952 -0.0162026 -2000 0
9.32 0.00809347 2000 -3.49638 -0.00809347 -2000 2.66454e-15
9.34 -0.00101752 2000 0.439568 0.00101752 -2000 6.66134e-16
9.36 -0.0108325 2000 4.67962 0.0108325 -2000 8.88178e-16
9.38 -0.02126 2000 9.18432 0.02126 -2000 0
9.4 -0.0323481 2000 13.9744 0.0323481 -2000 1.77636e-15
9.42 -0.0439675 2000 18.994 0.0439675 -2000 0
9.44 -0.0555701 2000 24.0063 0.0555701 -2000 7.10543e-15
9.46 -0.0663649 2000 28.6696 0.0663649 -2000 0
9.48 -0.0757067 2000 32.7053 0.0757067 -2000 7.10543e-15
9.5 -0.0832705 2000 35.9729 0.0832705 -2000 3.55271e-15
9.52 -0.0890081 2000 38.4515 0.0890081 -2000 0
9.54 -0.0931151 2000 40.2257 0.0931151 -2000 3.55271e-15
9.56 -0.096 2000 41.472 0.096 -2000 -7.10543e-15
9.58 -0.0981803 2000 42.4139 0.0981803 -2000 3.55271e-15
9.6 -0.100098 2000 43.2424 0.100098 -2000 7.10543e-15
9.62 -0.101846 2000 43.9973 0.101846 -2000 -3.55271e-15
9.64 -0.102962 2000 44.4796 0.102962 -2000 0
9.66 -0.102519 2000 44.2882 0.102519 -2000 7.10543e-15
9.68 -0.0994646 2000 42.9687 0.0994646 -2000 -3.55271e-15
9.7 -0.0930595 2000 40.2017 0.0930595 -2000 -3.55271e-15
9.72 -0.083149 2000 35.9204 0.083149 -2000 0
9.74 -0.0700298 2000 30.2529 0.0700298 -2000 -3.55271e-15
9.76 -0.0540532 2000 23.351 0.0540532 -2000 -7.10543e-15
9.78 -0.0354793 2000 15.3271 0.0354793 -2000 -3.55271e-15
9.8 -0.0148121 2000 6.39884 0.0148121 -2000 1.77636e-15
9.82 0.00684426 2000 -2.95672 -0.00684426 -2000 -3.9968e-15
9.84 0.0279655 2000 -12.0811 -0.0279655 -2000 -3.55271e-15
9.86 0.0471651 2000 -20.3753 -0.0471651 -2000 -1.24345e-14
9.88 0.0635928 2000 -27.4721 -0.0635928 -2000 0
9.9 0.0769923 2000 -33.2607 -0.0769923 -2000 -1.06581e-14
9.92 0.0876 2000 -37.8432 -0.0876 -2000 -1.06581e-14
9.94 0.0960424 2000 -41.4903 -0.0960424 -2000 7.10543e-15
9.96 0.10319 2000 -44.5779 -0.10319 -2000 7.10543e-15
9.98 0.10993 2000 -47.4897 -0.10993 -2000 -3.55271e-15
10 0.116942 2000 -50.519 -0.116942 -2000 -7.10543e-15
10.02 0.124509 2000 -53.7881 -0.124509 -2000 -7.10543e-15
10.04 0.132474 2000 -57.2288 -0.132474 -2000 -7.10543e-15
10.06 0.140414 2000 -60.6588 -0.140414 -2000 0
10.08 0.147873 2000 -63.8812 -0.147873 -2000 -7.10543e-15
10.1 0.154462 2000 -66.7276 -0.154462 -2000 0
10.12 0.159846 2000 -69.0536 -0.159846 -2000 2.13163e-14
10.14 0.163675 2000 -70.7076 -0.163675 -2000 -7.10543e-15
10.16 0.165485 2000 -71.4895 -0.165485 -2000 -7.10543e-15
10.18 0.164764 2000 -71.1782 -0.164764 -2000 7.10543e-15
10.2 0.161289 2000 -69.6769 -0.161289 -2000 7.10543e-15
10.22 0.155378 2000 -67.1233 -0.155378 -2000 0
10.24 0.147641 2000 -63.7807 -0.147641 -2000 -7.10543e-15
10.26 0.138436 2000 -59.8042 -0.138436 -2000 7.10543e-15
10.28 0.127678 2000 -55.1569 -0.127678 -2000 7.10543e-15
10.3 0.11512 2000 -49.7319 -0.11512 -2000 0
10.32 0.100657 2000 -43.484 -0.100657 -2000 0
10.34 0.0844149 2000 -36.4673 -0.0844149 -2000 0
10.36 0.0667625 2000 -28.8414 -0.0667625 -2000 -3.55271e-15
10.38 0.0482776 2000 -20.8559 -0.0482776 -2000 -5.32907e-15
10.4 0.0295509 2000 -12.766 -0.0295509 -2000 1.77636e-15
10.42 0.0109452 2000 -4.72832 -0.0109452 -2000 3.10862e-15
10.44 -0.00744722 2000 3.2172 0.00744722 -2000 2.22045e-15
10.46 -0.0256509 2000 11.0812 0.0256509 -2000 3.55271e-15
10.48 -0.0436642 2000 18.8629 0.0436642 -2000 0
10.5 -0.0614128 2000 26.5303 0.0614128 -2000 7.10543e-15
10.52 -0.0788235 2000 34.0517 0.0788235 -2000 1.06581e-14
10.54 -0.0959123 2000 41.4341 0.0959123 -2000 3.55271e-15
10.56 -0.112638 2000 48.6598 0.112638 -2000 0
10.58 -0.128731 2000 55.6118 0.128731 -2000 7.10543e-15
10.6 -0.143881 2000 62.1566 0.143881 -2000 0
10.62 -0.157958 2000 68.2376 0.157958 -2000 -1.42109e-14
10.64 -0.170766 2000 73.771 0.170766 -2000 1.42109e-14
10.66 -0.181681 2000 78.4862 0.181681 -2000 0
10.68 -0.189732 2000 81.9641 0.189732 -2000 0
10.7 -0.194116 2000 83.8583 0.194116 -2000 1.42109e-14
10.72 -0.194656 2000 84.0915 0.194656 -2000 7.10543e-15
10.74 -0.191792 2000 82.8542 0.191792 -2000 2.13163e-14
10.76 -0.186175 2000 80.4276 0.186175 -2000 -7.10543e-15
10.78 -0.178216 2000 76.9893 0.178216 -2000 -1.42109e-14
10.8 -0.167907 2000 72.5358 0.167907 -2000 1.42109e-14
10.82 -0.155066 2000 66.9887 0.155066 -2000 0
10.84 -0.139799 2000 60.3932 0.139799 -2000 0
10.86 -0.122661 2000 52.9894 0.122661 -2000 7.10543e-15
10.88 -0.104416 2000 45.1075 0.104416 -2000 1.06581e-14
10.9 -0.085697 2000 37.0211 0.085697 -2000 3.55271e-15
10.92 -0.0667646 2000 28.8423 0.0667646 -2000 -3.55271e-15
10.94 -0.0474503 2000 20.4985 0.0474503 -2000 -1.77636e-15
10.96 -0.0274019 2000 11.8376 0.0274019 -2000 0
10.98 -0.00652459 2000 2.81862 0.00652459 -2000 -1.33227e-15
11 0.0147273 2000 -6.36218 -0.0147273 -2000 -8.88178e-16
11.02 0.0354894 2000 -15.3314 -0.0354894 -2000 -5.32907e-15
11.04 0.0549586 2000 -23.7421 -0.0549586 -2000 -1.77636e-15
11.06 0.0728451 2000 -31.4691 -0.0728451 -2000 0
11.08 0.0894716 2000 -38.6517 -0.0894716 -2000 7.10543e-15
11.1 0.105452 2000 -45.5551 -0.105452 -2000 0
11.12 0.121193 2000 -52.3555 -0.121193 -2000 0
11.14 0.136508 2000 -58.9716 -0.136508 -2000 0
11.16 0.150586 2000 -65.0531 -0.150586 -2000 0
11.18 0.162499 2000 -70.1998 -0.162499 -2000 0
11.2 0.171844 2000 -74.2367 -0.171844 -2000 7.10543e-15
11.22 0.178814 2000 -77.2477 -0.178814 -2000 7.10543e-15
11.24 0.183775 2000 -79.3909 -0.183775 -2000 7.10543e-15
11.26 0.186931 2000 -80.7542 -0.186931 -2000 -1.42109e-14
11.28 0.188272 2000 -81.3336 -0.188272 -2000 -1.42109e-14
11.3 0.187656 2000 -81.0674 -0.187656 -2000 0
11.32 0.184907 2000 -79.8799 -0.184907 -2000 0
11.34 0.179898 2000 -77.7161 -0.179898 -2000 1.42109e-14
11.36 0.172571 2000 -74.5508 -0.172571 -2000 -7.10543e-15
11.38 0.162919 2000 -70.3809 -0.162919 -2000 0
11.4 0.150979 2000 -65.2229 -0.150979 -2000 0
11.42 0.136854 2000 -59.121 -0.136854 -2000 -7.10543e-15
11.44 0.120712 2000 -52.1477 -0.120712 -2000 -7.10543e-15
11.46 0.102763 2000 -44.3935 -0.102763 -2000 0
11.48 0.0832367 2000 -35.9582 -0.0832367 -2000 -7.10543e-15
11.5 0.0623816 2000 -26.9488 -0.0623816 -2000 -3.55271e-15
11.52 0.0404612 2000 -17.4792 -0.0404612 -2000 0
11.54 0.0177424 2000 -7.66472 -0.0177424 -2000 8.88178e-16
11.56 -0.00554195 2000 2.39412 0.00554195 -2000 3.10862e-15
11.58 -0.0292539 2000 12.6377 0.0292539 -2000 0
11.6 -0.0533656 2000 23.0539 0.0533656 -2000 7.10543e-15
11.62 -0.0778205 2000 33.6185 0.0778205 -2000 0
11.64 -0.102298 2000 44.1929 0.102298 -2000 -1.06581e-14
11.66 -0.126113 2000 54.4807 0.126113 -2000 2.13163e-14
11.68 -0.148312 2000 64.0708 0.148312 -2000 1.42109e-14
11.7 -0.167968 2000 72.5623 0.167968 -2000 0
11.72 -0.184585 2000 79.7406 0.184585 -2000 -1.42109e-14
11.74 -0.198254 2000 85.6456 0.198254 -2000 -1.42109e-14
11.76 -0.209404 2000 90.4625 0.209404 -2000 7.10543e-15
11.78 -0.218487 2000 94.3863 0.218487 -2000 7.10543e-15
11.8 -0.225753 2000 97.5251 0.225753 -2000 0
11.82 -0.231032 2000 99.8059 0.231032 -2000 -1.42109e-14
11.84 -0.233681 2000 100.95 0.233681 -2000 0
11.86 -0.23287 2000 100.6 0.23287 -2000 -1.42109e-14
11.88 -0.228058 2000 98.5211 0.228058 -2000 0
11.9 -0.219225 2000 94.7051 0.219225 -2000 2.13163e-14
11.92 -0.206739 2000 89.3114 0.206739 -2000 7.10543e-15
11.94 -0.191246 2000 82.6182 0.191246 -2000 1.42109e-14
11.96 -0.173737 2000 75.0543 0.173737 -2000 -7.10543e-15
11.98 -0.155446 2000 67.1526 0.155446 -2000 0
12 -0.137361 2000 59.34 0.137361 -2000 0
12.02 -0.119767 2000 51.7393 0.119767 -2000 2.13163e-14
12.04 -0.102305 2000 44.1958 0.102305 -2000 3.55271e-15
12.06 -0.0843614 2000 36.4441 0.0843614 -2000 1.42109e-14
12.08 -0.065256 2000 28.1906 0.065256 -2000 0
12.1 -0.0442739 2000 19.1263 0.0442739 -2000 0
12.12 -0.0210031 2000 9.07334 0.0210031 -2000 1.77636e-15
12.14 0.00411168 2000 -1.77625 -0.00411168 -2000 -1.9984e-15
12.16 0.0297928 2000 -12.8705 -0.0297928 -2000 -3.55271e-15
12.18 0.0546381 2000 -23.6037 -0.0546381 -2000 -1.42109e-14
12.2 0.0777465 2000 -33.5865 -0.0777465 -2000 -3.55271e-15
12.22 0.0989081 2000 -42.7283 -0.0989081 -2000 7.10543e-15
12.24 0.11834 2000 -51.123 -0.11834 -2000 -7.10543e-15
12.26 0.136109 2000 -58.7989 -0.136109 -2000 -7.10543e-15
12.28 0.151906 2000 -65.6235 -0.151906 -2000 7.10543e-15
12.3 0.165416 2000 -71.4596 -0.165416 -2000 7.10543e-15
12.32 0.176536 2000 -76.2636 -0.176536 -2000 -7.10543e-15
12.34 0.185122 2000 -79.9729 -0.185122 -2000 0
12.36 0.19077 2000 -82.4128 -0.19077 -2000 7.10543e-15
12.38 0.193051 2000 -83.3979 -0.193051 -2000 0
12.4 0.191966 2000 -82.9293 -0.191966 -2000 1.42109e-14
12.42 0.188143 2000 -81.2779 -0.188143 -2000 7.10543e-15
12.44 0.182484 2000 -78.8329 -0.182484 -2000 0
12.46 0.175512 2000 -75.8211 -0.175512 -2000 -7.10543e-15
12.48 0.167057 2000 -72.1686 -0.167057 -2000 -1.42109e-14
12.5 0.156524 2000 -67.6183 -0.156524 -2000 7.10543e-15
12.52 0.143369 2000 -61.9356 -0.143369 -2000 -7.10543e-15
12.54 0.127409 2000 -55.0407 -0.127409 -2000 0
12.56 0.108907 2000 -47.0476 -0.108907 -2000 0
12.58 0.0884953 2000 -38.23 -0.0884953 -2000 -3.55271e-15
12.6 0.0669899 2000 -28.9396 -0.0669899 -2000 -7.10543e-15
12.62 0.0450992 2000 -19.4828 -0.0450992 -2000 8.88178e-15
12.64 0.0231065 2000 -9.98199 -0.0231065 -2000 5.32907e-15
12.66 0.000804787 2000 -0.347668 -0.000804787 -2000 2.02616e-15
12.68 -0.0222325 2000 9.60444 0.0222325 -2000 -8.88178e-16
12.7 -0.0463078 2000 20.005 0.0463078 -2000 1.06581e-14
12.72 -0.0713606 2000 30.8278 0.0713606 -2000 7.10543e-15
12.74 -0.0968567 2000 41.8421 0.0968567 -2000 -7.10543e-15
12.76 -0.121749 2000 52.5954 0.121749 -2000 -7.10543e-15
12.78 -0.144587 2000 62.4617 0.144587 -2000 2.84217e-14
12.8 -0.163967 2000 70.8335 0.163967 -2000 -7.10543e-15
12.82 -0.178982 2000 77.32 0.178982 -2000 -7.10543e-15
12.84 -0.189313 2000 81.7832 0.189313 -2000 1.42109e-14
12.86 -0.195116 2000 84.2903 0.195116 -2000 -1.42109e-14
12.88 -0.196895 2000 85.0587 0.196895 -2000 -7.10543e-15
12.9 -0.195321 2000 84.3787 0.195321 -2000 -7.10543e-15
12.92 -0.191068 2000 82.5414 0.191068 -2000 -2.13163e-14
12.94 -0.184745 2000 79.81 0.184745 -2000 1.42109e-14
12.96 -0.176933 2000 76.4351 0.176933 -2000 -2.13163e-14
12.98 -0.168249 2000 72.6834 0.168249 -2000 7.10543e-15
13 -0.15929 2000 68.8131 0.15929 -2000 0
13.02 -0.150337 2000 64.9457 0.150337 -2000 0
13.04 -0.141115 2000 60.9616 0.141115 -2000 0
13.06 -0.131049 2000 56.6132 0.131049 -2000 1.42109e-14
13.08 -0.11979 2000 51.7493 0.11979 -2000 -7.10543e-15
13.1 -0.107352 2000 46.3762 0.107352 -2000 -7.10543e-15
13.12 -0.0938529 2000 40.5445 0.0938529 -2000 -3.55271e-15
13.14 -0.0793569 2000 34.2822 0.0793569 -2000 3.55271e-15
13.16 -0.0640415 2000 27.6659 0.0640415 -2000 -1.06581e-14
13.18 -0.0483162 2000 20.8726 0.0483162 -2000 -1.06581e-14
13.2 -0.0325868 2000 14.0775 0.0325868 -2000 -8.88178e-15
13.22 -0.0169163 2000 7.30784 0.0169163 -2000 -8.88178e-16
13.24 -0.0010245 2000 0.442584 0.0010245 -2000 -9.4369e-16
13.26 0.0153569 2000 -6.63418 -0.0153569 -2000 -8.88178e-16
13.28 0.0321639 2000 -13.8948 -0.0321639 -2000 -3.55271e-15
13.3 0.0490106 2000 -21.1726 -0.0490106 -2000 -1.77636e-15
13.32 0.0654176 2000 -28.2604 -0.0654176 -2000 0
13.34 0.0809547 2000 -34.9724 -0.0809547 -2000 -7.10543e-15
13.36 0.095224 2000 -41.1368 -0.095224 -2000 3.55271e-15
13.38 0.107896 2000 -46.611 -0.107896 -2000 1.42109e-14
13.4 0.118877 2000 -51.3549 -0.118877 -2000 0
13.42 0.12836 2000 -55.4515 -0.12836 -2000 0
13.44 0.136613 2000 -59.0167 -0.136613 -2000 0
13.46 0.143752 2000 -62.1007 -0.143752 -2000 7.10543e-15
13.48 0.149722 2000 -64.68 -0.149722 -2000 0
13.5 0.154382 2000 -66.693 -0.154382 -2000 0
13.52 0.157494 2000 -68.0373 -0.157494 -2000 -7.10543e-15
13.54 0.158652 2000 -68.5377 -0.158652 -2000 -7.10543e-15
13.56 0.157266 2000 -67.9389 -0.157266 -2000 -7.10543e-15
13.58 0.152607 2000 -65.9262 -0.152607 -2000 0
13.6 0.143917 2000 -62.1723 -0.143917 -2000 0
13.62 0.13065 2000 -56.4408 -0.13065 -2000 0
13.64 0.112715 2000 -48.6931 -0.112715 -2000 0
13.66 0.0905184 2000 -39.104 -0.0905184 -2000 0
13.68 0.0648277 2000 -28.0056 -0.0648277 -2000 7.10543e-15
13.7 0.0366032 2000 -15.8126 -0.0366032 -2000 1.24345e-14
13.72 0.006777 2000 -2.92766 -0.006777 -2000 5.32907e-15
13.74 -0.0239271 2000 10.3365 0.0239271 -2000 4.44089e-15
13.76 -0.0549709 2000 23.7474 0.0549709 -2000 3.55271e-15
13.78 -0.0858511 2000 37.0877 0.0858511 -2000 7.10543e-15
13.8 -0.115996 2000 50.1102 0.115996 -2000 0
13.82 -0.14473 2000 62.5235 0.14473 -2000 1.42109e-14
13.84 -0.171303 2000 74.0029 0.171303 -2000 0
13.86 -0.194978 2000 84.2305 0.194978 -2000 -1.42109e-14
13.88 -0.215133 2000 92.9376 0.215133 -2000 0
13.9 -0.231341 2000 99.9394 0.231341 -2000 -1.42109e-14
13.92 -0.243444 2000 105.168 0.243444 -2000 -1.42109e-14
13.94 -0.251524 2000 108.658 0.251524 -2000 1.42109e-14
13.96 -0.255724 2000 110.473 0.255724 -2000 0
13.98 -0.256072 2000 110.623 0.256072 -2000 -1.42109e-14
14 -0.252474 2000 109.069 0.252474 -2000 1.42109e-14
14.02 -0.244769 2000 105.74 0.244769 -2000 -1.42109e-14
14.04 -0.232795 2000 100.567 0.232795 -2000 -1.42109e-14
14.06 -0.216519 2000 93.5362 0.216519 -2000 -2.13163e-14
14.08 -0.196155 2000 84.7389 0.196155 -2000 1.42109e-14
14.1 -0.172172 2000 74.3782 0.172172 -2000 0
14.12 -0.145265 2000 62.7544 0.145265 -2000 -1.42109e-14
14.14 -0.116368 2000 50.271 0.116368 -2000 -1.42109e-14
14.16 -0.0866458 2000 37.431 0.0866458 -2000 7.10543e-15
14.18 -0.0573139 2000 24.7596 0.0573139 -2000 -3.55271e-15
14.2 -0.0292835 2000 12.6505 0.0292835 -2000 -1.77636e-15
14.22 -0.00297929 2000 1.28705 0.00297929 -2000 -1.66533e-15
14.24 0.0214503 2000 -9.26652 -0.0214503 -2000 -3.55271e-15
14.26 0.0438452 2000 -18.9411 -0.0438452 -2000 -3.55271e-15
14.28 0.063981 2000 -27.6398 -0.063981 -2000 0
14.3 0.0816542 2000 -35.2746 -0.0816542 -2000 -1.42109e-14
14.32 0.0967198 2000 -41.783 -0.0967198 -2000 3.55271e-15
14.34 0.10908 2000 -47.1227 -0.10908 -2000 1.42109e-14
14.36 0.118695 2000 -51.2764 -0.118695 -2000 -7.10543e-15
14.38 0.125624 2000 -54.2696 -0.125624 -2000 1.42109e-14
14.4 0.130073 2000 -56.1914 -0.130073 -2000 0
14.42 0.132357 2000 -57.1784 -0.132357 -2000 0
14.44 0.132776 2000 -57.3591 -0.132776 -2000 -7.10543e-15
14.46 0.131524 2000 -56.8184 -0.131524 -2000 0
14.48 0.128719 2000 -55.6065 -0.128719 -2000 -7.10543e-15
14.5 0.124383 2000 -53.7334 -0.124383 -2000 7.10543e-15
14.52 0.118387 2000 -51.1431 -0.118387 -2000 -1.42109e-14
14.54 0.110473 2000 -47.7245 -0.110473 -2000 -1.06581e-14
14.56 0.10037 2000 -43.36 -0.10037 -2000 -3.55271e-15
14.58 0.0878985 2000 -37.9721 -0.0878985 -2000 -7.10543e-15
14.6 0.0731029 2000 -31.5805 -0.0731029 -2000 3.55271e-15
14.62 0.0563747 2000 -24.3539 -0.0563747 -2000 3.55271e-15
14.64 0.0384004 2000 -16.589 -0.0384004 -2000 0
14.66 0.0199494 2000 -8.61815 -0.0199494 -2000 2.66454e-15
14.68 0.00166202 2000 -0.717993 -0.00166202 -2000 2.16493e-15
14.7 -0.016077 2000 6.94528 0.016077 -2000 0
14.72 -0.0331167 2000 14.3064 0.0331167 -2000 0
14.74 -0.0493534 2000 21.3207 0.0493534 -2000 1.77636e-15
14.76 -0.0644905 2000 27.8599 0.0644905 -2000 0
14.78 -0.0779422 2000 33.671 0.0779422 -2000 7.10543e-15
14.8 -0.0890098 2000 38.4522 0.0890098 -2000 -7.10543e-15
14.82 -0.0971672 2000 41.9762 0.0971672 -2000 -7.10543e-15
14.84 -0.102154 2000 44.1304 0.102154 -2000 -7.10543e-15
14.86 -0.103853 2000 44.8646 0.103853 -2000 0
14.88 -0.102202 2000 44.1514 0.102202 -2000 -3.55271e-15
14.9 -0.0972294 2000 42.0031 0.0972294 -2000 3.55271e-15
14.92 -0.0890969 2000 38.4899 0.0890969 -2000 1.06581e-14
14.94 -0.0780155 2000 33.7027 0.0780155 -2000 0
14.96 -0.0640739 2000 27.6799 0.0640739 -2000 3.55271e-15
14.98 -0.0471575 2000 20.372 0.0471575 -2000 -3.55271e-15
15 -0.0270404 2000 11.6814 0.0270404 -2000 -4.44089e-15
15.02 -0.00352628 2000 1.52335 0.00352628 -2000 -1.77636e-15
15.04 0.023459 2000 -10.1343 -0.023459 -2000 -2.66454e-15
15.06 0.0537531 2000 -23.2214 -0.0537531 -2000 -1.42109e-14
15.08 0.0868705 2000 -37.528 -0.0868705 -2000 -1.06581e-14
15.1 0.122083 2000 -52.74 -0.122083 -2000 1.42109e-14
15.12 0.158577 2000 -68.5051 -0.158577 -2000 -1.42109e-14
15.14 0.195505 2000 -84.4583 -0.195505 -2000 -2.13163e-14
15.16 0.231995 2000 -100.222 -0.231995 -2000 2.84217e-14
15.18 0.267239 2000 -115.447 -0.267239 -2000 -4.26326e-14
15.2 0.300695 2000 -129.9 -0.300695 -2000 -1.42109e-14
15.22 0.33214 2000 -143.484 -0.33214 -2000 0
15.24 0.361462 2000 -156.151 -0.361462 -2000 -1.42109e-14
15.26 0.388371 2000 -167.776 -0.388371 -2000 1.42109e-14
15.28 0.412255 2000 -178.094 -0.412255 -2000 1.42109e-14
15.3 0.432277 2000 -186.744 -0.432277 -2000 5.68434e-14
15.32 0.44757 2000 -193.35 -0.44757 -2000 0
15.34 0.457348 2000 -197.574 -0.457348 -2000 0
15.36 0.46093 2000 -199.122 -0.46093 -2000 5.68434e-14
15.38 0.457781 2000 -197.761 -0.457781 -2000 -2.84217e-14
15.4 0.447639 2000 -193.38 -0.447639 -2000 5.68434e-14
15.42 0.430566 2000 -186.004 -0.430566 -2000 4.26326e-14
15.44 0.406779 2000 -175.728 -0.406779 -2000 -4.26326e-14
15.46 0.376451 2000 -162.627 -0.376451 -2000 -2.84217e-14
15.48 0.339728 2000 -146.763 -0.339728 -2000 2.84217e-14
15.5 0.29684 2000 -128.235 -0.29684 -2000 -1.42109e-14
15.52 0.248117 2000 -107.186 -0.248117 -2000 0
15.54 0.193934 2000 -83.7795 -0.193934 -2000 7.10543e-15
15.56 0.134684 2000 -58.1835 -0.134684 -2000 -7.10543e-15
15.58 0.0708683 2000 -30.6151 -0.0708683 -2000 0
15.6 0.00336464 2000 -1.45352 -0.00336464 -2000 4.66294e-15
15.62 -0.0663669 2000 28.6705 0.0663669 -2000 1.42109e-14
15.64 -0.136502 2000 58.969 0.136502 -2000 7.10543e-15
15.66 -0.20531 2000 88.6938 0.20531 -2000 7.10543e-15
15.68 -0.271344 2000 117.221 0.271344 -2000 0
15.7 -0.333352 2000 144.008 0.333352 -2000 0
15.72 -0.390161 2000 168.55 0.390161 -2000 -7.10543e-14
15.74 -0.440687 2000 190.377 0.440687 -2000 1.42109e-14
15.76 -0.483998 2000 209.087 0.483998 -2000 -2.84217e-14
15.78 -0.519403 2000 224.382 0.519403 -2000 0
15.8 -0.546486 2000 236.082 0.546486 -2000 5.68434e-14
15.82 -0.565047 2000 244.1 0.565047 -2000 0
15.84 -0.575039 2000 248.417 0.575039 -2000 0
15.86 -0.576575 2000 249.081 0.576575 -2000 -2.84217e-14
15.88 -0.56995 2000 246.218 0.56995 -2000 2.84217e-14
15.9 -0.555569 2000 240.006 0.555569 -2000 2.84217e-14
15.92 -0.533818 2000 230.609 0.533818 -2000 -2.84217e-14
15.94 -0.504974 2000 218.149 0.504974 -2000 0
15.96 -0.469291 2000 202.734 0.469291 -2000 -2.84217e-14
15.98 -0.427188 2000 184.545 0.427188 -2000 -4.26326e-14
16 -0.379386 2000 163.895 0.379386 -2000 -1.42109e-14
16.02 -0.326838 2000 141.194 0.326838 -2000 -1.42109e-14
16.04 -0.270495 2000 116.854 0.270495 -2000 -1.42109e-14
16.06 -0.211136 2000 91.2109 0.211136 -2000 2.84217e-14
16.08 -0.149419 2000 64.5491 0.149419 -2000 7.10543e-15
16.1 -0.0860475 2000 37.1725 0.0860475 -2000 -1.42109e-14
16.12 -0.0219091 2000 9.46474 0.0219091 -2000 -8.88178e-15
16.14 0.0419396 2000 -18.1179 -0.0419396 -2000 0
16.16 0.104392 2000 -45.0972 -0.104392 -2000 3.55271e-15
16.18 0.164388 2000 -71.0154 -0.164388 -2000 1.42109e-14
16.2 0.220951 2000 -95.4509 -0.220951 -2000 1.42109e-14
16.22 0.273187 2000 -118.017 -0.273187 -2000 -1.42109e-14
16.24 0.320272 2000 -138.357 -0.320272 -2000 -2.84217e-14
16.26 0.361522 2000 -156.177 -0.361522 -2000 5.68434e-14
16.28 0.396581 2000 -171.323 -0.396581 -2000 2.84217e-14
16.3 0.425568 2000 -183.845 -0.425568 -2000 2.84217e-14
16.32 0.448891 2000 -193.921 -0.448891 -2000 0
16.34 0.46687 2000 -201.688 -0.46687 -2000 -2.84217e-14
16.36 0.479505 2000 -207.146 -0.479505 -2000 2.84217e-14
16.38 0.486504 2000 -210.17 -0.486504 -2000 0
16.4 0.487453 2000 -210.58 -0.487453 -2000 2.84217e-14
16.42 0.481995 2000 -208.222 -0.481995 -2000 -5.68434e-14
16.44 0.469929 2000 -203.009 -0.469929 -2000 2.84217e-14
16.46 0.451266 2000 -194.947 -0.451266 -2000 0
16.48 0.426217 2000 -184.126 -0.426217 -2000 -8.52651e-14
16.5 0.39512 2000 -170.692 -0.39512 -2000 1.42109e-14
16.52 0.358348 2000 -154.807 -0.358348 -2000 4.26326e-14
16.54 0.316258 2000 -136.624 -0.316258 -2000 -2.84217e-14
16.56 0.269174 2000 -116.283 -0.269174 -2000 -2.84217e-14
16.58 0.217428 2000 -93.929 -0.217428 -2000 -1.42109e-14
16.6 0.161392 2000 -69.7213 -0.161392 -2000 1.42109e-14
16.62 0.101505 2000 -43.85 -0.101505 -2000 0
16.64 0.0384187 2000 -16.5969 -0.0384187 -2000 5.32907e-15
16.66 -0.0267144 2000 11.5406 0.0267144 -2000 1.77636e-15
16.68 -0.0921426 2000 39.8056 0.0921426 -2000 0
16.7 -0.155815 2000 67.3122 0.155815 -2000 0
16.72 -0.215795 2000 93.2235 0.215795 -2000 1.42109e-14
16.74 -0.270491 2000 116.852 0.270491 -2000 -1.42109e-14
16.76 -0.31875 2000 137.7 0.31875 -2000 0
16.78 -0.359858 2000 155.459 0.359858 -2000 -2.84217e-14
16.8 -0.393427 2000 169.961 0.393427 -2000 0
16.82 -0.419243 2000 181.113 0.419243 -2000 2.84217e-14
16.84 -0.437199 2000 188.87 0.437199 -2000 2.84217e-14
16.86 -0.447341 2000 193.251 0.447341 -2000 0
16.88 -0.44988 2000 194.348 0.44988 -2000 5.68434e-14
16.9 -0.445084 2000 192.276 0.445084 -2000 -2.84217e-14
16.92 -0.433176 2000 187.132 0.433176 -2000 1.42109e-14
16.94 -0.414381 2000 179.013 0.414381 -2000 4.26326e-14
16.96 -0.38904 2000 168.065 0.38904 -2000 -2.84217e-14
16.98 -0.357683 2000 154.519 0.357683 -2000 0
17 -0.321009 2000 138.676 0.321009 -2000 1.42109e-14
17.02 -0.279799 2000 120.873 0.279799 -2000 1.42109e-14
17.04 -0.2348 2000 101.434 0.2348 -2000 2.84217e-14
17.06 -0.186644 2000 80.6303 0.186644 -2000 -7.10543e-15
17.08 -0.135863 2000 58.6929 0.135863 -2000 7.10543e-15
17.1 -0.0829712 2000 35.8436 0.0829712 -2000 1.06581e-14
17.12 -0.0285086 2000 12.3157 0.0285086 -2000 1.77636e-15
17.14 0.0269288 2000 -11.6332 -0.0269288 -2000 -3.55271e-15
17.16 0.0825818 2000 -35.6753 -0.0825818 -2000 -1.42109e-14
17.18 0.137428 2000 -59.369 -0.137428 -2000 0
17.2 0.190244 2000 -82.1854 -0.190244 -2000 -1.42109e-14
17.22 0.239767 2000 -103.58 -0.239767 -2000 -1.42109e-14
17.24 0.284845 2000 -123.053 -0.284845 -2000 1.42109e-14
17.26 0.324548 2000 -140.205 -0.324548 -2000 2.84217e-14
17.28 0.358279 2000 -154.777 -0.358279 -2000 0
17.3 0.385831 2000 -166.679 -0.385831 -2000 -2.84217e-14
17.32 0.407305 2000 -175.956 -0.407305 -2000 -1.42109e-14
17.34 0.4229 2000 -182.693 -0.4229 -2000 2.84217e-14
17.36 0.432737 2000 -186.943 -0.432737 -2000 -1.42109e-14
17.38 0.436776 2000 -188.687 -0.436776 -2000 1.42109e-14
17.4 0.434818 2000 -187.841 -0.434818 -2000 -2.84217e-14
17.42 0.426617 2000 -184.299 -0.426617 -2000 1.42109e-14
17.44 0.412017 2000 -177.991 -0.412017 -2000 -1.42109e-14
17.46 0.391087 2000 -168.949 -0.391087 -2000 1.42109e-14
17.48 0.364236 2000 -157.35 -0.364236 -2000 0
17.5 0.332176 2000 -143.5 -0.332176 -2000 -2.84217e-14
17.52 0.295678 2000 -127.733 -0.295678 -2000 -1.42109e-14
17.54 0.255418 2000 -110.341 -0.255418 -2000 0
17.56 0.212039 2000 -91.6009 -0.212039 -2000 -7.10543e-15
17.58 0.166251 2000 -71.8204 -0.166251 -2000 0
17.6 0.118841 2000 -51.3392 -0.118841 -2000 1.42109e-14
17.62 0.0706239 2000 -30.5095 -0.0706239 -2000 0
17.64 0.0224013 2000 -9.67736 -0.0224013 -2000 4.44089e-15
17.66 -0.0250657 2000 10.8284 0.0250657 -2000 3.55271e-15
17.68 -0.071086 2000 30.7091 0.071086 -2000 0
17.7 -0.115082 2000 49.7156 0.115082 -2000 7.10543e-15
17.72 -0.156606 2000 67.6539 0.156606 -2000 -7.10543e-15
17.74 -0.195384 2000 84.4057 0.195384 -2000 -1.42109e-14
17.76 -0.231459 2000 99.9903 0.231459 -2000 0
17.78 -0.265159 2000 114.549 0.265159 -2000 0
17.8 -0.296703 2000 128.176 0.296703 -2000 -1.42109e-14
17.82 -0.325833 2000 140.76 0.325833 -2000 0
17.84 -0.351782 2000 151.97 0.351782 -2000 -4.26326e-14
17.86 -0.373592 2000 161.392 0.373592 -2000 0
17.88 -0.39053 2000 168.709 0.39053 -2000 2.84217e-14
17.9 -0.402287 2000 173.788 0.402287 -2000 -4.26326e-14
17.92 -0.40885 2000 176.623 0.40885 -2000 2.84217e-14
17.94 -0.410324 2000 177.26 0.410324 -2000 1.42109e-14
17.96 -0.406875 2000 175.77 0.406875 -2000 1.42109e-14
17.98 -0.398686 2000 172.232 0.398686 -2000 -2.84217e-14
18 -0.385872 2000 166.697 0.385872 -2000 -2.84217e-14
18.02 -0.368447 2000 159.169 0.368447 -2000 -2.84217e-14
18.04 -0.346411 2000 149.649 0.346411 -2000 0
18.06 -0.319822 2000 138.163 0.319822 -2000 0
18.08 -0.288778 2000 124.752 0.288778 -2000 1.42109e-14
18.1 -0.253359 2000 109.451 0.253359 -2000 0
18.12 -0.213696 2000 92.3166 0.213696 -2000 7.10543e-15
18.14 -0.170163 2000 73.5102 0.170163 -2000 1.42109e-14
18.16 -0.123418 2000 53.3168 0.123418 -2000 0
18.18 -0.0742738 2000 32.0863 0.0742738 -2000 -7.10543e-15
18.2 -0.023594 2000 10.1926 0.023594 -2000 -3.55271e-15
18.22 0.0276879 2000 -11.9612 -0.0276879 -2000 -7.10543e-15
18.24 0.0785894 2000 -33.9506 -0.0785894 -2000 -7.10543e-15
18.26 0.128194 2000 -55.3796 -0.128194 -2000 -1.42109e-14
18.28 0.17577 2000 -75.9325 -0.17577 -2000 1.42109e-14
18.3 0.22076 2000 -95.3681 -0.22076 -2000 0
18.32 0.262631 2000 -113.457 -0.262631 -2000 0
18.34 0.300747 2000 -129.923 -0.300747 -2000 0
18.36 0.334375 2000 -144.45 -0.334375 -2000 -2.84217e-14
18.38 0.362795 2000 -156.728 -0.362795 -2000 0
18.4 0.385396 2000 -166.491 -0.385396 -2000 0
18.42 0.401701 2000 -173.535 -0.401701 -2000 0
18.44 0.411383 2000 -177.717 -0.411383 -2000 4.26326e-14
18.46 0.414264 2000 -178.962 -0.414264 -2000 4.26326e-14
18.48 0.410345 2000 -177.269 -0.410345 -2000 -2.84217e-14
18.5 0.399816 2000 -172.72 -0.399816 -2000 -5.68434e-14
18.52 0.383033 2000 -165.47 -0.383033 -2000 4.26326e-14
18.54 0.360538 2000 -155.753 -0.360538 -2000 -1.42109e-14
18.56 0.333143 2000 -143.918 -0.333143 -2000 0
18.58 0.301887 2000 -130.415 -0.301887 -2000 0
18.6 0.2678 2000 -115.69 -0.2678 -2000 4.26326e-14
18.62 0.23168 2000 -100.086 -0.23168 -2000 1.42109e-14
18.64 0.194052 2000 -83.8305 -0.194052 -2000 7.10543e-15
18.66 0.155255 2000 -67.0702 -0.155255 -2000 -1.42109e-14
18.68 0.115577 2000 -49.9291 -0.115577 -2000 -7.10543e-15
18.7 0.0753409 2000 -32.5473 -0.0753409 -2000 -7.10543e-15
18.72 0.0349342 2000 -15.0916 -0.0349342 -2000 1.77636e-15
18.74 -0.00521537 2000 2.25304 0.00521537 -2000 6.43929e-15
18.76 -0.044691 2000 19.3065 0.044691 -2000 0
18.78 -0.0831735 2000 35.931 0.0831735 -2000 -7.10543e-15
18.8 -0.120508 2000 52.0595 0.120508 -2000 7.10543e-15
18.82 -0.156655 2000 67.6748 0.156655 -2000 2.13163e-14
18.84 -0.191496 2000 82.7263 0.191496 -2000 -7.10543e-15
18.86 -0.224656 2000 97.0515 0.224656 -2000 -4.26326e-14
18.88 -0.255492 2000 110.373 0.255492 -2000 0
18.9 -0.283242 2000 122.361 0.283242 -2000 -1.42109e-14
18.92 -0.307209 2000 132.714 0.307209 -2000 -4.26326e-14
18.94 -0.326895 2000 141.219 0.326895 -2000 -1.42109e-14
18.96 -0.341988 2000 147.739 0.341988 -2000 -1.42109e-14
18.98 -0.35226 2000 152.177 0.35226 -2000 -4.26326e-14
19 -0.357513 2000 154.446 0.357513 -2000 2.84217e-14
19.02 -0.357597 2000 154.482 0.357597 -2000 -2.84217e-14
19.04 -0.352496 2000 152.278 0.352496 -2000 2.84217e-14
19.06 -0.342403 2000 147.918 0.342403 -2000 -2.84217e-14
19.08 -0.32771 2000 141.571 0.32771 -2000 0
19.1 -0.308926 2000 133.456 0.308926 -2000 1.42109e-14
19.12 -0.286585 2000 123.805 0.286585 -2000 4.26326e-14
19.14 -0.261179 2000 112.829 0.261179 -2000 -1.42109e-14
19.16 -0.233098 2000 100.699 0.233098 -2000 -1.42109e-14
19.18 -0.202649 2000 87.5443 0.202649 -2000 -7.10543e-15
19.2 -0.170115 2000 73.4899 0.170115 -2000 0
19.22 -0.135772 2000 58.6535 0.135772 -2000 -7.10543e-15
19.24 -0.0998008 2000 43.1139 0.0998008 -2000 -3.55271e-15
19.26 -0.0622558 2000 26.8945 0.0622558 -2000 -7.10543e-15
19.28 -0.0231869 2000 10.0167 0.0231869 -2000 -7.99361e-15
19.3 0.0171386 2000 -7.40389 -0.0171386 -2000 -4.44089e-15
19.32 0.0581186 2000 -25.1072 -0.0581186 -2000 -7.10543e-15
19.34 0.0989239 2000 -42.7351 -0.0989239 -2000 -7.10543e-15
19.36 0.138685 2000 -59.9118 -0.138685 -2000 7.10543e-15
19.38 0.176569 2000 -76.278 -0.176569 -2000 1.42109e-14
19.4 0.211782 2000 -91.4896 -0.211782 -2000 2.84217e-14
19.42 0.243613 2000 -105.241 -0.243613 -2000 0
19.44 0.2716 2000 -117.331 -0.2716 -2000 -1.42109e-14
19.46 0.29562 2000 -127.708 -0.29562 -2000 1.42109e-14
19.48 0.315779 2000 -136.416 -0.315779 -2000 -1.42109e-14
19.5 0.332178 2000 -143.501 -0.332178 -2000 -1.42109e-14
19.52 0.344786 2000 -148.948 -0.344786 -2000 1.42109e-14
19.54 0.353486 2000 -152.706 -0.353486 -2000 -4.26326e-14
19.56 0.358179 2000 -154.734 -0.358179 -2000 0
19.58 0.358832 2000 -155.016 -0.358832 -2000 0
19.6 0.355495 2000 -153.574 -0.355495 -2000 0
19.62 0.348361 2000 -150.492 -0.348361 -2000 -1.42109e-14
19.64 0.337811 2000 -145.935 -0.337811 -2000 -2.84217e-14
19.66 0.324332 2000 -140.111 -0.324332 -2000 2.84217e-14
19.68 0.308385 2000 -133.222 -0.308385 -2000 -1.42109e-14
19.7 0.290372 2000 -125.441 -0.290372 -2000 0
19.72 0.270631 2000 -116.913 -0.270631 -2000 -2.84217e-14
19.74 0.249384 2000 -107.734 -0.249384 -2000 0
19.76 0.226714 2000 -97.9403 -0.226714 -2000 0
19.78 0.20264 2000 -87.5406 -0.20264 -2000 1.42109e-14
19.8 0.177213 2000 -76.5559 -0.177213 -2000 -7.10543e-15
19.82 0.150537 2000 -65.0319 -0.150537 -2000 7.10543e-15
19.84 0.122814 2000 -53.0556 -0.122814 -2000 -7.10543e-15
19.86 0.0944017 2000 -40.7815 -0.0944017 -2000 -1.06581e-14
19.88 0.0657802 2000 -28.4171 -0.0657802 -2000 0
19.9 0.0373977 2000 -16.1558 -0.0373977 -2000 -1.77636e-15
19.92 0.00955562 2000 -4.12803 -0.00955562 -2000 2.22045e-15
19.94 -0.017557 2000 7.58464 0.017557 -2000 0
19.96 -0.0437475 2000 18.8989 0.0437475 -2000 1.77636e-15
19.98 -0.0687314 2000 29.692 0.0687314 -2000 3.55271e-15
20 -0.0921276 2000 39.7991 0.0921276 -2000 3.55271e-15
