0.1 0 200 0
0.2 0 400 0
0.3 0 600 0
0.4 0 800 0
0.5 0 1000 0
0.6 0 1200 0
0.7 0 1400 0
0.8 0 1600 0
0.9 0 1800 0
1 0 2000 0
0.02 -2.47804e-05 2000 0.0107051
0.04 -0.000109651 2000 0.0473693
0.06 -0.000249456 2000 0.107765
0.08 -0.000425732 2000 0.183916
0.1 -0.000633283 2000 0.273578
0.12 -0.000867962 2000 0.374959
0.14 -0.00112686 2000 0.486803
0.16 -0.00140746 2000 0.608022
0.18 -0.00170633 2000 0.737133
0.2 -0.00201849 2000 0.871989
0.22 -0.00233793 2000 1.00998
0.24 -0.00265853 2000 1.14848
0.26 -0.00297478 2000 1.28511
0.28 -0.00328157 2000 1.41764
0.3 -0.00357304 2000 1.54355
0.32 -0.00384184 2000 1.65967
0.34 -0.00408122 2000 1.76309
0.36 -0.0042894 2000 1.85302
0.38 -0.00447047 2000 1.93124
0.4 -0.00463039 2000 2.00033
0.42 -0.0047731 2000 2.06198
0.44 -0.00489916 2000 2.11644
0.46 -0.00500485 2000 2.16209
0.48 -0.0050826 2000 2.19569
0.5 -0.0051251 2000 2.21404
0.52 -0.00512949 2000 2.21594
0.54 -0.0050974 2000 2.20208
0.56 -0.00503154 2000 2.17362
0.58 -0.00493204 2000 2.13064
0.6 -0.00479569 2000 2.07174
0.62 -0.00461989 2000 1.99579
0.64 -0.00440679 2000 1.90373
0.66 -0.00416123 2000 1.79765
0.68 -0.00388522 2000 1.67841
0.7 -0.00357666 2000 1.54512
0.72 -0.00323393 2000 1.39706
0.74 -0.00286129 2000 1.23608
0.76 -0.00246961 2000 1.06687
0.78 -0.00207258 2000 0.895354
0.8 -0.00168211 2000 0.726673
0.82 -0.00130569 2000 0.56406
0.84 -0.000945989 2000 0.408667
0.86 -0.000602549 2000 0.260301
0.88 -0.000274311 2000 0.118502
0.9 3.83832e-05 2000 -0.0165815
0.92 0.000332495 2000 -0.143638
0.94 0.000601495 2000 -0.259846
0.96 0.000834623 2000 -0.360557
0.98 0.00101641 2000 -0.43909
1 0.00113039 2000 -0.48833
1.02 0.00117367 2000 -0.507025
1.04 0.00117115 2000 -0.505938
1.06 0.00116077 2000 -0.501451
1.08 0.00115897 2000 -0.500675
1.1 0.00115228 2000 -0.497785
1.12 0.00111817 2000 -0.483048
1.14 0.00104048 2000 -0.449489
1.16 0.000915602 2000 -0.39554
1.18 0.000759554 2000 -0.328127
1.2 0.000599453 2000 -0.258964
1.22 0.000447388 2000 -0.193272
1.24 0.000289093 2000 -0.124888
1.26 9.85719e-05 2000 -0.042583
1.28 -0.000145105 2000 0.0626852
1.3 -0.000453353 2000 0.195848
1.32 -0.000821981 2000 0.355096
1.34 -0.00121615 2000 0.525377
1.36 -0.00157692 2000 0.681228
1.38 -0.00186144 2000 0.804141
1.4 -0.00206482 2000 0.892003
1.42 -0.00219434 2000 0.947956
1.44 -0.00224062 2000 0.967949
1.46 -0.00218422 2000 0.943582
1.48 -0.00202263 2000 0.873778
1.5 -0.00178435 2000 0.770839
1.52 -0.0015156 2000 0.65474
1.54 -0.00125432 2000 0.541866
1.56 -0.00101585 2000 0.438848
1.58 -0.000798784 2000 0.345075
1.6 -0.000596957 2000 0.257886
1.62 -0.000403152 2000 0.174161
1.64 -0.000202717 2000 0.0875739
1.66 2.98468e-05 2000 -0.0128938
1.68 0.000310001 2000 -0.133921
1.7 0.000612934 2000 -0.264787
1.72 0.000878826 2000 -0.379653
1.74 0.00105324 2000 -0.454998
1.76 0.00112772 2000 -0.487173
1.78 0.00115616 2000 -0.49946
1.8 0.0012269 2000 -0.530021
1.82 0.0014056 2000 -0.60722
1.84 0.00170686 2000 -0.737365
1.86 0.00211196 2000 -0.912366
1.88 0.00258425 2000 -1.11639
1.9 0.00306255 2000 -1.32302
1.92 0.00348657 2000 -1.5062
1.94 0.00384962 2000 -1.66303
1.96 0.00417632 2000 -1.80417
1.98 0.00444047 2000 -1.91828
2 0.00455771 2000 -1.96893
2.02 0.00447467 2000 -1.93306
2.04 0.00424001 2000 -1.83168
2.06 0.00395977 2000 -1.71062
2.08 0.00367683 2000 -1.58839
2.1 0.00330741 2000 -1.4288
2.12 0.00269817 2000 -1.16561
2.14 0.00175363 2000 -0.757569
2.16 0.000517127 2000 -0.223399
2.18 -0.000877988 2000 0.379291
2.2 -0.0022951 2000 0.991484
2.22 -0.00360675 2000 1.55812
2.24 -0.00469609 2000 2.02871
2.26 -0.00549802 2000 2.37514
2.28 -0.00601719 2000 2.59943
2.3 -0.00631013 2000 2.72598
2.32 -0.00645675 2000 2.78932
2.34 -0.00652036 2000 2.81679
2.36 -0.00651168 2000 2.81304
2.38 -0.0063639 2000 2.7492
2.4 -0.00593681 2000 2.5647
2.42 -0.00509798 2000 2.20233
2.44 -0.00382247 2000 1.65131
2.46 -0.00218179 2000 0.942534
2.48 -0.000266961 2000 0.115327
2.5 0.00179669 2000 -0.776168
2.52 0.00381132 2000 -1.64649
2.54 0.00562115 2000 -2.42834
2.56 0.00724953 2000 -3.1318
2.58 0.00884715 2000 -3.82197
2.6 0.0105371 2000 -4.55202
2.62 0.0123332 2000 -5.32795
2.64 0.01415 2000 -6.11278
2.66 0.015819 2000 -6.83382
2.68 0.0171278 2000 -7.3992
2.7 0.0179512 2000 -7.75491
2.72 0.0183445 2000 -7.92484
2.74 0.0184702 2000 -7.97913
2.76 0.0184934 2000 -7.98917
2.78 0.0185351 2000 -8.00716
2.8 0.0186322 2000 -8.04913
2.82 0.0187342 2000 -8.09316
2.84 0.0187574 2000 -8.10319
2.86 0.0186313 2000 -8.04871
2.88 0.0183027 2000 -7.90675
2.9 0.0177436 2000 -7.66524
2.92 0.0169763 2000 -7.33375
2.94 0.0160729 2000 -6.9435
2.96 0.0151205 2000 -6.53206
2.98 0.0141761 2000 -6.12409
3 0.0132302 2000 -5.71543
3.02 0.0121883 2000 -5.26536
3.04 0.0109184 2000 -4.71673
3.06 0.00935947 2000 -4.04329
3.08 0.0075312 2000 -3.25348
3.1 0.00542641 2000 -2.34421
3.12 0.00304662 2000 -1.31614
3.14 0.000529557 2000 -0.228768
3.16 -0.00193091 2000 0.834154
3.18 -0.00427359 2000 1.84619
3.2 -0.00658042 2000 2.84274
3.22 -0.00895273 2000 3.86758
3.24 -0.0114303 2000 4.9379
3.26 -0.0139603 2000 6.03085
3.28 -0.0164088 2000 7.08859
3.3 -0.0186636 2000 8.06267
3.32 -0.0207282 2000 8.9546
3.34 -0.0226243 2000 9.77371
3.36 -0.0242259 2000 10.4656
3.38 -0.0253427 2000 10.948
3.4 -0.0259502 2000 11.2105
3.42 -0.0262116 2000 11.3234
3.44 -0.0263207 2000 11.3705
3.46 -0.0263914 2000 11.4011
3.48 -0.0264116 2000 11.4098
3.5 -0.0262327 2000 11.3325
3.52 -0.0256497 2000 11.0807
3.54 -0.0245188 2000 10.5921
3.56 -0.0227937 2000 9.84686
3.58 -0.0205062 2000 8.85866
3.6 -0.0177933 2000 7.6867
3.62 -0.0149252 2000 6.44769
3.64 -0.012206 2000 5.27297
3.66 -0.00973254 2000 4.20446
3.68 -0.00724735 2000 3.13085
3.7 -0.00435739 2000 1.88239
3.72 -0.000942382 2000 0.407109
3.74 0.002698 2000 -1.16554
3.76 0.00604879 2000 -2.61308
3.78 0.00868303 2000 -3.75107
3.8 0.0104529 2000 -4.51565
3.82 0.0114703 2000 -4.95517
3.84 0.0119388 2000 -5.15755
3.86 0.0120706 2000 -5.21451
3.88 0.0121034 2000 -5.22868
3.9 0.0122005 2000 -5.27062
3.92 0.0123251 2000 -5.32444
3.94 0.0123177 2000 -5.32123
3.96 0.0120554 2000 -5.20792
3.98 0.0114978 2000 -4.96704
4 0.0106837 2000 -4.61536
4.02 0.00973228 2000 -4.20435
4.04 0.00874762 2000 -3.77897
4.06 0.00768502 2000 -3.31993
4.08 0.00637584 2000 -2.75436
4.1 0.00467765 2000 -2.02074
4.12 0.00255797 2000 -1.10504
4.14 9.42435e-05 2000 -0.0407132
4.16 -0.0025439 2000 1.09897
4.18 -0.00518143 2000 2.23838
4.2 -0.00776843 2000 3.35596
4.22 -0.0103864 2000 4.48694
4.24 -0.0131136 2000 5.66509
4.26 -0.0159202 2000 6.87754
4.28 -0.018688 2000 8.07322
4.3 -0.0212646 2000 9.18631
4.32 -0.0234588 2000 10.1342
4.34 -0.0250563 2000 10.8243
4.36 -0.0259318 2000 11.2025
4.38 -0.0261293 2000 11.2879
4.4 -0.0258114 2000 11.1505
4.42 -0.0251438 2000 10.8621
4.44 -0.024168 2000 10.4406
4.46 -0.0227319 2000 9.82016
4.48 -0.0206027 2000 8.90036
4.5 -0.0176971 2000 7.64517
4.52 -0.0141673 2000 6.12028
4.54 -0.0102798 2000 4.44087
4.56 -0.00627986 2000 2.7129
4.58 -0.0023433 2000 1.0123
4.6 0.00145157 2000 -0.627078
4.62 0.00513966 2000 -2.22033
4.64 0.00881987 2000 -3.81019
4.66 0.012552 2000 -5.42246
4.68 0.0162638 2000 -7.02594
4.7 0.0197772 2000 -8.54376
4.72 0.0229901 2000 -9.93173
4.74 0.0259854 2000 -11.2257
4.76 0.0288723 2000 -12.4728
4.78 0.0315884 2000 -13.6462
4.8 0.0339661 2000 -14.6733
4.82 0.0359777 2000 -15.5424
4.84 0.0378468 2000 -16.3498
4.86 0.0398906 2000 -17.2327
4.88 0.0422511 2000 -18.2525
4.9 0.0447657 2000 -19.3388
4.92 0.0470832 2000 -20.34
4.94 0.0488684 2000 -21.1111
4.96 0.0498977 2000 -21.5558
4.98 0.0500721 2000 -21.6312
5 0.0494399 2000 -21.358
5.02 0.0481747 2000 -20.8115
5.04 0.0464751 2000 -20.0772
5.06 0.0444825 2000 -19.2164
5.08 0.0422479 2000 -18.2511
5.1 0.0397086 2000 -17.1541
5.12 0.0367055 2000 -15.8568
5.14 0.0330857 2000 -14.293
5.16 0.0288542 2000 -12.465
5.18 0.0242566 2000 -10.4788
5.2 0.0196938 2000 -8.50771
5.22 0.0155286 2000 -6.70834
5.24 0.0119484 2000 -5.16171
5.26 0.00897574 2000 -3.87752
5.28 0.00653803 2000 -2.82443
5.3 0.00447494 2000 -1.93317
5.32 0.00255355 2000 -1.10313
5.34 0.000567648 2000 -0.245224
5.36 -0.00163604 2000 0.70677
5.38 -0.00425481 2000 1.83808
5.4 -0.00750965 2000 3.24417
5.42 -0.0114593 2000 4.95044
5.44 -0.0159402 2000 6.88615
5.46 -0.0207237 2000 8.95266
5.48 -0.0256495 2000 11.0806
5.5 -0.0306022 2000 13.2202
5.52 -0.0354498 2000 15.3143
5.54 -0.0400282 2000 17.2922
5.56 -0.0441479 2000 19.0719
5.58 -0.0475954 2000 20.5612
5.6 -0.0501537 2000 21.6664
5.62 -0.0517185 2000 22.3424
5.64 -0.0524681 2000 22.6662
5.66 -0.0528385 2000 22.8262
5.68 -0.0532373 2000 22.9985
5.7 -0.05378 2000 23.233
5.72 -0.0542751 2000 23.4468
5.74 -0.0543985 2000 23.5002
5.76 -0.0538536 2000 23.2648
5.78 -0.0524221 2000 22.6464
5.8 -0.0499841 2000 21.5931
5.82 -0.046572 2000 20.1191
5.84 -0.042387 2000 18.3112
5.86 -0.0377274 2000 16.2982
5.88 -0.0329043 2000 14.2146
5.9 -0.028183 2000 12.1751
5.92 -0.023692 2000 10.2349
5.94 -0.0193303 2000 8.35071
5.96 -0.0147776 2000 6.38391
5.98 -0.00960953 2000 4.15132
6 -0.00347787 2000 1.50244
6.02 0.00372365 2000 -1.60862
6.04 0.011829 2000 -5.11013
6.06 0.0205061 2000 -8.85865
6.08 0.0293814 2000 -12.6928
6.1 0.0381734 2000 -16.4909
6.12 0.0468385 2000 -20.2342
6.14 0.0555474 2000 -23.9965
6.16 0.0644052 2000 -27.8231
6.18 0.0732025 2000 -31.6235
6.2 0.0815117 2000 -35.213
6.22 0.0889661 2000 -38.4334
6.24 0.0953787 2000 -41.2036
6.26 0.100713 2000 -43.508
6.28 0.105037 2000 -45.376
6.3 0.108439 2000 -46.8456
6.32 0.110931 2000 -47.9223
6.34 0.112474 2000 -48.5889
6.36 0.113062 2000 -48.8426
6.38 0.112636 2000 -48.6587
6.4 0.110912 2000 -47.9139
6.42 0.10748 2000 -46.4314
6.44 0.102137 2000 -44.1233
6.46 0.0950088 2000 -41.0438
6.48 0.0864258 2000 -37.3359
6.5 0.0767773 2000 -33.1678
6.52 0.0664144 2000 -28.691
6.54 0.0556144 2000 -24.0254
6.56 0.0445812 2000 -19.2591
6.58 0.0334124 2000 -14.4342
6.6 0.0220719 2000 -9.53506
6.62 0.0104642 2000 -4.52053
6.64 -0.00145959 2000 0.630541
6.66 -0.0136986 2000 5.9178
6.68 -0.0262586 2000 11.3437
6.7 -0.0391581 2000 16.9163
6.72 -0.0523987 2000 22.6362
6.74 -0.0659276 2000 28.4807
6.76 -0.0795411 2000 34.3618
6.78 -0.09277 2000 40.0767
6.8 -0.104883 2000 45.3096
6.82 -0.115028 2000 49.6922
6.84 -0.122439 2000 52.8935
6.86 -0.126649 2000 54.7122
6.88 -0.127599 2000 55.1226
6.9 -0.125534 2000 54.2306
6.92 -0.120811 2000 52.1902
6.94 -0.113805 2000 49.1637
6.96 -0.104889 2000 45.312
6.98 -0.0943523 2000 40.7602
7 -0.0823258 2000 35.5647
7.02 -0.0688362 2000 29.7373
7.04 -0.0539276 2000 23.2967
7.06 -0.0377468 2000 16.3066
7.08 -0.0205981 2000 8.89838
7.1 -0.0029539 2000 1.27609
7.12 0.0145904 2000 -6.30303
7.14 0.031379 2000 -13.5557
7.16 0.0467399 2000 -20.1916
7.18 0.0600215 2000 -25.9293
7.2 0.0706631 2000 -30.5265
7.22 0.0783343 2000 -33.8404
7.24 0.0830884 2000 -35.8942
7.26 0.0854097 2000 -36.897
7.28 0.0861562 2000 -37.2195
7.3 0.086391 2000 -37.3209
7.32 0.0869461 2000 -37.5607
7.34 0.0879033 2000 -37.9742
7.36 0.0885745 2000 -38.2642
7.38 0.0879831 2000 -38.0087
7.4 0.0852173 2000 -36.8139
7.42 0.0795013 2000 -34.3446
7.44 0.0703679 2000 -30.3989
7.46 0.0579225 2000 -25.0225
7.48 0.0428341 2000 -18.5043
7.5 0.0261316 2000 -11.2888
7.52 0.00910684 2000 -3.93416
7.54 -0.00687886 2000 2.97167
7.56 -0.0209459 2000 9.04865
7.58 -0.033117 2000 14.3066
7.6 -0.0440932 2000 19.0483
7.62 -0.0547573 2000 23.6551
7.64 -0.0659005 2000 28.469
7.66 -0.0781023 2000 33.7402
7.68 -0.0915986 2000 39.5706
7.7 -0.106196 2000 45.8766
7.72 -0.121326 2000 52.413
7.74 -0.13624 2000 58.8556
7.76 -0.150161 2000 64.8697
7.78 -0.162279 2000 70.1046
7.8 -0.171775 2000 74.2066
7.82 -0.178059 2000 76.9216
7.84 -0.180938 2000 78.165
7.86 -0.180534 2000 77.9908
7.88 -0.17721 2000 76.5547
7.9 -0.171519 2000 74.0963
7.92 -0.164036 2000 70.8637
7.94 -0.155104 2000 67.005
7.96 -0.144764 2000 62.5381
7.98 -0.132894 2000 57.4104
8 -0.119345 2000 51.5571
8.02 -0.103982 2000 44.9204
8.04 -0.0867966 2000 37.4961
8.06 -0.0681336 2000 29.4337
8.08 -0.0487657 2000 21.0668
8.1 -0.029529 2000 12.7565
8.12 -0.0108649 2000 4.69363
8.14 0.0071916 2000 -3.10677
8.16 0.0246434 2000 -10.6459
8.18 0.0412733 2000 -17.8301
8.2 0.0566863 2000 -24.4885
8.22 0.0704294 2000 -30.4255
8.24 0.0820257 2000 -35.4351
8.26 0.0910816 2000 -39.3472
8.28 0.0975679 2000 -42.1493
8.3 0.101982 2000 -44.0563
8.32 0.105122 2000 -45.4128
8.34 0.107651 2000 -46.5052
8.36 0.109841 2000 -47.4513
8.38 0.111613 2000 -48.2167
8.4 0.112675 2000 -48.6755
8.42 0.112644 2000 -48.6621
8.44 0.11119 2000 -48.0339
8.46 0.108132 2000 -46.7132
8.48 0.103373 2000 -44.6571
8.5 0.0968239 2000 -41.8279
8.52 0.0885468 2000 -38.2522
8.54 0.078889 2000 -34.08
8.56 0.068357 2000 -29.5302
8.58 0.0573765 2000 -24.7867
8.6 0.0462581 2000 -19.9835
8.62 0.0353407 2000 -15.2672
8.64 0.0250245 2000 -10.8106
8.66 0.0156238 2000 -6.74947
8.68 0.00726809 2000 -3.13981
8.7 -3.21515e-05 2000 0.0138895
8.72 -0.00629792 2000 2.7207
8.74 -0.0115814 2000 5.00314
8.76 -0.0159625 2000 6.89578
8.78 -0.0194673 2000 8.40987
8.8 -0.0220159 2000 9.51086
8.82 -0.0234956 2000 10.1501
8.84 -0.02387 2000 10.3118
8.86 -0.0231814 2000 10.0144
8.88 -0.0214196 2000 9.25328
8.9 -0.0184259 2000 7.95999
8.92 -0.0140506 2000 6.06984
8.94 -0.00843767 2000 3.64507
8.96 -0.00210449 2000 0.909141
8.98 0.00429823 2000 -1.85683
9 0.0103648 2000 -4.47758
9.02 0.016051 2000 -6.93403
9.04 0.0213821 2000 -9.23708
9.06 0.0261599 2000 -11.3011
9.08 0.0300232 2000 -12.97
9.1 0.0327039 2000 -14.1281
9.12 0.034185 2000 -14.7679
9.14 0.034714 2000 -14.9965
9.16 0.0347223 2000 -15
9.18 0.034581 2000 -14.939
9.2 0.0342805 2000 -14.8092
9.22 0.0334106 2000 -14.4334
9.24 0.0314568 2000 -13.5893
9.26 0.028032 2000 -12.1098
9.28 0.0229368 2000 -9.9087
9.3 0.0162026 2000 -6.99952
9.32 0.00809347 2000 -3.49638
9.34 -0.00101752 2000 0.439568
9.36 -0.0108325 2000 4.67962
9.38 -0.02126 2000 9.18432
9.4 -0.0323481 2000 13.9744
9.42 -0.0439675 2000 18.994
9.44 -0.0555701 2000 24.0063
9.46 -0.0663649 2000 28.6696
9.48 -0.0757067 2000 32.7053
9.5 -0.0832705 2000 35.9729
9.52 -0.0890081 2000 38.4515
9.54 -0.0931151 2000 40.2257
9.56 -0.096 2000 41.472
9.58 -0.0981803 2000 42.4139
9.6 -0.100098 2000 43.2424
9.62 -0.101846 2000 43.9973
9.64 -0.102962 2000 44.4796
9.66 -0.102519 2000 44.2882
9.68 -0.0994646 2000 42.9687
9.7 -0.0930595 2000 40.2017
9.72 -0.083149 2000 35.9204
9.74 -0.0700298 2000 30.2529
9.76 -0.0540532 2000 23.351
9.78 -0.0354793 2000 15.3271
9.8 -0.0148121 2000 6.39884
9.82 0.00684426 2000 -2.95672
9.84 0.0279655 2000 -12.0811
9.86 0.0471651 2000 -20.3753
9.88 0.0635928 2000 -27.4721
9.9 0.0769923 2000 -33.2607
9.92 0.0876 2000 -37.8432
9.94 0.0960424 2000 -41.4903
9.96 0.10319 2000 -44.5779
9.98 0.10993 2000 -47.4897
10 0.116942 2000 -50.519
10.02 0.124509 2000 -53.7881
10.04 0.132474 2000 -57.2288
10.06 0.140414 2000 -60.6588
10.08 0.147873 2000 -63.8812
10.1 0.154462 2000 -66.7276
10.12 0.159846 2000 -69.0536
10.14 0.163675 2000 -70.7076
10.16 0.165485 2000 -71.4895
10.18 0.164764 2000 -71.1782
10.2 0.161289 2000 -69.6769
10.22 0.155378 2000 -67.1233
10.24 0.147641 2000 -63.7807
10.26 0.138436 2000 -59.8042
10.28 0.127678 2000 -55.1569
10.3 0.11512 2000 -49.7319
10.32 0.100657 2000 -43.484
10.34 0.0844149 2000 -36.4673
10.36 0.0667625 2000 -28.8414
10.38 0.0482776 2000 -20.8559
10.4 0.0295509 2000 -12.766
10.42 0.0109452 2000 -4.72832
10.44 -0.00744722 2000 3.2172
10.46 -0.0256509 2000 11.0812
10.48 -0.0436642 2000 18.8629
10.5 -0.0614128 2000 26.5303
10.52 -0.0788235 2000 34.0517
10.54 -0.0959123 2000 41.4341
10.56 -0.112638 2000 48.6598
10.58 -0.128731 2000 55.6118
10.6 -0.143881 2000 62.1566
10.62 -0.157958 2000 68.2376
10.64 -0.170766 2000 73.771
10.66 -0.181681 2000 78.4862
10.68 -0.189732 2000 81.9641
10.7 -0.194116 2000 83.8583
10.72 -0.194656 2000 84.0915
10.74 -0.191792 2000 82.8542
10.76 -0.186175 2000 80.4276
10.78 -0.178216 2000 76.9893
10.8 -0.167907 2000 72.5358
10.82 -0.155066 2000 66.9887
10.84 -0.139799 2000 60.3932
10.86 -0.122661 2000 52.9894
10.88 -0.104416 2000 45.1075
10.9 -0.085697 2000 37.0211
10.92 -0.0667646 2000 28.8423
10.94 -0.0474503 2000 20.4985
10.96 -0.0274019 2000 11.8376
10.98 -0.00652459 2000 2.81862
11 0.0147273 2000 -6.36218
11.02 0.0354894 2000 -15.3314
11.04 0.0549586 2000 -23.7421
11.06 0.0728451 2000 -31.4691
11.08 0.0894716 2000 -38.6517
11.1 0.105452 2000 -45.5551
11.12 0.121193 2000 -52.3555
11.14 0.136508 2000 -58.9716
11.16 0.150586 2000 -65.0531
11.18 0.162499 2000 -70.1998
11.2 0.171844 2000 -74.2367
11.22 0.178814 2000 -77.2477
11.24 0.183775 2000 -79.3909
11.26 0.186931 2000 -80.7542
11.28 0.188272 2000 -81.3336
11.3 0.187656 2000 -81.0674
11.32 0.184907 2000 -79.8799
11.34 0.179898 2000 -77.7161
11.36 0.172571 2000 -74.5508
11.38 0.162919 2000 -70.3809
11.4 0.150979 2000 -65.2229
11.42 0.136854 2000 -59.121
11.44 0.120712 2000 -52.1477
11.46 0.102763 2000 -44.3935
11.48 0.0832367 2000 -35.9582
11.5 0.0623816 2000 -26.9488
11.52 0.0404612 2000 -17.4792
11.54 0.0177424 2000 -7.66472
11.56 -0.00554195 2000 2.39412
11.58 -0.0292539 2000 12.6377
11.6 -0.0533656 2000 23.0539
11.62 -0.0778205 2000 33.6185
11.64 -0.102298 2000 44.1929
11.66 -0.126113 2000 54.4807
11.68 -0.148312 2000 64.0708
11.7 -0.167968 2000 72.5623
11.72 -0.184585 2000 79.7406
11.74 -0.198254 2000 85.6456
11.76 -0.209404 2000 90.4625
11.78 -0.218487 2000 94.3863
11.8 -0.225753 2000 97.5251
11.82 -0.231032 2000 99.8059
11.84 -0.233681 2000 100.95
11.86 -0.23287 2000 100.6
11.88 -0.228058 2000 98.5211
11.9 -0.219225 2000 94.7051
11.92 -0.206739 2000 89.3114
11.94 -0.191246 2000 82.6182
11.96 -0.173737 2000 75.0543
11.98 -0.155446 2000 67.1526
12 -0.137361 2000 59.34
12.02 -0.119767 2000 51.7393
12.04 -0.102305 2000 44.1958
12.06 -0.0843614 2000 36.4441
12.08 -0.065256 2000 28.1906
12.1 -0.0442739 2000 19.1263
12.12 -0.0210031 2000 9.07334
12.14 0.00411168 2000 -1.77625
12.16 0.0297928 2000 -12.8705
12.18 0.0546381 2000 -23.6037
12.2 0.0777465 2000 -33.5865
12.22 0.0989081 2000 -42.7283
12.24 0.11834 2000 -51.123
12.26 0.136109 2000 -58.7989
12.28 0.151906 2000 -65.6235
12.3 0.165416 2000 -71.4596
12.32 0.176536 2000 -76.2636
12.34 0.185122 2000 -79.9729
12.36 0.19077 2000 -82.4128
12.38 0.193051 2000 -83.3979
12.4 0.191966 2000 -82.9293
12.42 0.188143 2000 -81.2779
12.44 0.182484 2000 -78.8329
12.46 0.175512 2000 -75.8211
12.48 0.167057 2000 -72.1686
12.5 0.156524 2000 -67.6183
12.52 0.143369 2000 -61.9356
12.54 0.127409 2000 -55.0407
12.56 0.108907 2000 -47.0476
12.58 0.0884953 2000 -38.23
12.6 0.0669899 2000 -28.9396
12.62 0.0450992 2000 -19.4828
12.64 0.0231065 2000 -9.98199
12.66 0.000804787 2000 -0.347668
12.68 -0.0222325 2000 9.60444
12.7 -0.0463078 2000 20.005
12.72 -0.0713606 2000 30.8278
12.74 -0.0968567 2000 41.8421
12.76 -0.121749 2000 52.5954
12.78 -0.144587 2000 62.4617
12.8 -0.163967 2000 70.8335
12.82 -0.178982 2000 77.32
12.84 -0.189313 2000 81.7832
12.86 -0.195116 2000 84.2903
12.88 -0.196895 2000 85.0587
12.9 -0.195321 2000 84.3787
12.92 -0.191068 2000 82.5414
12.94 -0.184745 2000 79.81
12.96 -0.176933 2000 76.4351
12.98 -0.168249 2000 72.6834
13 -0.15929 2000 68.8131
13.02 -0.150337 2000 64.9457
13.04 -0.141115 2000 60.9616
13.06 -0.131049 2000 56.6132
13.08 -0.11979 2000 51.7493
13.1 -0.107352 2000 46.3762
13.12 -0.0938529 2000 40.5445
13.14 -0.0793569 2000 34.2822
13.16 -0.0640415 2000 27.6659
13.18 -0.0483162 2000 20.8726
13.2 -0.0325868 2000 14.0775
13.22 -0.0169163 2000 7.30784
13.24 -0.0010245 2000 0.442584
13.26 0.0153569 2000 -6.63418
13.28 0.0321639 2000 -13.8948
13.3 0.0490106 2000 -21.1726
13.32 0.0654176 2000 -28.2604
13.34 0.0809547 2000 -34.9724
13.36 0.095224 2000 -41.1368
13.38 0.107896 2000 -46.611
13.4 0.118877 2000 -51.3549
13.42 0.12836 2000 -55.4515
13.44 0.136613 2000 -59.0167
13.46 0.143752 2000 -62.1007
13.48 0.149722 2000 -64.68
13.5 0.154382 2000 -66.693
13.52 0.157494 2000 -68.0373
13.54 0.158652 2000 -68.5377
13.56 0.157266 2000 -67.9389
13.58 0.152607 2000 -65.9262
13.6 0.143917 2000 -62.1723
13.62 0.13065 2000 -56.4408
13.64 0.112715 2000 -48.6931
13.66 0.0905184 2000 -39.104
13.68 0.0648277 2000 -28.0056
13.7 0.0366032 2000 -15.8126
13.72 0.006777 2000 -2.92766
13.74 -0.0239271 2000 10.3365
13.76 -0.0549709 2000 23.7474
13.78 -0.0858511 2000 37.0877
13.8 -0.115996 2000 50.1102
13.82 -0.14473 2000 62.5235
13.84 -0.171303 2000 74.0029
13.86 -0.194978 2000 84.2305
13.88 -0.215133 2000 92.9376
13.9 -0.231341 2000 99.9394
13.92 -0.243444 2000 105.168
13.94 -0.251524 2000 108.658
13.96 -0.255724 2000 110.473
13.98 -0.256072 2000 110.623
14 -0.252474 2000 109.069
14.02 -0.244769 2000 105.74
14.04 -0.232795 2000 100.567
14.06 -0.216519 2000 93.5362
14.08 -0.196155 2000 84.7389
14.1 -0.172172 2000 74.3782
14.12 -0.145265 2000 62.7544
14.14 -0.116368 2000 50.271
14.16 -0.0866458 2000 37.431
14.18 -0.0573139 2000 24.7596
14.2 -0.0292835 2000 12.6505
14.22 -0.00297929 2000 1.28705
14.24 0.0214503 2000 -9.26652
14.26 0.0438452 2000 -18.9411
14.28 0.063981 2000 -27.6398
14.3 0.0816542 2000 -35.2746
14.32 0.0967198 2000 -41.783
14.34 0.10908 2000 -47.1227
14.36 0.118695 2000 -51.2764
14.38 0.125624 2000 -54.2696
14.4 0.130073 2000 -56.1914
14.42 0.132357 2000 -57.1784
14.44 0.132776 2000 -57.3591
14.46 0.131524 2000 -56.8184
14.48 0.128719 2000 -55.6065
14.5 0.124383 2000 -53.7334
14.52 0.118387 2000 -51.1431
14.54 0.110473 2000 -47.7245
14.56 0.10037 2000 -43.36
14.58 0.0878985 2000 -37.9721
14.6 0.0731029 2000 -31.5805
14.62 0.0563747 2000 -24.3539
14.64 0.0384004 2000 -16.589
14.66 0.0199494 2000 -8.61815
14.68 0.00166202 2000 -0.717993
14.7 -0.016077 2000 6.94528
14.72 -0.0331167 2000 14.3064
14.74 -0.0493534 2000 21.3207
14.76 -0.0644905 2000 27.8599
14.78 -0.0779422 2000 33.671
14.8 -0.0890098 2000 38.4522
14.82 -0.0971672 2000 41.9762
14.84 -0.102154 2000 44.1304
14.86 -0.103853 2000 44.8646
14.88 -0.102202 2000 44.1514
14.9 -0.0972294 2000 42.0031
14.92 -0.0890969 2000 38.4899
14.94 -0.0780155 2000 33.7027
14.96 -0.0640739 2000 27.6799
14.98 -0.0471575 2000 20.372
15 -0.0270404 2000 11.6814
15.02 -0.00352628 2000 1.52335
15.04 0.023459 2000 -10.1343
15.06 0.0537531 2000 -23.2214
15.08 0.0868705 2000 -37.528
15.1 0.122083 2000 -52.74
15.12 0.158577 2000 -68.5051
15.14 0.195505 2000 -84.4583
15.16 0.231995 2000 -100.222
15.18 0.267239 2000 -115.447
15.2 0.300695 2000 -129.9
15.22 0.33214 2000 -143.484
15.24 0.361462 2000 -156.151
15.26 0.388371 2000 -167.776
15.28 0.412255 2000 -178.094
15.3 0.432277 2000 -186.744
15.32 0.44757 2000 -193.35
15.34 0.457348 2000 -197.574
15.36 0.46093 2000 -199.122
15.38 0.457781 2000 -197.761
15.4 0.447639 2000 -193.38
15.42 0.430566 2000 -186.004
15.44 0.406779 2000 -175.728
15.46 0.376451 2000 -162.627
15.48 0.339728 2000 -146.763
15.5 0.29684 2000 -128.235
15.52 0.248117 2000 -107.186
15.54 0.193934 2000 -83.7795
15.56 0.134684 2000 -58.1835
15.58 0.0708683 2000 -30.6151
15.6 0.00336464 2000 -1.45352
15.62 -0.0663669 2000 28.6705
15.64 -0.136502 2000 58.969
15.66 -0.20531 2000 88.6938
15.68 -0.271344 2000 117.221
15.7 -0.333352 2000 144.008
15.72 -0.390161 2000 168.55
15.74 -0.440687 2000 190.377
15.76 -0.483998 2000 209.087
15.78 -0.519403 2000 224.382
15.8 -0.546486 2000 236.082
15.82 -0.565047 2000 244.1
15.84 -0.575039 2000 248.417
15.86 -0.576575 2000 249.081
15.88 -0.56995 2000 246.218
15.9 -0.555569 2000 240.006
15.92 -0.533818 2000 230.609
15.94 -0.504974 2000 218.149
15.96 -0.469291 2000 202.734
15.98 -0.427188 2000 184.545
16 -0.379386 2000 163.895
16.02 -0.326838 2000 141.194
16.04 -0.270495 2000 116.854
16.06 -0.211136 2000 91.2109
16.08 -0.149419 2000 64.5491
16.1 -0.0860475 2000 37.1725
16.12 -0.0219091 2000 9.46474
16.14 0.0419396 2000 -18.1179
16.16 0.104392 2000 -45.0972
16.18 0.164388 2000 -71.0154
16.2 0.220951 2000 -95.4509
16.22 0.273187 2000 -118.017
16.24 0.320272 2000 -138.357
16.26 0.361522 2000 -156.177
16.28 0.396581 2000 -171.323
16.3 0.425568 2000 -183.845
16.32 0.448891 2000 -193.921
16.34 0.46687 2000 -201.688
16.36 0.479505 2000 -207.146
16.38 0.486504 2000 -210.17
16.4 0.487453 2000 -210.58
16.42 0.481995 2000 -208.222
16.44 0.469929 2000 -203.009
16.46 0.451266 2000 -194.947
16.48 0.426217 2000 -184.126
16.5 0.39512 2000 -170.692
16.52 0.358348 2000 -154.807
16.54 0.316258 2000 -136.624
16.56 0.269174 2000 -116.283
16.58 0.217428 2000 -93.929
16.6 0.161392 2000 -69.7213
16.62 0.101505 2000 -43.85
16.64 0.0384187 2000 -16.5969
16.66 -0.0267144 2000 11.5406
16.68 -0.0921426 2000 39.8056
16.7 -0.155815 2000 67.3122
16.72 -0.215795 2000 93.2235
16.74 -0.270491 2000 116.852
16.76 -0.31875 2000 137.7
16.78 -0.359858 2000 155.459
16.8 -0.393427 2000 169.961
16.82 -0.419243 2000 181.113
16.84 -0.437199 2000 188.87
16.86 -0.447341 2000 193.251
16.88 -0.44988 2000 194.348
16.9 -0.445084 2000 192.276
16.92 -0.433176 2000 187.132
16.94 -0.414381 2000 179.013
16.96 -0.38904 2000 168.065
16.98 -0.357683 2000 154.519
17 -0.321009 2000 138.676
17.02 -0.279799 2000 120.873
17.04 -0.2348 2000 101.434
17.06 -0.186644 2000 80.6303
17.08 -0.135863 2000 58.6929
17.1 -0.0829712 2000 35.8436
17.12 -0.0285086 2000 12.3157
17.14 0.0269288 2000 -11.6332
17.16 0.0825818 2000 -35.6753
17.18 0.137428 2000 -59.369
17.2 0.190244 2000 -82.1854
17.22 0.239767 2000 -103.58
17.24 0.284845 2000 -123.053
17.26 0.324548 2000 -140.205
17.28 0.358279 2000 -154.777
17.3 0.385831 2000 -166.679
17.32 0.407305 2000 -175.956
17.34 0.4229 2000 -182.693
17.36 0.432737 2000 -186.943
17.38 0.436776 2000 -188.687
17.4 0.434818 2000 -187.841
17.42 0.426617 2000 -184.299
17.44 0.412017 2000 -177.991
17.46 0.391087 2000 -168.949
17.48 0.364236 2000 -157.35
17.5 0.332176 2000 -143.5
17.52 0.295678 2000 -127.733
17.54 0.255418 2000 -110.341
17.56 0.212039 2000 -91.6009
17.58 0.166251 2000 -71.8204
17.6 0.118841 2000 -51.3392
17.62 0.0706239 2000 -30.5095
17.64 0.0224013 2000 -9.67736
17.66 -0.0250657 2000 10.8284
17.68 -0.071086 2000 30.7091
17.7 -0.115082 2000 49.7156
17.72 -0.156606 2000 67.6539
17.74 -0.195384 2000 84.4057
17.76 -0.231459 2000 99.9903
17.78 -0.265159 2000 114.549
17.8 -0.296703 2000 128.176
17.82 -0.325833 2000 140.76
17.84 -0.351782 2000 151.97
17.86 -0.373592 2000 161.392
17.88 -0.39053 2000 168.709
17.9 -0.402287 2000 173.788
17.92 -0.40885 2000 176.623
17.94 -0.410324 2000 177.26
17.96 -0.406875 2000 175.77
17.98 -0.398686 2000 172.232
18 -0.385872 2000 166.697
18.02 -0.368447 2000 159.169
18.04 -0.346411 2000 149.649
18.06 -0.319822 2000 138.163
18.08 -0.288778 2000 124.752
18.1 -0.253359 2000 109.451
18.12 -0.213696 2000 92.3166
18.14 -0.170163 2000 73.5102
18.16 -0.123418 2000 53.3168
18.18 -0.0742738 2000 32.0863
18.2 -0.023594 2000 10.1926
18.22 0.0276879 2000 -11.9612
18.24 0.0785894 2000 -33.9506
18.26 0.128194 2000 -55.3796
18.28 0.17577 2000 -75.9325
18.3 0.22076 2000 -95.3681
18.32 0.262631 2000 -113.457
18.34 0.300747 2000 -129.923
18.36 0.334375 2000 -144.45
18.38 0.362795 2000 -156.728
18.4 0.385396 2000 -166.491
18.42 0.401701 2000 -173.535
18.44 0.411383 2000 -177.717
18.46 0.414264 2000 -178.962
18.48 0.410345 2000 -177.269
18.5 0.399816 2000 -172.72
18.52 0.383033 2000 -165.47
18.54 0.360538 2000 -155.753
18.56 0.333143 2000 -143.918
18.58 0.301887 2000 -130.415
18.6 0.2678 2000 -115.69
18.62 0.23168 2000 -100.086
18.64 0.194052 2000 -83.8305
18.66 0.155255 2000 -67.0702
18.68 0.115577 2000 -49.9291
18.7 0.0753409 2000 -32.5473
18.72 0.0349342 2000 -15.0916
18.74 -0.00521537 2000 2.25304
18.76 -0.044691 2000 19.3065
18.78 -0.0831735 2000 35.931
18.8 -0.120508 2000 52.0595
18.82 -0.156655 2000 67.6748
18.84 -0.191496 2000 82.7263
18.86 -0.224656 2000 97.0515
18.88 -0.255492 2000 110.373
18.9 -0.283242 2000 122.361
18.92 -0.307209 2000 132.714
18.94 -0.326895 2000 141.219
18.96 -0.341988 2000 147.739
18.98 -0.35226 2000 152.177
19 -0.357513 2000 154.446
19.02 -0.357597 2000 154.482
19.04 -0.352496 2000 152.278
19.06 -0.342403 2000 147.918
19.08 -0.32771 2000 141.571
19.1 -0.308926 2000 133.456
19.12 -0.286585 2000 123.805
19.14 -0.261179 2000 112.829
19.16 -0.233098 2000 100.699
19.18 -0.202649 2000 87.5443
19.2 -0.170115 2000 73.4899
19.22 -0.135772 2000 58.6535
19.24 -0.0998008 2000 43.1139
19.26 -0.0622558 2000 26.8945
19.28 -0.0231869 2000 10.0167
19.3 0.0171386 2000 -7.40389
19.32 0.0581186 2000 -25.1072
19.34 0.0989239 2000 -42.7351
19.36 0.138685 2000 -59.9118
19.38 0.176569 2000 -76.278
19.4 0.211782 2000 -91.4896
19.42 0.243613 2000 -105.241
19.44 0.2716 2000 -117.331
19.46 0.29562 2000 -127.708
19.48 0.315779 2000 -136.416
19.5 0.332178 2000 -143.501
19.52 0.344786 2000 -148.948
19.54 0.353486 2000 -152.706
19.56 0.358179 2000 -154.734
19.58 0.358832 2000 -155.016
19.6 0.355495 2000 -153.574
19.62 0.348361 2000 -150.492
19.64 0.337811 2000 -145.935
19.66 0.324332 2000 -140.111
19.68 0.308385 2000 -133.222
19.7 0.290372 2000 -125.441
19.72 0.270631 2000 -116.913
19.74 0.249384 2000 -107.734
19.76 0.226714 2000 -97.9403
19.78 0.20264 2000 -87.5406
19.8 0.177213 2000 -76.5559
19.82 0.150537 2000 -65.0319
19.84 0.122814 2000 -53.0556
19.86 0.0944017 2000 -40.7815
19.88 0.0657802 2000 -28.4171
19.9 0.0373977 2000 -16.1558
19.92 0.00955562 2000 -4.12803
19.94 -0.017557 2000 7.58464
19.96 -0.0437475 2000 18.8989
19.98 -0.0687314 2000 29.692
20 -0.0921276 2000 39.7991
