0.1 -3.89945e-19
0.2 -3.77845e-19
0.3 -3.02729e-18
0.4 -1.3807e-18
0.5 6.4038e-19
0.6 -3.67355e-18
0.7 1.75193e-18
0.8 -9.4035e-18
0.9 4.75138e-18
1 2.58576e-17
-3934.35 -0.309
-4504.63 -0.3541
-6835.07 -0.5368
-8822.17 -0.6938
-11692.3 -0.9271
-12166.6 -0.9668
-10565.4 -0.8368
-12011.7 -0.9541
-11681.3 -0.9271
-11547.5 -0.9162
-14990.6 -1.2072
-15662.3 -1.2668
-18879.6 -1.5559
-15550.1 -1.2577
-17541.5 -1.435
-18342.2 -1.5072
-15529.5 -1.2559
-15653.4 -1.2668
-14495.6 -1.1657
-14684 -1.182
-11495.8 -0.9126
-10814.8 -0.8567
-7492.6 -0.591
-12129.6 -0.965
-8087.32 -0.6379
-11760.1 -0.9343
-14911.2 -1.2018
-11452 -0.909
-12558.7 -1.001
-14704.5 -1.1838
-15220.9 -1.2289
-17854.1 -1.4639
-20892.4 -1.7477
-18707.8 -1.5451
-17992.9 -1.4802
-21272.3 -1.7838
-25244.5 -2.165
-24750.1 -2.118
-27570.7 -2.3892
-28332.4 -2.4632
-31564.1 -2.783
-30613.3 -2.691
-37135.8 -3.3361
-36581.2 -3.282
-33779.3 -3.0072
-37053.1 -3.3289
-34173.1 -3.0469
-36296.4 -3.2549
-36844.4 -3.309
-37590.4 -3.383
-36824.1 -3.309
-40168 -3.6379
-39591.9 -3.582
-39684.8 -3.591
-39405.3 -3.5639
-42901.3 -3.909
-46077.6 -4.2307
-43113.5 -3.9415
-42966.6 -3.9271
-45552.7 -4.1802
-45753.2 -4.2
-45753.2 -4.2
-42402.6 -3.8729
-46207.2 -4.2469
-45558.4 -4.1838
-48587.5 -4.4838
-48838.2 -4.509
-49089.3 -4.5343
-49285.5 -4.5541
-49025.4 -4.5289
-46128.5 -4.2469
-42691 -3.909
-46583.5 -4.2902
-45281.4 -4.1639
-46507.1 -4.283
-46302.6 -4.2632
-42574.4 -3.9
-42947.2 -3.9361
-42667.2 -3.909
-43132.7 -3.9541
-39788.7 -3.6289
-43247.8 -3.9668
-42856.2 -3.9289
-36793.5 -3.3361
-35989.6 -3.2567
-35697.4 -3.2278
-33330.7 -2.9928
-36599.1 -3.3108
-35647.7 -3.2188
-36487 -3.3
-37359.2 -3.3848
-36668.4 -3.318
-38809.1 -3.526
-40206.8 -3.6632
-39088.5 -3.5549
-36305.6 -3.2838
-36920.8 -3.3433
-33662.4 -3.0271
-36396.7 -3.2928
-33304 -2.9928
-33490.5 -3.0108
-29615.3 -2.635
-29952.8 -2.6675
-27569.6 -2.4379
-27269.5 -2.409
-24145.8 -2.109
-24279.2 -2.1216
-20967.6 -1.809
-20872.3 -1.8
-18301.2 -1.5577
-21273.1 -1.8361
-17970.6 -1.5271
-17990.2 -1.5289
-18282.7 -1.5559
-14183.3 -1.1856
-17873.6 -1.518
-14649.5 -1.2271
-10789.2 -0.891
-14760.5 -1.2361
-11002.2 -0.909
-14557.2 -1.218
-10209.4 -0.8423
-15063.6 -1.2632
-10895.4 -0.9
-15083.7 -1.265
-11001.8 -0.909
-14556.6 -1.218
-15103.7 -1.2668
-14657.5 -1.2271
-14148.9 -1.182
-13923.8 -1.1621
-11574.6 -0.9577
-11215.3 -0.9271
-7971.97 -0.6577
-7146.46 -0.591
-7258.44 -0.6
-6446.48 -0.535
-7191.26 -0.5946
-7817.48 -0.6451
-7706.19 -0.6361
-7011.87 -0.5802
-7236.02 -0.5982
-8284.1 -0.683
-7950.71 -0.6559
-7011.87 -0.5802
-7370.35 -0.609
-7482.04 -0.618
-3557.63 -0.3072
-7594.75 -0.6271
-3236.53 -0.282
333.441 -0.0018
-103.697 -0.0361
494.02 0.0108
-3351.98 -0.291
-2156.56 -0.1972
218.781 -0.0108
954.013 0.0469
-4501.13 -0.3812
-3237.05 -0.282
-3328.82 -0.2892
-3811.83 -0.3271
-3788.89 -0.3253
-7482.88 -0.618
-7595.59 -0.6271
-3351.84 -0.291
-6311.78 -0.5242
-7147.34 -0.591
-6899.13 -0.5711
-8924.04 -0.7353
-8307.07 -0.6848
-3098.72 -0.2711
-7707.6 -0.6361
-7483.4 -0.618
-10451.6 -0.8621
-10688.8 -0.882
-11094.2 -0.9162
-10580 -0.8729
-10580 -0.8729
-8373.37 -0.6902
-10667.1 -0.8802
-7035.56 -0.582
-10795.5 -0.891
-7573.59 -0.6253
-11030.1 -0.9108
-8505.57 -0.701
-3858.92 -0.3307
-7126.54 -0.5892
-7953.26 -0.6559
9.23641 -0.0271
239.826 -0.009
-3100.33 -0.2711
-357.822 -0.0559
-6586.11 -0.5459
469.057 0.009
-2319.33 -0.2098
-6586.11 -0.5459
-7373.15 -0.609
-10148.7 -0.8368
-6040.26 -0.5026
-10579.6 -0.8729
-10343.4 -0.8531
-10493.7 -0.8657
-11222.7 -0.9271
-10472.2 -0.8639
-10278.9 -0.8477
-11029.9 -0.9108
-10472.2 -0.8639
-11920.9 -0.9866
-13771.8 -1.1477
-13995.9 -1.1675
-10472.2 -0.8639
-15394 -1.292
-13849.6 -1.1549
-14156.7 -1.182
-10491.4 -0.8657
-10856.9 -0.8964
-6942.73 -0.5747
-7280.27 -0.6018
-8106.51 -0.6686
-3971.45 -0.3397
-7548.55 -0.6234
-3396.78 -0.2946
-746.621 -0.0866
-4340.23 -0.3686
-654.876 -0.0794
-540.194 -0.0704
2110.06 0.1376
-218.263 -0.0451
2800.73 0.1918
7727.49 0.5838
5329.2 0.3889
6135.63 0.4539
9316.7 0.716
12752.7 1.007
13785.8 1.0972
15212.4 1.2222
16450.3 1.3322
19632.5 1.6232
18818.4 1.5474
22287.8 1.8745
22647.5 1.9088
25160.1 2.1474
25141.1 2.1456
28365.5 2.4546
27387 2.3608
27576.4 2.3789
30576.4 2.6698
30389.8 2.6518
31227.5 2.733
29820.9 2.5977
32777.1 2.885
32777.1 2.885
33586.5 2.9644
39697.9 3.5771
35063 3.1219
38826.4 3.4923
36203.9 3.2356
38964.9 3.5067
37395.1 3.3533
40698.1 3.6786
41438.5 3.7526
40282.5 3.6407
40487.3 3.6605
41232.2 3.7327
43406.2 3.9479
43313.3 3.9389
46218.5 4.2263
43437.3 3.9552
50193.5 4.6309
49160.6 4.5299
46294.9 4.2479
48301.8 4.4451
48574.4 4.4721
49228.3 4.5371
48840.3 4.4992
48452.8 4.4613
48840.5 4.4992
49098.8 4.5245
49025 4.5173
46223.3 4.2425
49012.1 4.5173
48365.4 4.4541
47978.2 4.4162
47978.2 4.4162
48605.8 4.4776
48899.3 4.5064
45915.2 4.2137
45567.5 4.1794
42904.9 3.9155
46618.5 4.2822
42427.9 3.8704
40079.2 3.6371
40338.5 3.6624
34063.8 3.0443
37320.1 3.3642
31113 2.7534
30567.7 2.6992
30772.4 2.7191
31327.8 2.7732
28456.4 2.493
26330.5 2.2851
25737.7 2.2273
23099.8 1.9706
23970.9 2.0536
20273.2 1.7013
19572.6 1.6345
16580.4 1.3544
17098.8 1.4013
15110.4 1.2222
13479.4 1.0778
7011.35 0.532
11288.5 0.8879
3972.76 0.2879
8024.86 0.6149
989.357 0.0528
188.071 -0.0103
1058.29 0.0582
-2935.49 -0.2562
-6049.45 -0.5002
-9589.89 -0.7804
-7536.81 -0.6162
-11415.1 -0.9342
-15597 -1.3028
-18350.5 -1.5559
-21120 -1.8198
-21383.8 -1.8451
-26939 -2.3891
-22934 -2.0062
-29276.1 -2.6188
-32662.5 -2.9567
-34343 -3.1268
-37004.1 -3.3997
-42012.4 -3.9257
-42063.9 -3.9312
-45686.7 -4.3232
-45649.5 -4.3196
-47948.6 -4.5456
-47688.2 -4.5203
-50491.7 -4.7987
-52891.7 -5.0427
-55396.9 -5.3031
-58291.8 -5.6121
-61421.5 -5.9572
-60608.9 -5.8778
-63563.3 -6.1742
-62621.8 -6.0822
-71459.2 -7.0074
-69057.4 -6.7706
-70969 -6.9605
-71503.8 -7.0146
-77149 -7.6237
-76763 -7.5858
-82495.5 -8.193
-84713.1 -8.4497
-84400.5 -8.419
-90739.2 -9.1201
-86693.4 -8.719
-87257.5 -8.775
-88663 -8.918
-86887.2 -8.7425
-86377.8 -8.692
-85887.3 -8.6433
-85813.9 -8.636
-80168.1 -8.0703
-80551.3 -8.1082
-82993.7 -8.3559
-80018.4 -8.0613
-83587.9 -8.4245
-79995.6 -8.0685
-80013.8 -8.0703
-77002.5 -7.7721
-68063.4 -6.8703
-65845.9 -6.6425
-63054.9 -6.3533
-59555 -5.9866
-56758.3 -5.6902
-51865.6 -5.1641
-54318.4 -5.4082
-53952.4 -5.3721
-54900.4 -5.4659
-48969 -4.875
-45899.6 -4.5641
-45281 -4.501
-42762.2 -4.2425
-40025.4 -3.9587
-38142 -3.7616
-38233.3 -3.7706
-38781.2 -3.8247
-35411 -3.4904
-31979.3 -3.1453
-29757.7 -2.9193
-26752.7 -2.6103
-24404.6 -2.3662
-21051.2 -2.0139
-22077.3 -2.1149
-22095.6 -2.1167
-19622.5 -1.8726
-15411.9 -1.4536
-16302.8 -1.5402
-14256 -1.3412
-10203.9 -0.9474
-10996 -1.0232
-10637.4 -0.9889
-6279.28 -0.5801
-9703.72 -0.8982
-5883.54 -0.544
-2134.45 -0.2188
1870.93 0.0993
4012.37 0.2694
10537.5 0.7882
10311.4 0.7701
16989.3 1.3413
20267.2 1.6485
26633.5 2.2756
27323.2 2.3459
31808.9 2.8106
35042.9 3.1539
37978.9 3.472
42434.1 3.9673
44983.6 4.2583
47559.2 4.5583
51567.4 5.0392
51714.1 5.0572
53505.2 5.2797
58450.2 5.9248
60370 6.1869
62743.3 6.5212
64849.4 6.8284
66719 7.1104
68517.4 7.3905
71734.2 7.9165
68422.4 7.5895
70444.9 7.7902
69857.9 7.7325
67332.7 7.483
67809.2 7.5299
67497.8 7.4993
67699.2 7.5191
70772.3 7.8263
70680.7 7.8173
67350.9 7.4884
60926.1 6.8433
58269.3 6.5722
54041 6.1351
50393.6 5.7521
49538 5.6614
49266 5.6325
49467.4 5.6523
52844 5.9884
52569.2 5.9614
46877.1 5.3957
46894.4 5.3974
42862.4 4.9982
43468 5.0578
42386.1 4.9513
42570.3 4.9694
40479.9 4.7632
37632.3 4.4794
35513.9 4.266
35679.8 4.2823
37818 4.4938
35729.1 4.2877
38647.9 4.5768
35160.6 4.2317
38855.7 4.5985
32682.6 3.984
29642.5 3.675
30558.6 3.7652
24804.9 3.1923
19073.9 2.6049
16284.6 2.3122
14262.9 2.097
11734.4 1.824
5782.78 1.1627
68.9617 0.4995
-1967.88 0.2554
-4274.91 -0.0265
-8778.74 -0.5976
-14116.2 -1.1796
-21354.6 -1.9587
-21420.2 -1.9659
-23968.6 -2.2479
-27192.8 -2.611
-29323.4 -2.8551
-28374 -2.7613
-29541.7 -2.8768
-26971.1 -2.6219
-29430.2 -2.866
-31712.1 -3.0956
-33735.2 -3.3018
-35923.3 -3.5278
-33062 -3.244
-28652.9 -2.7997
-26918 -2.6224
-23772.3 -2.2971
-24940.2 -2.4126
-26647 -2.5827
-30413.7 -2.9639
-29682.5 -2.8917
-32141 -3.1358
-35114 -3.4358
-36792.8 -3.6077
-36225.4 -3.5517
-38934.7 -3.8211
-40259.8 -3.9546
-37181.2 -3.6492
-39709.7 -3.9005
-41947.9 -4.1265
-49086.2 -4.8726
-48136.4 -4.7788
-47407.6 -4.7066
-47736.9 -4.7391
-46950.9 -4.6615
-49673.8 -4.9327
-52845.8 -5.2561
-52407 -5.2128
-56017.5 -5.5742
-58928.4 -5.8742
-62091.7 -6.2102
-61141.8 -6.1164
-61980.2 -6.1994
-63944.1 -6.3966
-66663.9 -6.6767
-65403.6 -6.5522
-66315 -6.6425
-69712.5 -6.9876
-66321.6 -6.6515
-63397.8 -6.3587
-66993.7 -6.7201
-66645.9 -6.6858
-63783.8 -6.402
-67061.7 -6.7309
-63327.3 -6.3605
-63183.1 -6.3461
-62406.9 -6.2685
-56828.1 -5.7046
-59651.1 -5.9865
-60733.6 -6.0966
-54334.3 -5.4587
-54881.8 -5.5128
-55336.3 -5.5579
-49513.6 -4.9778
-49137.5 -4.9399
-46197.1 -4.6417
-42574.9 -4.2695
-42139.6 -4.2244
-39454.5 -3.9443
-40275.9 -4.0255
-34567.9 -3.4561
-34550.1 -3.4543
-31880.9 -3.1832
-29522.3 -2.9409
-26983.3 -2.677
-29352.3 -2.9121
-26348.3 -2.6139
-20640.7 -2.0355
-23930.4 -2.3626
-20368.7 -2.0084
-18591.4 -1.8293
-16354.2 -1.6015
-15580.7 -1.5221
-10676.6 -1.0105
-7985.69 -0.7232
-8349.49 -0.7592
-5488.64 -0.4701
-4629.94 -0.3708
278.743 0.1805
617.363 0.2148
1865.61 0.3415
6284.42 0.7949
11303.1 1.3209
12934.1 1.4946
9634.82 1.1676
15357.8 1.7369
18506.8 2.0567
21016.1 2.3152
23870 2.6134
24554.2 2.6856
27687.6 3.0199
26040.3 2.8575
35574.2 3.8189
32086.4 3.4738
38231 4.0882
37973.5 4.0629
43773.4 4.6431
42929.7 4.5601
48101.7 5.0771
48350 5.1024
54099.6 5.7024
54335.1 5.7276
56904.4 6.006
55730.7 5.8905
59532 6.2699
62413 6.5663
62064 6.532
64591.8 6.7833
66196.8 6.9462
69080.9 7.2462
66367.9 6.9786
71590 7.5065
69005 7.2516
71811.4 7.5317
72238 7.5751
75309.9 7.8949
74557.3 7.8209
74814.5 7.8462
73695.3 7.7361
74207.8 7.7866
74042.9 7.7704
73878.1 7.7542
73126.2 7.6802
73584.1 7.7253
77536.2 8.1263
74332.1 7.8101
73750.8 7.7524
73824.1 7.7596
72980 7.6766
74309.9 7.8083
73355.1 7.7144
70724.3 7.4542
70505.9 7.4325
70634.1 7.4451
70726.6 7.4542
67759.2 7.1614
68527.8 7.2372
68709.4 7.2552
67719.3 7.1578
64978.8 6.8866
61240.3 6.5126
59342.6 6.3209
62213.6 6.6065
57356.5 6.1255
58399.6 6.2284
57738.5 6.1634
51817 5.5743
48690.5 5.258
45866.2 4.9689
43662.6 4.741
37724.2 4.1158
37216.9 4.0616
36219.9 3.9547
34277.2 3.7449
30501.4 3.3312
28260.8 3.0818
24999.4 2.7132
23593 2.5521
20434.6 2.1854
17697.3 1.8619
18009.7 1.8926
8364.37 0.9204
6265.88 0.7016
4295.41 0.4936
2109.66 0.2604
2274.86 0.2766
-3724.28 -0.2927
-6704.44 -0.5855
-9793.21 -0.8982
-10057.7 -0.9252
-13426 -1.2721
-15419.3 -1.4801
-14542.9 -1.3935
-18212.9 -1.7585
-16916.8 -1.6303
-23196.9 -2.2592
-19474.7 -1.8889
-22151.7 -2.1546
-25396.1 -2.4816
-28200.4 -2.769
-28462.5 -2.7961
-31594.1 -3.1232
-31392.4 -3.1033
-36893.5 -3.6546
-36710.9 -3.6366
-41691.3 -4.1355
-40996.4 -4.0669
-47256.3 -4.6976
-49859.6 -4.9687
-50133.9 -4.9976
-50271.3 -5.0121
-53427.2 -5.3499
-53153.4 -5.3229
-56229.6 -5.6301
-57581.2 -5.7677
-58353.5 -5.8471
-61135.8 -6.1381
-60751.6 -6.1002
-63287.2 -6.3533
-67085.7 -6.7453
-69235.9 -6.975
-69368.8 -6.9894
-69600.8 -7.0146
-69016.1 -6.9569
-72461.3 -7.3038
-72566.1 -7.3146
-71160.3 -7.1757
-73809.6 -7.4414
-77945.1 -7.8767
-80402.8 -8.1497
-83129.6 -8.4677
-85766.5 -8.793
-91052.4 -9.5139
-91985.7 -9.6569
-92574.1 -9.7507
-91916 -9.6858
-88454.2 -9.3425
-88128.3 -9.31
-88164.8 -9.3136
-88800.4 -9.3767
-94462.7 -9.9948
-91235.3 -9.675
-94582.1 -10.0219
-88473.9 -9.4146
-93239.6 -9.9118
-94673.2 -10.0778
-90355.8 -9.6497
-90919.3 -9.7056
-84524.3 -9.0695
-85342.3 -9.1507
-79327.2 -8.5525
-81760.2 -8.7966
-75854.1 -8.2092
-75656.9 -8.1894
-72861.4 -7.9074
-70551.2 -7.6724
-70861.1 -7.703
-64619.5 -7.0814
-58842.1 -6.494
-58933.4 -6.503
-53451.1 -5.9572
-53092.4 -5.9211
-50502.5 -5.659
-47411.9 -5.3427
-47686.6 -5.3698
-43669.3 -4.9706
-39233.5 -4.5221
-38986.8 -4.4969
-37065.2 -4.2997
-36610.6 -4.2528
-34277.3 -4.0105
-36374.4 -4.2185
-36392.5 -4.2203
-36392.5 -4.2203
-33207.8 -3.9041
-32739.3 -3.8572
-33778.9 -3.96
-30577.1 -3.642
-27582 -3.3402
-25455.1 -3.1232
-21791.9 -2.7438
-22139.3 -2.7781
-20042.1 -2.5701
-19788.5 -2.5448
-16452.2 -2.2087
-13456.9 -1.9015
-14278.1 -1.9827
-13985.5 -1.9538
-7689.41 -1.3195
-3253.18 -0.8567
5254.56 0.1624
6919.37 0.4173
12282.7 1.1964
10054.8 0.9614
13254.1 1.2957
16301.8 1.6065
18210 1.8018
21759.9 2.1686
25402.3 2.5516
24175.8 2.4307
21794.7 2.1939
18749.7 1.8866
12610.3 1.247
12375.3 1.2217
12553.1 1.2397
12731.9 1.2578
7313 0.6379
2949.2 0.0488
2612.57 0.0018
2548.3 -0.0072
-2827.24 -0.627
-2895.58 -0.6342
-2476.96 -0.5927
-4824.83 -0.826
-3077.43 -0.6523
-2250.11 -0.5693
295.443 -0.309
3291.41 0.056
-8.13198 -0.327
2635.69 -0.027
607.865 -0.2621
521.416 -0.2711
-2804.18 -0.609
-2964.23 -0.6252
-2800.55 -0.609
-2691.53 -0.5982
-5888.25 -0.9162
-5815.36 -0.909
-5724.31 -0.9
-5414.09 -0.8693
-8343.83 -1.1603
-11720 -1.5
-14483.3 -1.7819
-20414.4 -2.4
-25730.3 -2.9711
-27968.6 -3.217
-29203 -3.3541
-25514.4 -2.9873
-28479.5 -3.2819
-28388.2 -3.2729
-34640.1 -3.9
-38070.7 -4.2541
-37321.3 -4.1801
-37504.8 -4.1982
-34951.3 -3.9451
-31675.1 -3.6162
-31693.3 -3.618
-25050.8 -2.953
-26255 -3.0721
-4858.03 -0.835
-5787.57 -0.927
-5587.23 -0.9072
-5150.01 -0.8639
-5131.86 -0.8621
-5423.21 -0.8909
-5515.21 -0.9
-5241.1 -0.8729
-1508.96 -0.4989
-5621.88 -0.909
-1722.52 -0.5188
-5277.84 -0.8729
-3096.77 -0.6559
-2611.7 -0.6072
820.83 -0.2548
486.815 -0.2891
994.886 -0.2368
397.102 -0.2982
662.377 -0.2711
112.144 -0.327
308.409 -0.3072
-2400.57 -0.5783
-53.0881 -0.3433
141.798 -0.3234
440.427 -0.2927
-2806.89 -0.618
-2242.9 -0.5621
462.917 -0.2891
177.319 -0.318
796.229 -0.2548
-288.57 -0.3649
-648.326 -0.401
-17.8545 -0.3378
373.014 -0.2982
69.7712 -0.3288
87.6673 -0.327
2859.83 -0.0162
252.3 -0.309
2824.22 -0.0198
-129.891 -0.3469
3388.19 0.0542
3315.72 0.0452
5840.82 0.365
2970.06 0.0018
3115.72 0.0199
3332.39 0.0469
3028.48 0.0091
2433.97 -0.0649
2828.29 -0.0162
2208.88 -0.092
2813.59 -0.018
2579.59 -0.0469
645.931 -0.2639
401.28 -0.2891
2736.71 -0.027
3145.28 0.0253
36.0665 -0.3252
197.098 -0.309
903.237 -0.2368
356.96 -0.2927
-1879.78 -0.517
-86.8155 -0.3378
125.734 -0.3162
478.587 -0.2801
13.7058 -0.327
264.017 -0.3018
389.606 -0.2891
371.799 -0.2909
85.1002 -0.3198
-2067.6 -0.535
816.52 -0.244
605.35 -0.2657
303.148 -0.2964
798.738 -0.2458
446.054 -0.2819
2999.49 0.0091
2252.18 -0.083
330.594 -0.2927
366.225 -0.2891
2864.41 -0.0072
2777.46 -0.018
2922.31 5.68989e-16
2936.78 0.0018
2646.62 -0.0342
2777.7 -0.018
5145.33 0.282
3006.52 0.0127
2625.2 -0.036
5611.79 0.3434
4830.31 0.2459
5552.77 0.3361
2878.59 -0.0018
5321.39 0.3073
4224.04 0.1701
7607.12 0.6018
5424.81 0.3271
7444.43 0.582
5417.44 0.3271
6928.48 0.517
5784.87 0.374
7790.23 0.6271
7297.91 0.5658
7442.75 0.5838
5274.61 0.3109
5260.51 0.3091
5550.66 0.3452
5274.83 0.3109
5129.67 0.2928
2411.91 -0.0523
3137.22 0.0379
5011.28 0.2766
5331.42 0.3181
2811.41 4.996e-16
2825.91 0.0018
5296.22 0.3145
3227.8 0.0542
5571.9 0.3506
4288.92 0.19
4867.92 0.2622
4780.16 0.2513
7150.79 0.5513
6860.5 0.5152
9736.31 0.8802
6912.56 0.5243
11705.8 1.0954
9549.85 0.8658
12216.2 1.1477
14720.6 1.4026
17820.7 1.7189
16652.9 1.6034
20668.1 2.0026
19588.6 1.8962
25795.1 2.516
25593.7 2.4962
25502.2 2.4872
28530.5 2.7872
30689.4 3.0042
33453.3 3.2861
32775.2 3.2194
35945.3 3.5338
38824.2 3.8248
42080.8 4.1609
41126.6 4.067
43662.9 4.3183
46984.8 4.6544
49051 4.8678
51711.5 5.148
54838.5 5.4859
56766.3 5.6993
61358.1 6.2253
58665.1 5.9596
63273.8 6.4224
63432.3 6.4387
68465.8 6.9719
65863 6.7152
67938.3 6.9214
70852.9 7.2196
73075.6 7.4547
74158.2 7.5719
76261.9 7.8052
80910 8.351
81057.5 8.3691
79994.2 8.2645
82285.6 8.4941
85699.5 8.8554
85715.9 8.8572
87868.6 9.0995
88653.7 9.1915
90367.2 9.4049
92752.2 9.7266
92348.4 9.6869
94912.1 9.958
98058.1 10.3392
96339.5 10.1696
98886.8 10.4407
97144.1 10.2688
99696.4 10.5418
102585 10.9248
101999 10.867
104276 11.1309
101338 10.84
104244 11.1652
106445 11.5031
103259 11.1869
105941 11.4851
104938 11.3858
104392 11.3317
105520 11.449
107512 11.7111
103875 11.3497
101438 11.1057
102949 11.2609
101910 11.158
98625.6 10.8309
101895 11.1761
98619.2 10.8508
98928.1 10.8815
98726.9 10.8616
95707 10.5616
93359.1 10.3266
94775.3 10.4691
90633.9 10.0572
93502.7 10.35
91152.1 10.1168
91714.1 10.1727
88331.6 9.8366
85932.6 9.5962
84155.6 9.417
83621 9.3629
78119.2 8.8008
75413.3 8.5206
70520.4 8.0072
67717.7 7.709
63194.2 7.2209
57841.9 6.6317
55676.8 6.3895
50889.1 5.8454
45504.4 5.2183
42919.8 4.9111
39506.5 4.4988
34596.9 3.8915
32592.6 3.6384
25680.6 2.7402
23682.7 2.4727
19156.6 1.8529
13222.5 1.0377
7492.16 0.4395
182.203 -0.3414
1494.72 -0.2115
-11092.5 -1.4837
-14184.9 -1.8072
-19047.5 -2.326
-24825.2 -2.9603
-29863.3 -3.5314
-35118.6 -4.1476
-37295.7 -4.4097
-44063.5 -5.2538
-45673.7 -5.4618
-49708 -5.9968
-51955.6 -6.3041
-60158.3 -7.4914
-61867.2 -7.7535
-65621.9 -8.3517
-67333.7 -8.6445
-72028.8 -9.5265
-72955.8 -9.7128
-76612.2 -10.4919
-78317.8 -10.8822
-81392.2 -11.636
-83496.1 -12.1945
-84537.4 -12.4855
-83780.2 -12.4097
-87059 -12.7585
-89750.1 -13.0639
-91363.5 -13.2556
-94073.1 -13.5953
-95555.5 -13.7925
-96994.5 -13.9932
-94556.1 -13.7474
-96205.6 -13.9157
-99110.6 -14.2427
-101454 -14.5337
-101509 -14.5409
-100954 -14.485
-106817 -15.1824
-99958.5 -14.4832
-96158.4 -14.0894
-94186.8 -13.8832
-88962.3 -13.3301
-88018.4 -13.2291
-87295.4 -13.1515
-87864.4 -13.2092
-88130 -13.2363
-85634 -12.9832
-88182.8 -13.2453
-87825.6 -13.2092
-85420.8 -12.9651
-86044 -13.0283
-86220.5 -13.0463
-82947 -12.7139
-79568.9 -12.3669
-80245.4 -12.4355
-77981.3 -12.2059
-78265.9 -12.2347
-75984.3 -12.0033
-74090.5 -11.8098
-70744.6 -11.4646
-64524 -10.8105
-62243.2 -10.5664
-62813.7 -10.6242
-60145.7 -10.353
-57507.8 -10.0819
-55348.5 -9.8577
-52902 -9.601
-53311.6 -9.6425
-50118.9 -9.3172
-44712.5 -8.7551
-42070.9 -8.475
-42248.5 -8.493
-39430.5 -8.2056
-33066.4 -7.5407
-28207.3 -7.0164
-20332.6 -6.1309
-20971 -6.1958
-12871.2 -5.3499
-7752.28 -4.7878
-3301.1 -4.2781
1361.64 -3.7195
6030.75 -3.1304
8012.15 -2.8701
16771.2 -1.6268
18760.4 -1.3177
22298.3 -0.7376
26529.7 0.0253
29119.4 0.5838
32169.6 1.464
32997.2 1.7297
34716 2.3171
36228.7 2.8791
37023.5 3.1864
41629.5 4.0485
44305.9 4.4008
51542.5 5.3712
55267.5 5.8972
58123.9 6.3168
62367.5 6.9709
62913.5 7.058
64792.7 7.3634
69898.7 8.2418
72969.4 8.8093
74523.4 9.1093
75573.4 9.3173
78574.3 9.9372
81136.3 10.4993
82583.6 10.8317
84178.4 11.2116
85344.7 11.5008
87385.6 12.0467
88037.8 12.233
88393.9 12.3377
89264.6 12.6016
91815.9 13.4456
91600 13.424
93972.1 13.6753
93701.1 13.6482
96142.6 13.9085
98508 14.1833
101101 14.5193
99714.4 14.3804
102743 14.7111
103245 14.7724
105319 15.0508
105138 15.0327
105555 15.076
102607 14.7797
105875 15.141
105785 15.132
108482 15.4536
103952 14.9966
103224 14.9227
103527 14.9533
106897 15.3328
101422 14.7797
104487 15.1085
101579 14.8157
101330 14.7905
99138.3 14.5681
96256.1 14.2735
96203.5 14.2681
93310.9 13.9698
87865.6 13.4005
88152.3 13.4294
85751 13.1871
85484.5 13.1601
79617.7 12.5601
75395 12.1206
75326.4 12.1134
73966.9 11.9704
70831.6 11.6379
65364.2 11.0487
63134.3 10.8047
60862.1 10.5534
52287.7 9.5812
54001.3 9.7562
51537.2 9.5049
45791.7 8.9085
39757.8 8.2634
41636.6 8.4565
36054.6 7.8781
29538.2 7.1789
24633.9 6.633
23152.5 6.4647
17637.2 5.8196
13167.4 5.2738
8768.71 4.7117
6626.52 4.4261
2618.6 3.864
-3152.67 2.9369
-4095.22 2.7632
-7133.91 2.1578
-8777.85 1.8054
-12461.1 0.9614
-15328 0.2441
-17117.9 -0.235
-18254.2 -0.5531
-19842.9 -1.0177
-21596.4 -1.56
-21838.8 -1.6376
-23322.4 -2.1275
-24979.7 -2.7077
-27075.8 -3.4976
-27818 -3.794
-31300.5 -4.685
-36924.1 -5.6121
-42540.9 -6.5175
-45600.2 -7.0201
-49635.5 -7.7031
-52581.2 -8.2201
-55478.5 -8.7461
-57026.1 -9.0353
-59841 -9.5775
-60800.8 -9.7675
-63457 -10.3079
-60537 -10.0079
-62879 -10.2502
-68412.2 -10.8466
-71603.2 -11.2098
-73520.5 -11.4358
-78436.4 -12.0484
-80075.9 -12.2654
-82241.6 -12.5636
-81798.2 -12.5185
-84386.2 -12.7878
-84297.7 -12.7788
-86490.6 -13.0066
-85993.8 -12.9561
-86259.9 -12.9832
-89614.7 -13.3391
-89152.8 -13.2922
-89064.2 -13.2832
-92739.2 -13.6752
-91833.8 -13.5832
-92205.2 -13.6211
-92362.7 -13.6373
-91918.6 -13.5922
-92130.7 -13.6138
-88817 -13.2759
-83744.2 -12.7517
-84485 -12.8275
-83686.8 -12.7463
-82639 -12.6394
-77015.2 -12.0592
-76685.9 -12.0249
-74542.6 -11.8007
-71837.6 -11.5152
-66761.9 -10.9711
-66594.6 -10.953
-66647.6 -10.9584
-61693.9 -10.4487
-61623.8 -10.4414
-56856.5 -9.9407
-60521.9 -10.3219
-54598.3 -9.7092
-55389.1 -9.7904
-49203.8 -9.1489
-46726.9 -8.8868
-42995 -8.4858
-37929.8 -7.9291
-35499.3 -7.6561
-33340.6 -7.4103
-28748.2 -6.8752
-29109.8 -6.9131
-29385.1 -6.942
-24262.1 -6.3979
-25168.3 -6.4935
-18998.6 -5.8304
-19032.5 -5.834
-13611.9 -5.2466
-11176.8 -4.9737
-6557.9 -4.4386
-2031.15 -3.8837
879.23 -3.5043
2267.48 -3.3144
4016.1 -3.0649
7735.72 -2.4811
7513.85 -2.5082
11883.9 -1.9461
14353.6 -1.6046
16403.9 -1.3064
19628.2 -0.8057
23085.4 -0.2165
26191.5 0.3709
28911.8 0.942
31474 1.5402
32407.3 1.7753
34453.2 2.3284
35999.2 2.7858
37630.9 3.3119
40232.2 4.2624
40792.6 4.4884
40854.1 4.5137
41593.3 4.8263
43519.7 5.5062
45200.2 5.9488
49684.8 6.7639
56273.8 7.881
59190.5 8.3889
61808.6 8.859
64248.8 9.3106
66981.1 9.8348
66556.9 9.7915
68890.1 10.0338
72322.4 10.4059
74302 10.6302
77741.7 11.0402
77296.8 10.9951
82408 11.5446
81604.5 11.4634
84191.5 11.7345
81231.4 11.4345
84021.8 11.7273
86492.2 12.0075
89552.9 12.3887
88926.8 12.3255
88998.1 12.3327
86871.5 12.1176
86586.7 12.0887
83398.5 11.7634
79874.7 11.4003
76568.6 11.0551
77030.5 11.1021
77557.2 11.1562
74343.8 10.8291
78350.3 11.25
78515 11.268
76663.3 11.0799
76698.8 11.0835
80164.6 11.4467
76964.8 11.1214
74043.9 10.8214
79319.9 11.3817
76758.2 11.1214
74638.8 10.9044
71490.4 10.5791
72671.5 10.7
70010 10.4289
67616.8 10.183
62353.7 9.6335
65791.6 9.9913
64021.7 9.8104
57495.3 9.1328
53843.1 8.7443
54472.8 8.8093
52842.3 8.641
47137.9 8.0428
42330.3 7.524
37013 6.933
29615.5 6.0727
27509.7 5.8178
23417.8 5.3026
16711.6 4.3665
12821.9 3.7413
10140.5 3.2712
9801.18 3.2098
7113.19 2.7109
4219.76 2.147
163.706 1.3029
-3925.12 0.3776
-8878.34 -0.8657
-11950.3 -1.7188
-13728.8 -2.2466
-16600.4 -3.1592
-18786 -3.8152
-19985.9 -4.0592
-23858.2 -4.7188
-24462.7 -4.8167
-28097 -5.4005
-31308.3 -5.9157
-34900.7 -6.4976
-38898.9 -7.159
-39961.5 -7.3381
-43281.7 -7.9092
-45066.9 -8.2237
-48420.3 -8.8309
-50806 -9.277
-53568.5 -9.8103
-56719.7 -10.4428
-57370.1 -10.5768
-57902.1 -10.6873
-58935.3 -10.9043
-60530.2 -11.2458
-61269.4 -11.4069
-61384.3 -11.4321
-62760.4 -11.7375
-62825 -11.752
-62897.5 -11.7683
-64358.7 -12.1007
-66631.7 -12.634
-67360.9 -12.8095
-66284 -12.6994
-68803.2 -12.9597
-74513 -13.5778
-77201.4 -13.885
-77294 -13.8958
-81937.5 -14.4579
-85079.7 -14.8662
-87440.6 -15.1914
-87504.8 -15.2005
-89808.4 -15.5365
-88322 -15.385
-90685 -15.6309
-93471.1 -15.9381
-93328.5 -15.9236
-95713.7 -16.1749
-96787.8 -16.294
-91214.9 -15.7229
-88949.2 -15.4878
-89566.9 -15.551
-87898.8 -15.3809
-84453.5 -15.0268
-77251.7 -14.2734
-83351.3 -14.9203
-80626.9 -14.642
-71300.7 -13.668
-66426.3 -13.1455
-61780.2 -12.6375
-59583.3 -12.3935
-54441.8 -11.8133
-53192.8 -11.6703
-52894.4 -11.636
-50629.5 -11.3739
-44480.8 -10.6458
-47597.7 -10.9693
-41899.6 -10.3765
-40209.6 -10.1974
-37228.4 -9.8775
-35083.6 -9.6443
-34918.1 -9.6262
-30162 -9.0984
-24478.4 -8.4461
-24911.8 -8.4912
-24478.4 -8.4461
-24686.1 -8.4677
-21167.2 -8.0974
-19229.1 -7.8894
-20020.9 -7.9724
-16502.5 -7.6002
-18030.3 -7.7608
-15377.2 -7.4806
-10296 -6.9276
-6853.01 -6.5391
-2807.36 -6.0672
420.829 -5.677
2970.5 -5.359
5582.37 -5.0229
11987 -4.1427
15882.9 -3.5535
19329.9 -2.9734
20315.5 -2.7925
21892.2 -2.4817
21578.1 -2.5195
26455.7 -1.8853
28226.6 -1.6286
32279.3 -0.9781
35510.8 -0.3762
36826.7 -0.1033
39565.4 0.531
40605.9 0.8003
37801.8 0.448
37504.2 0.4101
37363.1 0.3921
37207.4 0.3722
37066.7 0.3542
39031.4 0.6091
41702.3 0.9993
43834.8 1.3606
41385.1 1.0534
38540.2 0.6885
36036.4 0.3596
31357 -0.2765
28958.6 -0.6144
31309.3 -0.3126
26030.1 -0.9848
28931.3 -0.6108
29172.9 -0.5783
29100.4 -0.5873
32121.9 -0.1953
29080.3 -0.5783
29225.1 -0.5603
29685.9 -0.5025
28500.3 -0.6505
25998.4 -0.9685
25998.4 -0.9685
26288.2 -0.9324
25910.3 -0.9794
26200.1 -0.9433
24181.6 -1.1964
24702 -1.1314
24542.6 -1.1512
22159 -1.4512
24373.7 -1.1693
23779.3 -1.2433
26484.6 -0.8964
26035.3 -0.9523
28815.1 -0.5946
26171.6 -0.927
28679.8 -0.6054
28883.6 -0.5783
29072.9 -0.553
26555.7 -0.8693
26400.2 -0.8891
26704.3 -0.8512
24103.2 -1.1783
25183.4 -1.0425
26094.3 -0.9252
21819.5 -1.4675
21030.4 -1.5703
21622 -1.4964
19519.5 -1.7603
17380.9 -2.035
16785.9 -2.1126
14296.1 -2.4433
14229.3 -2.4523
12422.2 -2.6982
9775.9 -3.0595
12539.3 -2.7162
10195.8 -3.0054
26434 -0.6234
26347 -0.6342
21645.9 -1.2324
24206.8 -0.9054
21961.8 -1.1873
20185.6 -1.4151
17491 -1.7693
16670.1 -1.8794
12526.3 -2.4523
11073.2 -2.6603
11581.6 -2.5971
10927.7 -2.6783
8397.62 -2.9963
5802.18 -3.3252
1298.36 -3.8964
1068.98 -3.9252
-887.285 -4.1693
2008.8 -3.835
1226.55 -3.9252
3646.81 -3.6415
6713.97 -3.2621
5896.63 -3.3595
6743.13 -3.2585
7012.73 -3.226
11055.6 -2.7126
15386.7 -2.1072
21432.3 -1.1603
23169.8 -0.8603
23082.8 -0.8711
22359.5 -0.9613
22951.8 -0.8873
25234.8 -0.5927
24770.3 -0.6505
24901.4 -0.6342
27530.8 -0.2963
25284 -0.5783
27769.9 -0.2603
29639.6 -0.0072
29911.3 0.0307
24414.1 -0.6703
27256.4 -0.3054
24570.3 -0.6433
25162.4 -0.5693
22902.9 -0.853
27379.3 -0.2675
26800.1 -0.3396
27362.6 -0.2693
29323.5 -0.0162
33210.4 0.5297
37625.2 1.2487
37480.2 1.2307
37103.5 1.1838
39550 1.5018
41405.3 1.7658
43603.9 2.1127
45091.6 2.3748
48382.8 3.0686
45320.5 2.6838
42582.8 2.3315
43241.5 2.4145
40905.6 2.1217
38657.2 1.8343
40796.1 2.1109
38119.3 1.7748
33711.7 1.2036
29535 0.6397
25094.7 0.0127
22802.5 -0.3234
20985.7 -0.5964
23413.8 -0.2873
23757.7 -0.2422
20945.4 -0.5964
18834.7 -0.8693
18284.5 -0.9415
18502.4 -0.9144
18357.5 -0.9324
16528.4 -1.1621
15976 -1.2324
16279.7 -1.1946
16192.7 -1.2054
15830.5 -1.2505
20932.3 -0.5855
20830.1 -0.5982
20410.1 -0.6505
20931.1 -0.5855
18828.8 -0.8494
16219.7 -1.1855
18584.1 -0.8855
14082.9 -1.4585
15522 -1.2776
9385.48 -2.0675
6495.44 -2.4613
5205.55 -2.6422
5012.85 -2.6693
392.16 -3.3342
628.513 -3.3054
-2270.42 -3.6595
-4275.87 -3.9072
-6988.74 -4.2415
-3670 -3.8513
-1950.45 -3.6396
505.456 -3.3252
2472.83 -3.0613
2935.23 -2.9982
954.197 -3.2422
5127.22 -2.7162
9523.53 -2.118
13571.2 -1.5234
15154.4 -1.2775
19204.8 -0.6072
16748.6 -0.9162
14358.4 -1.2252
19679.1 -0.5314
19302.1 -0.5783
19244.3 -0.5855
21646.8 -0.2801
19061.8 -0.6054
21130.9 -0.3433
21367.7 -0.3126
23805.3 0.0127
20993 -0.3415
21297.4 -0.3036
21700.9 -0.253
18903.7 -0.6054
19265.8 -0.5603
16512.8 -0.9072
18904.9 -0.6036
19168.4 -0.5693
23151.5 -0.027
25049.6 0.2495
25290.8 0.2856
24986 0.2477
31791.9 1.1676
31840.4 1.1748
35791.8 1.8036
37912.5 2.183
39049.8 2.4018
40256.2 2.6477
41906.7 3.0109
43965.4 3.517
44743.4 3.7268
47099.5 4.4405
48051.1 4.7694
47673.8 4.7225
50255.3 5.0694
48795 4.8871
49645 4.9954
49064.7 4.9232
53441.6 5.5683
54736 5.8232
54040.2 5.7366
56340.1 6.0619
53500.9 5.7078
52278.3 5.5521
51715.3 5.4799
50848.4 5.3681
52607.5 5.6013
53983.4 5.8093
55434.7 6.0588
57317.3 6.431
58342.3 6.6552
59424.3 6.8993
60786.6 7.2155
60288.2 7.1578
64319.8 7.7433
66122.5 8.0433
67691.5 8.2856
68930 8.4737
70803.2 8.7593
70861.5 8.7683
72079.7 8.9582
77227 9.8276
78593.9 10.0807
79792.2 10.3121
82555.1 10.8815
83877.6 11.1724
86501.3 11.7905
88479.4 12.2966
88126.2 12.2606
92635.7 12.9111
94242.8 13.2327
96330.2 13.7191
96480.3 13.757
97452.5 14.0118
98581.1 14.3281
98136.3 14.283
100236 14.6461
101421 14.9425
102213 15.1613
102345 15.1992
103220 15.4595
104396 15.8353
104145 15.81
104420 15.8461
106281 16.3361
105977 16.3054
105353 16.2423
106447 16.4101
106698 16.4696
107502 16.6884
107563 16.7065
107491 16.6992
108235 16.8837
108758 17.0443
107759 16.9433
104613 16.6235
107335 16.9613
104200 16.6433
100922 16.3072
106706 17.0534
103571 16.7353
102882 16.6649
100750 16.4461
100558 16.4263
94902.5 15.8389
94730.6 15.8209
96056.2 15.958
92337.1 15.5786
92883.9 15.6345
87829.9 15.1176
88130.2 15.1482
82543.9 14.5753
82247.9 14.5446
77033.3 13.9987
77526.4 14.0492
72870.9 13.5701
69857.3 13.2557
65272.5 12.7694
59839.9 12.1802
58145.8 11.9938
53863.6 11.5165
48502.2 10.9021
42984.6 10.2516
37991.9 9.6425
34118 9.1562
27920.3 8.3464
26131.1 8.1042
22364 7.5799
17861.8 6.9186
12666.8 6.0853
9834.71 5.5792
5698.25 4.7531
3311.39 4.2199
-647.503 3.2549
-2826.57 2.6856
-5769.21 1.8686
-8031.35 1.1982
-10554.7 0.4011
-13961.4 -0.7701
-15607.7 -1.3809
-17207.7 -2.0062
-19134.8 -2.8051
-21077.8 -3.6672
-22810 -4.4896
-25559.2 -5.3007
-27854.4 -5.7347
-32305.1 -6.5157
-39191.5 -7.7139
-42446.5 -8.2922
-47398.1 -9.1994
-52211.3 -10.1247
-54635.3 -10.611
-59661.3 -11.6703
-62394.5 -12.2793
-66177 -13.1667
-66853.7 -13.3314
-68806.6 -13.8177
-72093.8 -14.6762
-73965.4 -15.1896
-75899.9 -15.7409
-78105.5 -16.4041
-79628.7 -16.9012
-78960.9 -16.8327
-87241.6 -17.7525
-93598.5 -18.5821
-95344.8 -18.8388
-98493.6 -19.3468
-99092.2 -19.4515
-103239 -20.2721
-96462.8 -19.5693
-108380 -21.1396
-104513 -20.7404
-103173 -20.601
-103365 -20.6208
-105247 -20.8216
-108150 -21.1667
-104350 -20.7747
-104350 -20.7747
-106904 -21.0494
-109545 -21.3855
-111242 -21.6458
-111982 -21.7739
-109179 -21.4847
-108622 -21.427
-111644 -21.7649
-108945 -21.4865
-106148 -21.1956
-97088.1 -20.236
-94482 -19.954
-93086.8 -19.802
-89731.2 -19.4334
-87612.6 -19.1984
-83519.2 -18.7391
-81956.1 -18.5618
-79209.3 -18.2474
-77100.6 -18.0033
-72899.2 -17.5097
-72951.4 -17.5151
-64734.2 -16.6512
-65117 -16.6909
-58967.6 -16.0458
-54301.8 -15.5432
-49027.5 -14.9613
-45126.7 -14.5201
-39979.9 -13.9219
-35594.4 -13.3976
-28721.8 -12.5428
-24694.1 -12.0203
-22266 -11.6969
-15336.5 -10.7319
-11409.8 -10.1536
-4080.34 -9.0023
-408.874 -8.386
2633.29 -7.851
6848.04 -7.0664
9251.42 -6.5927
12220.2 -5.9747
14851.1 -5.3855
17163.2 -4.8252
20315.4 -3.9541
23061.7 -3.0361
24597 -2.4361
26129.1 -1.8
27278.8 -1.2956
29069 -0.4587
31497.7 0.7918
32414.7 1.3034
33983.3 2.2359
35126.7 2.9663
36462.5 3.8807
37711.4 4.8024
39768.6 5.7421
43811.9 6.5753
48822.3 7.4356
53299.2 8.2147
56226.1 8.7389
60916.4 9.6191
66395.3 10.7235
68694.2 11.217
71717.1 11.8982
74968.6 12.6773
76257.1 13.0008
78474.6 13.5791
81522.7 14.4232
84267.7 15.2384
84990.3 15.4626
87826.5 16.4095
88885 16.8147
90391.7 17.4399
91254.3 17.8211
92455.6 18.3815
93518.5 18.9075
93571.6 18.9345
93656.6 18.9779
94611.4 19.4786
95611.1 20.0317
93129.3 19.7768
92151 19.6758
94900 19.9649
95650.5 20.0479
97967.6 20.3299
100435 20.6588
100400 20.6552
100400 20.6552
98389.1 20.449
94780.8 20.075
90956.2 19.674
88260.7 19.3884
85877.3 19.1335
80660.1 18.5678
77939.4 18.2678
75440.3 17.9894
75720.3 18.0183
70041.9 17.4273
70930.8 17.5193
68833.7 17.3024
65467.4 16.95
62842.1 16.6717
56909.4 16.0301
54957.2 15.815
50178.4 15.2799
45546.3 14.7466
43699.4 14.5297
39474.1 14.0253
36895.4 13.7108
30626.1 12.9227
25527.6 12.2523
22359.5 11.8219
18157.6 11.231
16104.2 10.9346
11818 10.2949
8671.15 9.8049
5907.93 9.3601
2771.81 8.8359
-630.276 8.2377
-5440.08 7.3286
-6987.16 7.0142
-12067.5 5.8593
-14959.9 5.0802
-17832.1 4.1639
-19522.4 3.5676
-21991.8 2.6315
-24206.1 1.717
-26623.7 0.6235
-28423.9 -0.2657
-29927.3 -1.0646
-31982.4 -2.252
-33878.9 -3.461
-34224.2 -3.6943
-34969.7 -4.2131
-36511.8 -5.3572
-40001.8 -6.8391
-42283.5 -7.3647
-48303.6 -8.5809
-51061.6 -9.1322
-55276 -9.9871
-57409.8 -10.4319
-57066.6 -10.3958
-72330.9 -12.1832
-76178.7 -12.7146
-77955.6 -12.9767
-69964.4 -12.1381
-80404.6 -13.3381
-85032.9 -13.9796
-88349.1 -14.5056
-87335.9 -14.401
-100535 -16.3981
-92791.3 -15.5925
-97543.8 -16.1437
-103002 -17.078
-104892 -17.5373
-102070 -17.2463
-104225 -17.494
-99731.3 -17.0293
-102147 -17.2987
-103357 -17.4561
-106832 -18.0669
-107712 -18.2749
-109617 -18.819
-109353 -18.7919
-110871 -19.0197
-110766 -19.0089
-112206 -19.3432
-112316 -19.3775
-113448 -19.7695
-113496 -19.7876
-112671 -19.7028
-113003 -19.7407
-113191 -19.7677
-112332 -19.6793
-109325 -19.3685
-108891 -19.3234
-108734 -19.3071
-109657 -19.4064
-110582 -19.5182
-107360 -19.1858
-106053 -19.05
-106331 -19.0788
-103669 -18.8041
-100477 -18.4716
-97811.9 -18.1914
-93427.5 -17.7249
-89742.3 -17.3275
-86278.2 -16.9494
-80715.4 -16.3314
-76661.3 -15.8721
-77372.7 -15.9461
-65107.6 -14.6469
-60273 -14.1154
-57881.9 -13.8479
-53337.2 -13.3309
-47615.4 -12.6623
-39038.9 -11.6157
-36902.7 -11.3463
-34789.3 -11.0752
-28243.9 -10.2059
-16362.2 -8.4889
-11868.5 -7.7824
-8740.27 -7.2672
-5167.21 -6.6492
-740.072 -5.8231
2214.26 -5.2154
1255.12 -5.3278
14873.9 -3.5134
21655.8 -2.3404
25778 -1.4963
27728.2 -1.0515
30372.7 -0.3902
32471.9 0.1918
32384.1 0.1809
43349.5 1.9882
38040.1 1.3142
48291.2 3.1305
51013.4 3.9871
52410.8 4.5565
53042.5 4.8529
54567.7 5.6969
55757.9 6.5175
56957 7.1771
59255.3 7.9941
59283.1 8.0013
63421.6 8.8797
69346.7 10.0382
70851.8 10.34
72681.9 10.7162
72967 10.7758
76716.1 11.591
75748.4 11.49
80655.8 12.0611
83001.1 12.3773
85228 12.708
88245.9 13.2142
90877.7 13.7222
92310.5 14.0294
93138.1 14.2175
95616.6 14.8338
97818.9 15.4572
99222 15.8967
100208 16.2273
100261 16.2454
101255 16.5995
102050 16.8977
102707 17.1544
103395 17.4345
104057 17.7147
103792 17.6876
103158 17.6227
105662 17.9786
105894 18.0237
105347 17.9678
107350 18.2949
106556 18.2137
104529 18.0057
104772 18.031
101568 17.7021
101410 17.6858
101078 17.6516
100292 17.5704
98096.3 17.3425
98943.8 17.4309
99852.8 17.5302
93000.6 16.8219
94005.5 16.9266
89351.7 16.4456
90048.6 16.5178
84363.8 15.9286
83331.6 15.8204
78450.6 15.3034
75973.9 15.0376
70595.4 14.4503
66229.5 13.9639
61535.2 13.4307
54574.6 12.6137
52721.4 12.3913
45744.8 11.5327
41681.6 11.014
39283.2 10.7013
33307.4 9.8951
26913.6 8.9861
22859.4 8.3789
18782 7.7356
14504.1 7.0124
9661.51 6.0962
6073.52 5.3207
1043.63 4.0683
-842.468 3.5513
-3869.06 2.673
-6697.87 1.791
-9477.01 0.8585
-11074.3 0.2892
-13576.4 -0.6577
-15046.5 -1.2487
-14163.9 -1.1386
-20511.6 -1.9809
-30690.9 -3.669
-31781.7 -3.8878
-35179 -4.6394
-38621.4 -5.5412
-43867.7 -7.0304
-47915.2 -7.8474
-52858.6 -8.742
-55761.5 -9.2644
-60529.2 -10.1391
-54724.2 -9.5139
-70010.9 -11.3572
-73375.6 -11.8345
-77839.2 -12.5265
-81320.7 -13.1247
-84110.4 -13.6507
-78230.5 -13.0363
-90989.1 -14.6829
-93578.4 -15.1404
-97106.9 -15.8757
-98318.8 -16.1649
-98921.8 -16.3169
-98222.1 -16.2448
-101809 -16.7072
-100340 -16.5556
-101885 -16.7347
-103290 -16.9427
-104417 -17.1489
-106872 -17.7381
-106999 -17.7742
-108729 -18.3237
-107851 -18.2334
-109733 -18.5406
-110840 -18.8479
-111549 -19.0829
-112414 -19.4082
-112414 -19.4082
-113241 -19.7605
-113136 -19.7497
-112171 -19.6504
-112707 -19.7136
-112795 -19.7262
-109331 -19.3685
-110906 -19.5494
-109081 -19.3613
-111864 -19.7154
-108940 -19.4136
-111305 -19.6956
-108154 -19.3703
-108050 -19.3595
-111458 -19.7821
-108133 -19.4388
-105378 -19.1515
-107307 -19.3613
-106513 -19.2796
-99647.6 -18.5641
-100341 -18.6363
-98728.7 -18.4698
-96640.3 -18.2528
-94445.2 -18.0232
-92110.8 -17.7773
-89404.6 -17.4899
-85690.9 -17.0906
-83363.3 -16.8376
-81137.6 -16.5935
-79453.2 -16.4072
-74355.6 -15.836
-74212.5 -15.8198
-71736.2 -15.5378
-62438.4 -14.4497
-62542.1 -14.4605
-56616.9 -13.8353
-48286.4 -12.9262
-51171.4 -13.2316
-49005 -13.0038
-38341.9 -11.8417
-44590.2 -12.5139
-35733.5 -11.5598
-36870.6 -11.6806
-30566.1 -10.9994
-26519.3 -10.5474
-25823.2 -10.468
-18562.2 -9.6131
-10771.2 -8.6319
-14287.4 -9.0185
-11299.5 -8.6896
-11812.8 -8.7456
-9852.82 -8.5304
-4827.21 -7.9574
-6.57629 -7.3773
-249.717 -7.4043
5282.41 -6.7683
7885.3 -6.4502
14423 -5.5827
11958.6 -5.8683
18834.4 -5.0188
20373.8 -4.809
23079 -4.4134
26434.8 -3.8675
26961.1 -3.7737
26636.6 -3.8134
30676.2 -3.2783
32289.1 -3.0324
32903.7 -2.935
35516.3 -2.4703
35980.2 -2.3801
37391.5 -2.0891
36364.1 -2.2172
40710.3 -1.5631
39466.6 -1.7183
39682.2 -1.6912
40820.3 -1.5361
42337.2 -1.2938
44144 -0.9451
41153.9 -1.3209
43749.7 -0.9469
43401.4 -0.9902
42434.1 -1.1111
44823.9 -0.7623
44855.3 -0.7569
44622.7 -0.7858
44637.2 -0.784
44932 -0.7461
46865.4 -0.4281
44671.8 -0.7028
46656.6 -0.4118
43893 -0.7587
44277.2 -0.71
44415.1 -0.692
44284.7 -0.7082
43676.2 -0.784
44322.6 -0.701
43742.3 -0.7732
44000.6 -0.7407
43942.6 -0.7479
44000.5 -0.7407
44354.6 -0.6956
43788.8 -0.766
43327 -0.8237
45493.2 -0.5219
43485.2 -0.7732
43543.1 -0.766
43658.6 -0.7515
41137.1 -1.0678
41511 -1.0208
41525.2 -1.019
39489.3 -1.2739
39117.7 -1.3209
36844.7 -1.6118
37219.3 -1.5649
34543.6 -1.901
34033.5 -1.966
34179 -1.9479
33960.8 -1.975
32287.7 -2.1847
32073.3 -2.2118
31788.4 -2.2479
31918.7 -2.2317
29699.8 -2.51
29259 -2.566
31454 -2.284
34140.6 -1.9082
31055.7 -2.2966
34263.1 -1.8757
34131.8 -1.892
33451.6 -1.9768
33552.9 -1.9642
36483.7 -1.5775
33680.2 -1.9299
35711.5 -1.6678
43075.3 -0.4587
42857.2 -0.4858
43300.9 -0.4299
43213.9 -0.4407
40766 -0.7479
41268.2 -0.6847
42963.7 -0.4569
42803.5 -0.4768
43234 -0.4226
40343.2 -0.7858
42674.1 -0.4768
42749.9 -0.466
42950.7 -0.4371
42356 -0.5111
43067.5 -0.4208
40888.1 -0.6938
42959.6 -0.4208
42813.8 -0.4389
42364.9 -0.4948
42809.1 -0.4389
43089.6 -0.4028
42784.6 -0.4407
42523.7 -0.4732
42783.5 -0.4407
42653 -0.4569
44690.4 -0.1858
42725.4 -0.4317
43013.6 -0.3956
42955.6 -0.4028
42361.2 -0.4768
42862.6 -0.4136
40484.1 -0.7118
40056.9 -0.766
40488.9 -0.7118
42648.6 -0.4209
39957.9 -0.7587
42362 -0.4407
39203 -0.8381
41921.6 -0.4768
40315.6 -0.6775
39972 -0.7208
40188.4 -0.6938
42120.6 -0.4389
39515.1 -0.7659
39500.2 -0.7678
39573.3 -0.7587
39282.9 -0.7948
39785.4 -0.7317
39856.9 -0.7226
39725.7 -0.7389
39725.7 -0.7389
39928.5 -0.7136
37280.3 -1.0461
39554.6 -0.7497
37390.9 -1.0208
37463.3 -1.0118
36651.7 -1.1129
37691.9 -0.9811
37430.4 -1.0136
36851.5 -1.0858
36866 -1.084
39765.1 -0.701
39156 -0.7768
38101.3 -0.909
37131.1 -1.0317
39168.5 -0.7678
38936.7 -0.7966
39311.5 -0.7497
39595.7 -0.7136
37075.2 -1.0299
39312.3 -0.7389
39079.7 -0.7678
41225.4 -0.4876
38762.1 -0.7966
39364 -0.7209
40870.3 -0.5219
38620.9 -0.8038
39768.7 -0.6577
38827.5 -0.775
37007.2 -1.0046
37079.6 -0.9956
36789.2 -1.0317
36716.9 -1.0407
36572.4 -1.0587
36875.2 -1.0209
36657.9 -1.0479
36281.4 -1.0948
34555.7 -1.3118
36320 -1.0858
37019 -0.992
34173.6 -1.3497
34260.5 -1.3389
34620.6 -1.2938
34098.9 -1.3587
34460.1 -1.3136
34488.7 -1.31
31856.4 -1.6407
31885.4 -1.6371
29112.7 -1.9858
26647.5 -2.3038
31390.7 -1.675
29200.5 -1.9497
27152.9 -2.2118
28792.9 -2.0038
26987.3 -2.2299
29193.9 -1.9479
26224.1 -2.3219
26715.7 -2.2605
27327.6 -2.183
26791.7 -2.2497
27311.9 -2.1847
26948.4 -2.2299
24343 -2.5587
23780 -2.6309
26810.3 -2.2407
24294.7 -2.5569
21731.4 -2.8876
22252.1 -2.8226
24373.5 -2.5497
24400.8 -2.5461
24646.3 -2.5136
30096.2 -1.7327
28133.7 -1.9786
29633.8 -1.7886
36368 -0.8129
33891.7 -1.1237
40112.3 -0.2525
41886.8 0.0475
44148.6 0.4828
46297 0.9727
49345.4 1.8637
46894.4 1.5565
48783.3 1.8078
50656.4 2.1041
51891.1 2.341
54483.8 3.0366
56260.8 3.7887
56799.3 4.0851
56920.5 4.1572
57735.8 4.7013
58414.6 5.2454
58549 5.3645
60786.3 7.3887
57299.7 6.9588
61750.7 7.774
63054.7 8.1155
57668.9 7.4704
64543.8 8.5856
65905.9 8.826
65759.7 8.8098
70311.3 9.4315
77283 10.6026
77007.4 10.5737
81959.2 11.324
83758.5 11.6601
87663.1 12.5023
91819.6 13.5905
91850.8 13.5995
94803 14.5139
96437.5 15.0778
98920.4 16.023
99533.1 16.2742
100959 16.8887
102302 17.5085
102769 17.7345
103817 18.2606
104371 18.5498
105318 19.0649
105896 19.392
106418 19.6956
106990 20.0389
107384 20.2812
107818 20.5541
108749 21.1613
109236 21.492
110128 22.1461
110464 22.4353
110971 22.9252
111234 23.2
110883 23.1639
112426 23.5162
113304 23.8541
113926 24.1415
113664 24.1144
114761 24.4523
115506 24.801
115624 24.8624
115274 24.8263
116285 25.1353
114784 24.9801
114437 24.9441
116344 25.2693
114092 25.0361
116137 25.327
116168 25.3343
114245 25.1353
113187 25.0253
113727 25.083
111716 24.875
111108 24.8118
108377 24.5263
105194 24.1902
105933 24.2678
101910 23.8482
99270.1 23.5699
93586.8 22.9626
88921.1 22.4546
83240.8 21.824
81954 21.6792
76647.1 21.0737
68055.2 20.0601
66053.7 19.8178
59933.5 19.0621
55702.4 18.5216
50537.7 17.8418
46592.4 17.3085
40515.5 16.4572
34365.5 15.5518
31388.7 15.098
26108.8 14.2593
19111.8 13.081
15526.3 12.4413
11497 11.6879
4189.45 10.2005
605.744 9.3925
-2406.56 8.6477
-5160.48 7.9047
-7888.14 7.0787
-10562.3 6.157
-12859.8 5.266
-16179.4 3.8364
-16785.9 3.5581
-19140.1 2.4212
-21333.2 1.2722
-23121.4 0.2621
-25060.8 -0.918
-26208.8 -1.6629
-27156.9 -2.3066
-28910.2 -3.5716
-29576.1 -4.0796
-30804.7 -5.0608
-31706.6 -5.82
-33007.2 -6.6551
-36745.3 -7.6634
-42798.6 -8.9175
-49254.6 -10.233
-51899.3 -10.7842
-55249.8 -11.5002
-58672.9 -12.2631
-59791.1 -12.5198
-61901.9 -13.0169
-64152.6 -13.5664
-66957.1 -14.2806
-69047.8 -14.8373
-72376 -15.7716
-74677.6 -16.4564
-77419 -17.3185
-78752.7 -17.7579
-80482 -18.3489
-81861.5 -18.8388
-83477.8 -19.4352
-85426.9 -20.1891
-87556.2 -21.0602
-88802.8 -21.5953
-89703.7 -21.9945
-90318.5 -22.2819
-90643.3 -22.4371
-90279.1 -22.3992
-96212.9 -23.0623
-92196.2 -22.6432
-99496.1 -23.4783
-98799.8 -23.4061
-98556.2 -23.3808
-98001.6 -23.3231
-98365.6 -23.361
-101531 -23.7151
-104652 -24.1162
-102375 -23.8793
-102790 -23.9226
-102390 -23.8811
-98223.2 -23.4458
-102055 -23.8649
-102164 -23.8775
-104806 -24.2082
-95919.8 -23.2739
-93321 -22.9955
-95314.8 -23.2066
-87664.9 -22.4023
-83314.8 -21.934
-78396.1 -21.3953
-78516.9 -21.4079
-70348.1 -20.5422
-65361.6 -19.9981
-57396.4 -19.1035
-58117.4 -19.1793
-50159.5 -18.328
-44284.6 -17.6757
-45678.8 -17.8237
-38693.3 -17.0716
-34216.3 -16.5727
-29341.5 -16.0106
-24716.2 -15.4593
-19421.9 -14.8015
-13806.6 -14.068
-8849.75 -13.3863
-4534.93 -12.761
1978.08 -11.7546
6391.47 -11.0188
12723 -9.8675
15258.7 -9.3667
20170 -8.3075
24999.7 -7.1002
27108.4 -6.4822
30494.6 -5.3454
32522.8 -4.458
34582.5 -3.4605
36870.4 -2.2154
38248.7 -1.3822
39144.4 -0.802
40796.7 0.3601
41906.6 1.2168
43230.5 2.332
44149.6 3.1742
45001.4 4.0111
46109 5.1912
46895.5 6.1003
47603.6 6.7616
48909.8 7.6093
51327.4 8.5634
54572 9.3516
58103.5 10.1307
61912.7 10.9748
66969.3 12.1423
70524.6 13.0134
74688.8 14.107
77615.2 14.9348
79675.2 15.5528
82490.2 16.451
83978.5 16.9536
86522.2 17.8626
88140.4 18.4771
89624.6 19.0681
90889.6 19.5941
92202.4 20.1634
93428.8 20.7183
94586.7 21.2642
95141 21.5335
95832 21.8768
96985.6 22.4696
97378.9 22.6776
97946.1 22.983
98285.3 23.1688
94618 22.7858
93641.1 22.683
93727.6 22.692
96903.9 23.0371
98927.6 23.2758
96652.1 23.0389
103361 23.8289
98223.2 23.292
98758.4 23.348
93555.6 22.8039
89697.3 22.3938
89974.3 22.4227
83926.9 21.7866
87395.9 22.1588
90282.1 22.4876
81206 21.5281
90478.5 22.5742
79186.6 21.376
82721 21.7536
76848.5 21.1356
71977.1 20.6114
75248.3 20.9601
65222.9 19.89
57219.6 19.0008
49684.3 18.126
47896.3 17.9126
48354.2 17.9614
42889.4 17.3722
35692.3 16.5678
33601.3 16.3255
31399.2 16.067
23865.2 15.1526
20073.7 14.6699
16563 14.2088
11430.2 13.5078
5927.5 12.7106
-372.156 11.7312
-5167.22 10.925
-9967.02 10.0467
-13823.1 9.2748
-17916.3 8.3585
-22173.6 7.2415
-25025 6.3524
-26557 5.7993
-29570.8 4.574
-32077.8 3.4209
-33392.9 2.7578
-35591.2 1.5433
-37004.7 0.6812
-38592.2 -0.3762
-39497 -1.0268
-40894 -2.1095
-41887.6 -2.9445
-43294 -4.2329
-43903.4 -4.8347
-44658.3 -5.6211
-45734.1 -6.8283
-47311.8 -8.0933
-48187.4 -8.6012
-52066.3 -9.8536
-55635.4 -10.7085
-59712.6 -11.668
-63070.6 -12.476
-66492.7 -13.3291
-70976.4 -14.5074
-73705.4 -15.2703
-75408.1 -15.7675
-77338.7 -16.353
-80895.3 -17.5007
-82370.4 -18.0069
-84754.7 -18.8672
-86275.3 -19.4455
-87782.6 -20.0437
-89047.2 -20.5662
-89427.7 -20.7273
-91411 -21.5984
-91921.5 -21.8316
-93223.9 -22.4443
-93896.7 -22.7713
-95039.8 -23.3443
-94660.9 -23.3046
-100184 -23.9389
-101774 -24.1504
-103515 -24.4035
-103633 -24.4216
-102768 -24.3314
-106113 -24.718
-108552 -25.0739
-105154 -24.718
-107616 -24.9981
-105799 -24.8082
-105369 -24.7631
-107480 -24.9999
-108071 -25.0739
-99124 -24.1288
-101892 -24.4324
-96974.2 -23.9154
-97318.4 -23.9515
-94662.4 -23.6731
-92014.4 -23.393
-93190.3 -23.5175
-91137.8 -23.3023
-80438.1 -22.1528
-69909.1 -20.9744
-76039.6 -21.643
-59864.4 -19.8827
-60798.4 -19.9819
-58687.9 -19.7577
-49101.4 -18.7074
-43051.2 -18.0154
-47359.6 -18.4832
-44519.7 -18.1778
-33744.2 -16.9706
-27783.3 -16.2636
-22680.3 -15.633
-13481.2 -14.4239
-7039.95 -13.5095
-7693.36 -13.5817
1851.08 -12.4755
6932.72 -11.834
8365.18 -11.644
13141.5 -10.9791
16638.9 -10.4549
21557.8 -9.6487
26452.9 -8.7307
30445.6 -7.8505
34649.8 -6.7263
36581.4 -6.092
39435.8 -4.975
41298.7 -4.1327
43059.7 -3.2327
44881.7 -2.1703
46368.4 -1.1814
47585.1 -0.2724
48668.9 0.6276
49551.2 1.4338
50762.5 2.6681
51517.4 3.5247
52312 4.5114
52706.1 5.0374
53457.8 6.1165
54203.3 7.2985
54902.9 8.101
56029.7 9.14
57159 9.9444
59632.2 10.9964
64331.4 12.2505
65869.4 12.6466
69218.4 13.5214
71358 14.0961
72469.4 14.3998
75727.9 15.325
77752.4 15.9232
79534.7 16.4727
80338.3 16.7276
81039.2 16.9536
82889.1 17.5663
83637.4 17.8212
85034.8 18.3111
86507.1 18.8479
86700.6 18.9201
88329.1 19.5435
88157.5 19.5255
90281.3 19.7588
94790.8 20.3425
98688.9 20.9949
101217 21.5299
104598 22.4299
104355 22.4046
107437 22.8946
109705 23.5379
112111 24.4487
113687 25.1858
114239 25.475
110826 25.1191
111199 25.1588
110625 25.0992
111645 25.2129
111280 25.175
107921 24.8245
106547 24.6801
104304 24.4433
103060 24.3111
101198 24.1121
98427.8 23.8139
96627.1 23.6186
91103.2 23.0114
86499.8 22.4962
82221.3 22.008
77176.4 21.4206
72003.5 20.8044
69275.7 20.4737
67387 20.2423
60709.1 19.4
59392.4 19.2299
56360 18.8338
52017.7 18.2554
48955.9 17.8382
45672.3 17.3771
40079.2 16.5691
36881.7 16.0918
26663.5 14.4745
23561.3 13.9503
21100.1 13.524
18267.9 13.0178
7757.57 10.9647
5508.6 10.4766
418.491 9.2676
-1885.52 8.6585
-4848.58 7.791
-8103.35 6.6776
-10176 5.8895
-13526.5 4.4923
-14419.6 4.0949
-16494.1 3.1263
-20169.2 1.2325
-21518.6 0.4714
-23596.7 -0.7809
-25768.1 -2.2069
-27924.8 -3.7611
-28911.1 -4.5239
-29919.3 -5.3409
-30882.7 -6.1597
-33192.6 -7.2948
-38485.3 -8.5868
-42969.8 -9.5355
-49573 -10.9358
-52856.7 -11.6518
-56877.3 -12.5608
-61432.4 -13.6507
-64386.9 -14.401
-67581.5 -15.2558
-69741.4 -15.8631
-72252.9 -16.6025
-75248.1 -17.5368
-77002.1 -18.1133
-77718.7 -18.3556
-79397 -18.9394
-81971.2 -19.8827
-83935.7 -20.6456
-86246.4 -21.5961
-87253.8 -22.0301
-88512.5 -22.5904
-88866 -22.7515
-90542.8 -23.5396
-91738.8 -24.1306
-91801.5 -24.1631
-93941.2 -25.4533
-88511.7 -24.8804
-94404.8 -25.5327
-94231.5 -25.5146
-95932.8 -25.7028
-97419.1 -25.8747
-104186 -26.7819
-100397 -26.3845
-100672 -26.4133
-100793 -26.426
-104019 -26.7837
-102012 -26.5739
-104853 -26.8902
-102709 -26.6659
-104802 -26.892
-106906 -27.1559
-98073.8 -26.2216
-99114.6 -26.3316
-98148.6 -26.2306
-92777.9 -25.6631
-93018.6 -25.6883
-91549.9 -25.5345
-88574.9 -25.22
-89021.9 -25.267
-84149.5 -24.7517
-84613.3 -24.8005
-82056.5 -24.5311
-78748.7 -24.1788
-75485.6 -23.8265
-72789.9 -23.5319
-71150.5 -23.351
-67111.3 -22.8989
-64680.5 -22.6224
-62775.9 -22.4036
-61617.7 -22.2696
-59016.4 -21.9659
-53605.1 -21.3208
-56846.1 -21.6677
-54211.9 -21.3876
-46038.2 -20.493
-38570.4 -19.6363
-35746.3 -19.302
-33439.7 -19.0237
-27189 -18.2427
-22549.7 -17.6373
-16446.9 -16.8005
-14558.2 -16.5311
-13798.5 -16.4211
-4858.87 -15.0528
733.519 -14.1167
3894.09 -13.5546
7570.17 -12.8662
8700.4 -12.6456
12737.5 -11.8214
16333.9 -11.0296
18865.3 -10.4332
21568.5 -9.752
22193.3 -9.5873
22622.5 -9.4719
25719 -8.5899
25503.5 -8.6152
29740.9 -8.0928
29809.9 -8.0837
29794.8 -8.0855
36206.4 -7.2397
37888.6 -6.9866
38111.2 -6.9505
39663 -6.6902
40177.2 -6.5982
41375.9 -6.3739
42831.5 -6.0902
44405.8 -5.7451
46265 -5.2533
47091.5 -5.0092
48297.6 -4.619
49591.5 -4.1471
50519.6 -3.7678
50586.6 -3.7389
51090.4 -3.5147
52027.7 -3.0613
52330.2 -2.9038
53002.4 -2.5317
53387 -2.3038
53284.7 -2.3165
55363.2 -1.9984
56656.3 -1.7129
55773.1 -1.8229
58013.6 -1.4165
58083.1 -1.3984
57996.1 -1.4092
59510.7 -1.0732
59032.2 -1.1327
60379.9 -0.8237
60002.6 -0.8706
61032.7 -0.6157
60872.5 -0.6356
58622.3 -0.9175
60433 -0.6085
60814.1 -0.4966
55978.4 -1.1075
57992.4 -0.8201
55383.3 -1.1471
55412.2 -1.1435
54889.6 -1.2085
53088.3 -1.4345
52717.5 -1.4814
52659.9 -1.4887
48136 -2.0724
47998.3 -2.0905
46009.5 -2.3543
48436.9 -2.0345
50882.3 -1.6623
45984.4 -2.2822
49783.8 -1.7616
45321.3 -2.3255
43219.1 -2.5984
44921.9 -2.3796
42300.9 -2.7085
42733.2 -2.6544
42530.3 -2.6796
45437.7 -2.2966
42574.7 -2.6562
42806.6 -2.6273
45301.6 -2.2984
40493 -2.9074
46442.8 -2.0724
46840.7 -2.0074
41821.1 -2.6435
54140.7 -0.4263
50963.5 -0.8255
52672.5 -0.6013
53255.1 -0.5183
53124.7 -0.5345
50433.2 -0.8724
53051.9 -0.5183
53422.5 -0.4623
52899.9 -0.5273
55171.3 -0.2183
54504.3 -0.3013
54461 -0.3067
55166.4 -0.2165
52757 -0.5183
54602.7 -0.2724
53009.1 -0.4714
54208.3 -0.3157
54573.3 -0.2652
54282.7 -0.3013
55002.2 -0.2093
51981.3 -0.5886
54391.6 -0.2616
51911.2 -0.5724
52142.3 -0.5435
51967.6 -0.5652
52284.2 -0.5255
54641.1 -0.1984
53901.2 -0.2905
51662 -0.5724
54030.6 -0.2526
54079.8 -0.2453
53934 -0.2634
53861.6 -0.2724
51484.9 -0.5706
53894 -0.2453
53966.6 -0.2345
51400.2 -0.5562
54076.1 -0.1912
51538.1 -0.5093
53849.4 -0.1984
53602.3 -0.2291
49019 -0.8093
50964.5 -0.5544
50486.1 -0.6139
50845.7 -0.5688
51114.2 -0.5345
51197.9 -0.5237
51168.9 -0.5273
50806.1 -0.5724
50516.5 -0.6085
48789.3 -0.8255
50801.3 -0.5616
50853 -0.5544
51109.4 -0.5183
50818.9 -0.5544
50964.1 -0.5363
48156.3 -0.8887
50985.6 -0.5093
48434.9 -0.8291
50540.2 -0.5526
50579.5 -0.5471
47630 -0.9175
49961.1 -0.6103
50291.4 -0.5634
48340.7 -0.8074
50678.4 -0.4984
47473.3 -0.9013
50337.2 -0.5183
49974.4 -0.5634
50277.2 -0.5255
50175.7 -0.5381
52900.7 -0.1696
49838 -0.5543
49895.9 -0.5471
52096.9 -0.2544
52421.4 -0.2075
52422.1 -0.2074
54037.4 0.0456
51642.5 -0.2544
51514.4 -0.2706
51873.8 -0.2255
52001 -0.2093
49606.5 -0.5093
51075.6 -0.3193
49626.4 -0.5002
49482.3 -0.5183
49699.4 -0.4912
48974.8 -0.5814
49632.2 -0.4984
49558.9 -0.5075
49181.9 -0.5544
49196.4 -0.5526
49269.5 -0.5435
49312.8 -0.5381
46719 -0.8634
47079.5 -0.8183
46716.7 -0.8634
49338.2 -0.5165
48801.9 -0.5832
46574.1 -0.8634
46503.2 -0.8724
46590.1 -0.8616
48857 -0.5634
48712.1 -0.5814
49129 -0.5291
50647.8 -0.3283
52904.8 0.0095
54392 0.2699
54674.5 0.324
55907 0.5825
56017.7 0.6078
58108.6 1.1771
59148.7 1.5529
59193.1 1.5709
60408.5 2.1456
61362.3 2.7493
60985 2.7024
63746.7 3.2951
64270.7 3.5807
64816.1 4.0508
65015 4.2876
65607.9 5.3211
65158.5 5.2652
66250.5 5.9933
66441.5 6.4995
66504.5 6.7147
66956.8 7.7717
67079.2 7.9273
67992.6 8.7858
68324.8 9.1147
68908.6 9.6029
69584 10.1307
70657.4 10.8299
72148.7 11.4065
74078.5 11.9614
76112.9 12.5415
78146.7 13.1379
79973.9 13.6928
82832.6 14.6054
83584.1 14.8531
85832.9 15.6232
87605.4 16.2629
89242.4 16.8828
90275.3 17.2897
91121.5 17.6312
93271.1 18.542
95223.8 19.4294
95884.2 19.7438
97531.8 20.5626
98670.2 21.159
99814.7 21.7861
100056 21.9219
101470 22.7461
102464 23.3551
102921 23.6443
103897 24.2804
104867 24.9418
105585 25.4498
106340 26.0028
106410 26.0552
107563 26.9642
108226 27.557
108382 27.7072
108925 28.2621
108984 28.3252
109743 29.1891
109820 29.2812
110285 29.8595
110497 30.1343
110480 30.1325
112504 30.7992
113215 31.1173
113561 31.2874
114156 31.6036
110823 31.2513
112693 31.4863
114205 31.8314
115412 32.2956
115416 32.2974
114524 32.2036
114096 32.1585
116200 32.5974
115771 32.5523
115583 32.5325
113106 32.2703
111057 32.052
109723 31.909
110062 31.9451
107942 31.7209
105618 31.4732
103027 31.1949
99777.4 30.8425
98122.5 30.6616
93317.7 30.1302
87787.1 29.5049
85229.7 29.2103
77992.1 28.359
73741.7 27.8456
68687.4 27.2217
63493.1 26.5621
57888.6 25.8227
53501.6 25.2263
45426.1 24.0858
40263.5 23.3158
34049.7 22.3454
29025.8 21.5211
23990.7 20.6518
19158.3 19.7771
14744.5 18.9312
9292.52 17.8214
5661.63 17.0351
355.977 15.8008
-3377.06 14.8557
-7145.29 13.8253
-11207.5 12.5892
-14824.1 11.3279
-17598 10.2109
-20135.2 9.0289
-21668.5 8.2029
-23971.6 6.8671
-25896.9 5.6508
-27753.9 4.3787
-29296.3 3.2382
-30850 2.0021
-32579.2 0.5094
-33816 -0.6437
-35297 -2.1311
-36487.5 -3.4213
-37696.8 -4.8293
-38582.9 -5.9301
-39295.9 -6.8625
-40421.1 -8.2886
-42266.5 -9.4904
-46097.2 -10.7156
-50266.8 -11.7857
-55056.2 -12.9731
-58567.6 -13.8587
-62831.9 -14.9721
-67330.4 -16.2136
-69618.9 -16.8808
-73413.9 -18.052
-75072 -18.5924
-79380.8 -20.096
-80688.4 -20.5842
-82869 -21.4355
-84759.9 -22.2146
-86718.4 -23.0659
-88780.4 -24.0164
-89787.8 -24.5028
-91679.1 -25.4587
-92786.2 -26.0461
-93847.2 -26.6298
-94896 -27.228
-95712 -27.7089
-96085 -27.9349
-96913 -28.47
-97757.1 -29.07
-97805.4 -29.1061
-98526.1 -29.6682
-98692.4 -29.8035
-99085.7 -30.1324
-99524.1 -30.5118
-98671.5 -30.4216
-95419.9 -30.0747
-98122.9 -30.3692
-97593.9 -30.3133
-97610.9 -30.3151
-94799.8 -30.0169
-95309.4 -30.071
-94044.5 -29.937
-94468.8 -29.9821
-92527.5 -29.776
-89606.9 -29.4633
-84860.3 -28.9481
-82428.4 -28.6806
-82904.1 -28.7311
-75184.8 -27.9014
-72426.8 -27.5979
-70587.1 -27.3935
-66128.5 -26.8909
-61452.5 -26.3504
-63859.2 -26.6102
-58510.1 -26.0319
-51677.7 -25.2708
-46788 -24.7069
-41878.9 -24.1213
-34414 -23.1943
-26318.2 -22.1265
-20519.9 -21.313
-12539 -20.113
-6140.93 -19.07
128.118 -17.9639
5702.94 -16.892
9625.49 -16.0768
15897.7 -14.6399
21920.2 -13.0533
24708 -12.2183
29244.6 -10.6479
32352.5 -9.3306
34501.2 -8.2515
36740.7 -6.8182
37164.8 -6.5255
37535.8 -6.2634
39328.6 -4.9095
41127.4 -3.3842
42382.4 -2.2023
43400.4 -1.161
44589.8 0.1634
46232.3 2.2166
46787.6 2.9789
47573.2 4.1248
48453.3 5.513
49130.9 6.666
50016.2 8.056
51389.3 9.2632
53287.6 10.3062
58207.2 11.7791
60610.1 12.4098
64916.9 13.5359
70612.2 15.0972
74703.4 16.3026
77655.2 17.2369
81744.7 18.6431
83075.2 19.133
85974 20.2663
88666.8 21.4103
90527.6 22.2598
92832.1 23.3876
94338.9 24.1758
96573.6 25.4281
97199.8 25.7985
99281.4 27.0977
100519 27.9238
101670 28.7317
102513 29.3498
103127 29.8144
103914 30.4289
104310 30.7469
105320 31.5838
105132 31.5639
111459 32.4152
111933 32.509
113249 32.8163
115055 33.3784
116566 34.0325
113060 33.6603
115692 33.9874
115968 34.0325
115387 33.9711
114943 33.9242
112647 33.6802
115222 33.991
109856 33.4199
111346 33.5841
105480 32.9588
102890 32.6786
100423 32.4093
97553.9 32.0931
92863.7 31.5688
90479.4 31.2977
85161.9 30.6833
78221.2 29.8609
76304.5 29.6294
69729.6 28.816
63776.1 28.0549
60354.4 27.6047
53963.4 26.7372
50036.1 26.1859
43746.7 25.2642
37953.1 24.375
32885.1 23.5616
28200.5 22.7717
23318.8 21.9078
16587.1 20.6374
13205.7 19.9612
7952.22 18.8514
2503.16 17.6081
-1591.76 16.6011
-5357.15 15.6109
-9661.02 14.3784
-13528.5 13.1622
-17165.5 11.8792
-20038.4 10.7026
-23197.3 9.2297
-25260.4 8.0225
-26787.6 7.0318
-28384.8 5.922
-30324 4.4599
-31723.6 3.3158
-33190.8 2.0256
-34743.5 0.5454
-35874.5 -0.6167
-36997.7 -1.8492
-38061.1 -3.0961
-39312.8 -4.6755
-40113.6 -5.7564
-40916.2 -6.9004
-41785.2 -8.012
-44597 -9.4832
-47214.9 -10.2731
-53221.2 -11.7875
-58630.4 -13.1229
-63033.5 -14.2489
-66369 -15.1435
-69279.4 -15.9677
-71227.4 -16.5443
-75538.6 -17.9071
-76927.3 -18.3754
-80209.2 -19.5465
-82198 -20.3058
-83639.8 -20.8824
-86622.5 -22.1528
-88317.4 -22.9265
-90309.1 -23.8896
-91327.5 -24.4066
-91793.3 -24.6489
-93474.4 -25.5561
-94468.7 -26.1182
-95274.1 -26.5883
-95602.1 -26.7837
-96230.8 -27.1649
-96744.3 -27.4829
-96401.7 -27.4468
-93726.6 -27.1631
-93184.5 -27.1053
-95829.7 -27.3927
-98804.3 -27.7414
-98877.5 -27.7504
-100447 -27.9494
-97555.2 -27.644
-97709 -27.6602
-97794.1 -27.6692
-92061.5 -27.0602
-94986.2 -27.3783
-95479.7 -27.4342
-96139.2 -27.51
-95984.2 -27.4937
-96190.1 -27.5154
-93641.5 -27.246
-90611.4 -26.9226
-92030 -27.0741
-87095.3 -26.5499
-85697.9 -26.3996
-83233.2 -26.1321
-85398.8 -26.3649
-80503.3 -25.8425
-74811.5 -25.2226
-69615.1 -24.6442
-67066 -24.3551
-59617.6 -23.4893
-55228.4 -22.9615
-48377.9 -22.112
-44297.2 -21.5878
-36130.4 -20.4889
-30611.8 -19.7079
-22672 -18.5115
-15580.8 -17.3603
-10392.8 -16.4602
-5830.46 -15.6198
1726.7 -14.1035
5688.05 -13.2324
10613.1 -12.0505
15021.1 -10.8739
19729.4 -9.4172
22006.2 -8.593
25485.4 -7.1056
27720.2 -5.9237
29192.5 -5.0796
31054.5 -3.9265
32669.2 -2.8384
34903.7 -1.1742
36357.7 0.024
37589.1 1.1212
38846.5 2.3302
39975.1 3.5014
40834.4 4.4542
42193 6.0823
43227.8 7.2696
44487 8.1877
47365.8 9.3751
52907.8 10.8642
57549.4 12.0173
60916.8 12.8596
65642.8 14.0848
69548.3 15.1676
72211.8 15.9539
75168.2 16.881
78570 18.0304
81688.3 19.1745
84001.6 20.089
86155.4 20.998
88666.3 22.1366
90480.2 23.0186
92049.7 23.8266
93801.4 24.7825
95114.7 25.54
96728 26.523
97562.9 27.0562
98347.1 27.5732
99729.8 28.5255
100429 29.0281
101328 29.6967
101989 30.2047
102379 30.5119
103133 31.1209
103495 31.4209
104210 32.0281
104494 32.274
104170 32.2397
108860 32.791
109390 32.8632
109532 32.883
111465 33.1812
111539 33.1938
110922 33.1289
108531 32.8758
108429 32.865
103530 32.339
103972 32.3859
101243 32.0967
98539.4 31.8075
93112.4 31.2183
88634.9 30.723
85657.6 30.3887
81868.5 29.9565
76339.6 29.3114
68963.8 28.4258
65520.2 28.0008
65405 27.9864
54603.6 26.5928
48450.1 25.7542
48410.5 25.7487
38945.9 24.3805
35322.2 23.8274
25851.9 22.2967
22932 21.7941
17129.6 20.7457
9955.5 19.3467
7474.09 18.8333
1439.17 17.507
-1972.2 16.699
-4021.33 16.1928
-11598.2 14.1398
-14701.7 13.1947
-18998.6 11.7398
-21238.3 10.8903
-23489.4 9.9271
-25864.9 8.8011
-28290.7 7.3336
-30154.6 6.0596
-32071.5 4.6246
-33542.4 3.4246
-34902.1 2.2282
-36507.9 0.6921
-37321.2 -0.143
-38702.9 -1.661
-39557.9 -2.6697
-40252.3 -3.5319
-41305 -4.92
-42408 -6.4904
-43050.6 -7.4661
-45355 -8.9607
-48650.1 -9.96
-53234.4 -11.0878
-59841.2 -12.6762
-64219.6 -13.777
-68069.4 -14.802
-70917 -15.6081
-74376.8 -16.653
-78235.1 -17.9197
-79937.6 -18.5179
-84202.7 -20.1406
-86520.5 -21.1079
-88220.3 -21.8613
-89767.3 -22.5826
-91505.8 -23.4375
-93033.5 -24.2311
-94538.7 -25.0553
-96033.4 -25.9192
-97339.8 -26.7146
-98464.5 -27.4319
-98724.2 -27.602
-99995 -28.4604
-101022 -29.1868
-101775 -29.7399
-102386 -30.2117
-102760 -30.5533
-103269 -31.0648
-103405 -31.2061
-103520 -31.3269
-104051 -31.8981
-104051 -31.8981
-104837 -32.5594
-102368 -32.2973
-104852 -32.5721
-102599 -32.3334
-104744 -32.5685
-101156 -32.1872
-101310 -32.2035
-104124 -32.5161
-101247 -32.2107
-101468 -32.2342
-99101.6 -31.9829
-98914.9 -31.963
-99221 -31.9955
-94104.8 -31.4496
-95167.4 -31.5633
-92532.2 -31.2831
-92144 -31.2416
-87214.6 -30.7084
-87132.3 -30.6994
-85697.1 -30.5419
-80477.9 -29.9617
-81707.6 -30.0935
-75148 -29.387
-73414.2 -29.1971
-65673 -28.3295
-64849.2 -28.2352
-62203.3 -27.9298
-57726.5 -27.402
-58179.4 -27.4507
-50160.3 -26.5723
-47612.4 -26.285
-43196.9 -25.777
-38032.2 -25.1607
-35385.9 -24.8355
-31785.8 -24.3834
-26891.8 -23.7473
-22857.9 -23.2033
-18314.1 -22.5618
-14419.4 -21.987
-10664.2 -21.4087
-7404.63 -20.8863
-542.498 -19.7097
-462.12 -19.6953
2322.88 -19.1855
3941.16 -18.8783
8579.28 -17.953
11515.1 -17.3259
13817.1 -16.8107
16204.3 -16.2486
18956.7 -15.5656
22341 -14.6602
22992.6 -14.4757
25891.6 -13.6154
26766.3 -13.3425
29474.9 -12.4334
32388.8 -11.3435
34031.9 -10.6443
35211.7 -10.093
37011 -9.1731
38490 -8.2839
39453.5 -7.5901
39666.5 -7.4309
40055.3 -7.1345
40395.6 -6.8688
41438.1 -6.0157
41843.5 -5.6669
42530.3 -5.0525
43095.8 -4.5229
44090.6 -3.5345
44219.7 -3.4005
44608.6 -2.9886
45080 -2.4716
45150.9 -2.3922
45848.7 -1.5842
45903 -1.5193
46585.5 -0.677
46979.4 -0.1672
47051.8 -0.0716
47259.8 0.2068
47274.4 0.2266
47474.3 0.4995
47880.9 1.0707
47982.5 1.2168
47157.1 1.114
49355.4 1.4068
51057.3 1.6689
48819.6 1.3887
49292.2 1.4483
53110.9 2.0248
50132.3 1.6508
52391.9 1.9581
50311.6 1.6978
52387.9 1.9779
50136.6 1.696
50064.5 1.6869
49979.1 1.6761
50080.3 1.6887
50007.8 1.6797
50152.9 1.6978
50366.6 1.7248
47034.5 1.3057
50374.9 1.7645
47382.9 1.3887
49556.4 1.6761
47233.5 1.3851
47522.2 1.4212
47087.1 1.3671
49366.2 1.6689
47043.4 1.3779
46958 1.3671
47346.4 1.4158
47201.5 1.3978
49377.6 1.6851
47069.8 1.396
49273.3 1.6869
49838.5 1.7681
49099.5 1.6761
49529.7 1.7302
49181.3 1.6869
49355.2 1.7086
49398.2 1.714
49093.2 1.6761
49594.7 1.7393
51349.7 1.9779
48727 1.649
48958.3 1.6779
51114.9 1.9689
50983.7 1.9526
51399.6 2.005
50747.1 1.9238
51232.6 1.9851
51029.8 1.9599
53610.8 2.3158
51287.1 2.0248
53054.7 2.2599
51303.8 2.0411
53096.4 2.2797
53766.5 2.379
50291 1.9418
50931.8 2.023
51084.7 2.0429
50403.3 1.9581
50705.7 1.996
50052.4 1.9147
48539.4 1.7248
48396.9 1.7068
50516.6 1.9869
50153.7 1.9418
52635.3 2.2779
52548.3 2.2671
52920.6 2.314
54571.2 2.5418
55320.2 2.6591
54450.6 2.5508
55015.7 2.623
56471.5 2.8328
58432.8 3.205
58287.1 3.1869
58127.8 3.1671
58228.3 3.1797
60070.2 3.4779
60306.7 3.5302
59871.5 3.4761
59727 3.4581
60450.6 3.5609
59566.4 3.4508
61505.5 3.805
61667.4 3.8519
58260.5 3.4238
58614.7 3.4689
58614.7 3.4689
59094.2 3.5338
58819 3.4996
56484.9 3.2068
54190.8 2.914
56439.9 3.223
56625.4 3.2519
55827.7 3.1526
56325 3.2158
56092.4 3.1869
53488.2 2.8599
51130 2.5581
51274.4 2.5761
46195.4 1.9328
46555.9 1.9779
47065.5 2.0429
46311.4 1.949
46857.4 2.0176
46248.3 1.9418
46608.8 1.9869
46246 1.9418
46463.3 1.9689
44426.8 1.714
43842 1.64
44360.4 1.705
44142.3 1.6779
44503 1.723
44125.8 1.6761
42053.4 1.4158
43883.6 1.6508
41705.1 1.3779
44140.8 1.6942
42404.4 1.4771
41405.9 1.3508
41623.4 1.3779
41695.3 1.3869
44107 1.7032
43382.5 1.613
43757.7 1.6599
44183.8 1.714
44183.8 1.714
44409.3 1.7429
43886.8 1.6779
46324.2 1.996
44144.5 1.723
43632 1.6581
41305.7 1.3599
43636.4 1.6617
43490.7 1.6436
41300.7 1.3689
41517.4 1.3959
38784.1 1.0526
38614.3 1.031
38989.9 1.0779
36243.3 0.7328
37033.5 0.832
34146.2 0.4689
34061.5 0.4581
34595.1 0.5248
34363.3 0.496
28940.4 -0.1961
31374 0.1148
31565 0.14
34603.8 0.5591
30633.2 0.057
33524.9 0.4292
33510.4 0.4274
35946.9 0.74
37799.3 0.9931
39901.9 1.3003
45346.8 2.2364
48025 2.8111
49197 3.0985
50249.1 3.3805
53797.1 4.5696
54636.3 4.9274
55724.6 5.4552
56162.4 5.6921
57168.4 6.3029
58039.2 6.9246
58726.4 7.4939
59658.5 8.4119
60737.8 9.3498
61462.7 9.9101
63087.1 11.074
64411.8 11.9506
66846.7 13.0153
69659.5 13.9694
71503.7 14.5694
73976.3 15.3575
75952.3 16.0008
77635.8 16.5629
81114.6 17.7611
82813.2 18.3774
84451.7 18.9954
86287.3 19.7132
88765.8 20.7395
90628.4 21.5637
91716.7 22.0681
93621.2 22.9952
94614.6 23.5031
96257 24.3851
97718.9 25.2183
99369.3 26.2194
100218 26.7616
100971 27.2588
102283 28.166
103158 28.8021
103904 29.3642
104905 30.1506
105740 30.8353
106475 31.4624
107441 32.3227
108018 32.8578
108627 33.4397
109242 34.047
109796 34.6109
110364 35.2091
110626 35.4982
111131 36.0892
111722 36.8792
112145 37.5134
112186 37.5784
112580 38.2235
112902 38.7784
113041 39.0243
113176 39.2683
112924 39.2413
116042 39.8954
116827 40.2261
117459 40.5441
116413 40.4322
118242 40.8621
117347 40.7665
118741 41.0774
119010 41.1964
119278 41.3305
119396 41.3954
119428 41.4134
119823 41.6593
117214 41.3791
117030 41.3593
117147 41.3719
112080 40.8261
110435 40.647
107898 40.3686
105843 40.1408
