0 -0.174916
0.05 -0.168289
0.1 -0.155745
0.15 -0.143088
0.2 -0.125048
0.25 -0.103979
0.3 -0.0805129
0.35 -0.0535521
0.4 -0.026231
0.45 0.00138758
0.5 0.0278817
0.55 0.0532983
0.6 0.0725922
0.65 0.085136
0.7 0.0960065
0.75 0.106736
0.8 0.117004
0.85 0.122233
0.9 0.122253
0.95 0.120416
1 0.117621
1.05 0.113173
1.1 0.106933
1.15 0.101004
1.2 0.0941422
1.25 0.0841423
1.3 0.0679808
1.35 0.0464155
1.4 0.0255574
1.45 0.00473511
1.5 -0.0170604
1.55 -0.0415608
1.6 -0.0695747
1.65 -0.0947816
1.7 -0.1172
1.75 -0.137992
1.8 -0.153553
1.85 -0.160462
1.9 -0.160406
1.95 -0.157752
2 -0.150815
2.05 -0.138735
2.1 -0.118529
2.15 -0.0905599
2.2 -0.0615103
2.25 -0.0319481
2.3 -0.00338692
2.35 0.0237052
2.4 0.0491146
2.45 0.0696912
2.5 0.0876919
2.55 0.105775
2.6 0.11974
2.65 0.124698
2.7 0.12487
2.75 0.123763
2.8 0.121491
2.85 0.120254
2.9 0.115424
2.95 0.106156
3 0.0978674
3.05 0.086841
3.1 0.0715488
3.15 0.0569676
3.2 0.0425174
3.25 0.027414
3.3 0.0106459
3.35 -0.0130584
3.4 -0.0405357
3.45 -0.0642152
3.5 -0.0857497
3.55 -0.107206
3.6 -0.126174
3.65 -0.141272
3.7 -0.15286
3.75 -0.160433
3.8 -0.162016
3.85 -0.156743
3.9 -0.142422
3.95 -0.120409
4 -0.0968619
4.05 -0.0734385
4.1 -0.0475167
4.15 -0.0164955
4.2 0.0154256
4.25 0.044024
4.3 0.0707914
4.35 0.0938543
4.4 0.111072
4.45 0.121856
4.5 0.127315
4.55 0.130894
4.6 0.133908
4.65 0.133414
4.7 0.125673
4.75 0.114284
4.8 0.103064
4.85 0.0918443
4.9 0.0811851
4.95 0.068314
5 0.054
5.05 0.0408494
5.1 0.0231487
5.15 0.00101947
5.2 -0.0190576
5.25 -0.0379239
5.3 -0.0557765
5.35 -0.0739542
5.4 -0.0966151
5.45 -0.118177
5.5 -0.134384
5.55 -0.147079
5.6 -0.154777
5.65 -0.156721
5.7 -0.152285
5.75 -0.142039
5.8 -0.128128
5.85 -0.111173
5.9 -0.0880449
5.95 -0.0554702
6 -0.0220233
6.05 0.00798494
6.1 0.0375354
6.15 0.0632766
6.2 0.0872285
6.25 0.108828
6.3 0.124114
6.35 0.136104
6.4 0.144243
6.45 0.144896
6.5 0.138148
6.55 0.127627
6.6 0.117182
6.65 0.107968
6.7 0.096506
6.75 0.0806355
6.8 0.0633983
6.85 0.0468912
6.9 0.0309781
6.95 0.0137416
7 -0.00278518
7.05 -0.0173655
7.1 -0.0339543
7.15 -0.0531656
7.2 -0.0751449
7.25 -0.0959422
7.3 -0.111215
7.35 -0.123111
7.4 -0.13361
7.45 -0.144465
7.5 -0.150363
7.55 -0.14884
7.6 -0.145092
7.65 -0.134391
7.7 -0.114857
7.75 -0.0904843
7.8 -0.0626628
7.85 -0.0349011
7.9 -0.00759255
7.95 0.0227259
8 0.0560586
8.05 0.085329
8.1 0.109046
8.15 0.127678
8.2 0.138753
8.25 0.146653
8.3 0.148099
8.35 0.143257
8.4 0.139111
8.45 0.131564
8.5 0.117112
8.55 0.0974437
8.6 0.0778912
8.65 0.0598169
8.7 0.0434037
8.75 0.0285404
8.8 0.0100453
8.85 -0.00771088
8.9 -0.0234607
8.95 -0.0416895
9 -0.0594452
9.05 -0.0747786
9.1 -0.0874125
9.15 -0.0993458
9.2 -0.1142
9.25 -0.129977
9.3 -0.14018
9.35 -0.143762
9.4 -0.143424
9.45 -0.138236
9.5 -0.12894
9.55 -0.115131
9.6 -0.0961382
9.65 -0.0747198
9.7 -0.0491176
9.75 -0.0178292
9.8 0.0166227
9.85 0.0495015
9.9 0.0760386
9.95 0.0988583
10 0.12053
10.05 0.139046
10.1 0.151271
10.15 0.15618
10.2 0.15623
10.25 0.14979
10.3 0.136984
10.35 0.119605
10.4 0.100566
10.45 0.0847169
10.5 0.0673671
10.55 0.0465839
10.6 0.0245831
10.65 0.00203122
10.7 -0.0161417
10.75 -0.0309065
10.8 -0.0467173
10.85 -0.0617808
10.9 -0.0733287
10.95 -0.0863187
11 -0.102426
11.05 -0.114598
11.1 -0.123159
11.15 -0.128725
11.2 -0.130052
11.25 -0.132602
11.3 -0.134671
11.35 -0.128793
11.4 -0.116395
11.45 -0.100032
11.5 -0.0782113
11.55 -0.052132
11.6 -0.0231166
11.65 0.00633343
11.7 0.0332786
11.75 0.0605279
11.8 0.0905993
11.85 0.118779
11.9 0.138639
11.95 0.151137
12 0.157936
12.05 0.158416
12.1 0.155063
12.15 0.146249
12.2 0.131647
12.25 0.115385
12.3 0.0953264
12.35 0.0701265
12.4 0.0434169
12.45 0.0195737
12.5 0.0014459
12.55 -0.0154605
12.6 -0.0345653
12.65 -0.0522634
12.7 -0.0679598
12.75 -0.0820874
12.8 -0.0930936
12.85 -0.102841
12.9 -0.110676
12.95 -0.115098
13 -0.120449
13.05 -0.126982
13.1 -0.130916
13.15 -0.128395
13.2 -0.11872
13.25 -0.107891
13.3 -0.0958498
13.35 -0.0792816
13.4 -0.0585223
13.45 -0.0342197
13.5 -0.00728949
13.55 0.0230959
13.6 0.0548414
13.65 0.0851413
13.7 0.110487
13.75 0.12807
13.8 0.143013
13.85 0.156754
13.9 0.164171
13.95 0.163476
14 0.155814
14.05 0.141131
14.1 0.122606
14.15 0.101646
14.2 0.0755801
14.25 0.0513716
14.3 0.03061
14.35 0.00596486
14.4 -0.0201313
14.45 -0.0432786
14.5 -0.0622674
14.55 -0.0758329
14.6 -0.0851854
14.65 -0.0951982
14.7 -0.105425
14.75 -0.111229
14.8 -0.116598
14.85 -0.122739
14.9 -0.124095
14.95 -0.120822
15 -0.115416
15.05 -0.109968
15.1 -0.10503
15.15 -0.0957162
15.2 -0.0792808
15.25 -0.0584576
15.3 -0.034804
15.35 -0.00976006
15.4 0.0161165
15.45 0.043869
15.5 0.0700356
15.55 0.0939766
15.6 0.118688
15.65 0.141208
15.7 0.158136
15.75 0.165436
15.8 0.162883
15.85 0.157259
15.9 0.148234
15.95 0.133224
16 0.112937
16.05 0.0889812
16.1 0.0629493
16.15 0.0343103
16.2 0.0054093
16.25 -0.0215459
16.3 -0.0435636
16.35 -0.0599568
16.4 -0.076318
16.45 -0.0931677
16.5 -0.107005
16.55 -0.114829
16.6 -0.117846
16.65 -0.119702
16.7 -0.11981
16.75 -0.117461
16.8 -0.114248
16.85 -0.112352
16.9 -0.108562
16.95 -0.0999559
17 -0.0874648
17.05 -0.069982
17.1 -0.0527919
17.15 -0.0376918
17.2 -0.0169786
17.25 0.00868847
17.3 0.0345734
17.35 0.0612775
17.4 0.0883504
17.45 0.11236
17.5 0.132609
17.55 0.146981
17.6 0.154236
17.65 0.160856
17.7 0.164416
17.75 0.157856
17.8 0.143331
17.85 0.122061
17.9 0.0968542
17.95 0.0705965
18 0.0424913
18.05 0.0140133
18.1 -0.0132329
18.15 -0.0377805
18.2 -0.0619516
18.25 -0.0857458
18.3 -0.102967
18.35 -0.112465
18.4 -0.116945
18.45 -0.121018
18.5 -0.124687
18.55 -0.124904
18.6 -0.122862
18.65 -0.117243
18.7 -0.109603
18.75 -0.100989
18.8 -0.0887915
18.85 -0.0760931
18.9 -0.0657138
18.95 -0.0544591
19 -0.0372853
19.05 -0.0147819
19.1 0.0093392
19.15 0.0319954
19.2 0.0535154
19.25 0.0771179
19.3 0.0997304
19.35 0.119506
19.4 0.13769
19.45 0.152749
19.5 0.162347
19.55 0.163702
19.6 0.156423
19.65 0.142525
19.7 0.127024
19.75 0.109846
19.8 0.0852389
19.85 0.0557792
19.9 0.0249161
19.95 -0.00660607
20 -0.0356469
20.05 -0.0630951
20.1 -0.0861973
20.15 -0.100923
20.2 -0.11373
20.25 -0.125654
20.3 -0.132922
20.35 -0.136166
20.4 -0.132312
20.45 -0.123059
20.5 -0.115534
20.55 -0.108372
20.6 -0.0977814
20.65 -0.0866494
20.7 -0.0759602
20.75 -0.0626251
20.8 -0.0455639
20.85 -0.0259979
20.9 -0.00758992
20.95 0.00863367
21 0.0256262
21.05 0.0463307
21.1 0.0701057
21.15 0.092964
21.2 0.112981
21.25 0.129604
21.3 0.143379
21.35 0.152709
21.4 0.154965
21.45 0.153499
21.5 0.149355
21.55 0.138494
21.6 0.11929
21.65 0.0917261
21.7 0.0612263
21.75 0.0333898
21.8 0.00425109
21.85 -0.0257817
21.9 -0.0532582
21.95 -0.079467
22 -0.102214
22.05 -0.12056
22.1 -0.13498
22.15 -0.141663
22.2 -0.139441
22.25 -0.134882
22.3 -0.131347
22.35 -0.124915
22.4 -0.114309
22.45 -0.100104
22.5 -0.0839607
22.55 -0.0687431
22.6 -0.0534404
22.65 -0.0368109
22.7 -0.0223131
22.75 -0.00874515
22.8 0.00872152
22.85 0.0283989
22.9 0.0502416
22.95 0.071538
23 0.0866095
23.05 0.101061
23.1 0.118289
23.15 0.132946
23.2 0.143811
23.25 0.15073
23.3 0.152801
23.35 0.149202
23.4 0.136767
23.45 0.118122
23.5 0.0978096
23.55 0.0753825
23.6 0.0492086
23.65 0.0180903
23.7 -0.0163262
23.75 -0.0494062
23.8 -0.0764178
23.85 -0.0998559
23.9 -0.120479
23.95 -0.133551
24 -0.141471
24.05 -0.146323
24.1 -0.148041
24.15 -0.14479
24.2 -0.133532
24.25 -0.117087
24.3 -0.100177
24.35 -0.0850146
24.4 -0.069583
24.45 -0.0529611
24.5 -0.0349132
24.55 -0.0164568
24.6 9.36156e-05
24.65 0.0184306
24.7 0.0371706
24.75 0.051149
24.8 0.0636918
24.85 0.0792361
24.9 0.0970949
24.95 0.114762
25 0.128649
25.05 0.136031
25.1 0.141279
25.15 0.144282
25.2 0.140388
25.25 0.133727
25.3 0.123001
25.35 0.105959
25.4 0.085124
25.45 0.0563071
25.5 0.0226809
25.55 -0.00777086
25.6 -0.0351162
25.65 -0.0630371
25.7 -0.0912817
25.75 -0.115356
25.8 -0.135249
25.85 -0.148685
25.9 -0.15497
25.95 -0.156355
26 -0.149112
26.05 -0.136556
26.1 -0.124156
26.15 -0.111017
26.2 -0.0948962
26.25 -0.0738818
26.3 -0.0503688
26.35 -0.0289305
26.4 -0.0110784
26.45 0.0064991
26.5 0.0235932
26.55 0.0385328
26.6 0.0533768
26.65 0.0683144
26.7 0.0854211
26.75 0.100326
26.8 0.10859
26.85 0.116537
26.9 0.124278
26.95 0.131594
27 0.138256
27.05 0.138242
27.1 0.131553
27.15 0.120983
27.2 0.106288
27.25 0.0843941
27.3 0.0592447
27.35 0.0352584
27.4 0.00825042
27.45 -0.0217781
27.5 -0.0546479
27.55 -0.0866755
27.6 -0.111316
27.65 -0.130063
27.7 -0.144682
27.75 -0.15445
27.8 -0.158655
27.85 -0.157435
27.9 -0.149929
27.95 -0.138681
28 -0.122883
28.05 -0.0977908
28.1 -0.073045
28.15 -0.0526238
28.2 -0.0318258
28.25 -0.0127434
28.3 0.00812311
28.35 0.0296944
28.4 0.0468196
28.45 0.0620619
28.5 0.0762806
28.55 0.0880492
28.6 0.0962516
28.65 0.104295
28.7 0.114192
28.75 0.123121
28.8 0.130377
28.85 0.130562
28.9 0.125056
28.95 0.121209
29 0.115013
29.05 0.103285
29.1 0.0876408
29.15 0.0682459
29.2 0.0441342
29.25 0.0152672
29.3 -0.0166275
29.35 -0.0474869
29.4 -0.0739081
29.45 -0.0975779
29.5 -0.119798
29.55 -0.141419
29.6 -0.157469
29.65 -0.163055
29.7 -0.16301
29.75 -0.157218
29.8 -0.144353
29.85 -0.127286
29.9 -0.10739
29.95 -0.0862068
30 -0.0644216
30.05 -0.0394471
30.1 -0.0102918
30.15 0.0155447
30.2 0.0350539
30.25 0.0520823
30.3 0.0661744
30.35 0.0794045
30.4 0.0924888
30.45 0.101539
30.5 0.109449
30.55 0.117883
30.6 0.121274
30.65 0.119856
30.7 0.118787
30.75 0.119131
30.8 0.118329
30.85 0.112383
30.9 0.0996338
30.95 0.083299
31 0.0650209
31.05 0.0432789
31.1 0.0194794
31.15 -0.00558236
31.2 -0.0325088
31.25 -0.0592054
31.3 -0.0871229
31.35 -0.116764
31.4 -0.138719
31.45 -0.150534
31.5 -0.158807
31.55 -0.162795
31.6 -0.161026
31.65 -0.153768
31.7 -0.13988
31.75 -0.120038
31.8 -0.0967419
31.85 -0.0703715
31.9 -0.0403398
31.95 -0.013123
32 0.00909859
32.05 0.03034
32.1 0.0518592
32.15 0.0736165
32.2 0.0909016
32.25 0.101658
32.3 0.108996
32.35 0.114475
32.4 0.117325
32.45 0.117812
32.5 0.118195
32.55 0.119006
32.6 0.118184
32.65 0.111358
32.7 0.100704
32.75 0.0894295
32.8 0.0769105
32.85 0.0649732
32.9 0.0479748
32.95 0.0237313
33 -0.000644442
33.05 -0.0259159
33.1 -0.0546519
33.15 -0.0817773
33.2 -0.103843
33.25 -0.123133
33.3 -0.139484
33.35 -0.153964
33.4 -0.165654
33.45 -0.167032
33.5 -0.158805
33.55 -0.145256
33.6 -0.127218
33.65 -0.105561
33.7 -0.0800967
33.75 -0.0528597
33.8 -0.0254276
33.85 0.00189066
33.9 0.0309698
33.95 0.0593674
34 0.0787949
34.05 0.0926176
34.1 0.103944
34.15 0.112498
34.2 0.121488
34.25 0.125695
34.3 0.125234
34.35 0.123656
34.4 0.118581
34.45 0.110968
34.5 0.101925
34.55 0.0930902
34.6 0.0854912
34.65 0.0764893
34.7 0.0609059
34.75 0.0397422
34.8 0.0200967
34.85 0.000641098
34.9 -0.0212645
34.95 -0.0445728
35 -0.0682902
35.05 -0.0919041
35.1 -0.114989
35.15 -0.135497
35.2 -0.15209
35.25 -0.159931
35.3 -0.159552
35.35 -0.155779
35.4 -0.148922
35.45 -0.138437
35.5 -0.118045
35.55 -0.0917059
35.6 -0.0649102
35.65 -0.0331487
35.7 -0.00223633
35.75 0.0265641
35.8 0.0532726
35.85 0.0737276
35.9 0.0928518
35.95 0.111548
36 0.125625
36.05 0.131855
36.1 0.131711
36.15 0.128459
36.2 0.12418
36.25 0.120091
36.3 0.111908
36.35 0.102497
36.4 0.0945785
36.45 0.0820037
36.5 0.0652625
36.55 0.0486065
36.6 0.0335948
36.65 0.0190934
36.7 0.003017
36.75 -0.0177713
36.8 -0.0423774
36.85 -0.0645621
36.9 -0.0857569
36.95 -0.106607
37 -0.124056
37.05 -0.138441
37.1 -0.148376
37.15 -0.155394
37.2 -0.159845
37.25 -0.156345
37.3 -0.142079
37.35 -0.121107
37.4 -0.0979271
37.45 -0.0725151
37.5 -0.0456464
37.55 -0.0157217
37.6 0.0155553
37.65 0.0440405
37.7 0.0720208
37.75 0.0973274
37.8 0.116722
37.85 0.128649
37.9 0.133205
37.95 0.136187
38 0.138818
38.05 0.136807
38.1 0.127987
38.15 0.115986
38.2 0.103014
38.25 0.0885568
38.3 0.0741854
38.35 0.0595703
38.4 0.046113
38.45 0.0331839
38.5 0.0162146
38.55 -0.00441031
38.6 -0.0252068
38.65 -0.0437851
38.7 -0.0598583
38.75 -0.076571
38.8 -0.0967271
38.85 -0.115364
38.9 -0.129645
38.95 -0.142982
39 -0.151966
39.05 -0.153374
39.1 -0.148724
39.15 -0.138516
39.2 -0.125351
39.25 -0.110063
39.3 -0.0876517
39.35 -0.0570917
39.4 -0.0243724
39.45 0.00796687
39.5 0.0385167
39.55 0.0659764
39.6 0.0917164
39.65 0.111887
39.7 0.126336
39.75 0.139628
39.8 0.149077
39.85 0.150195
39.9 0.142993
39.95 0.132193
40 0.119829
40.05 0.107028
40.1 0.0943107
40.15 0.0769872
40.2 0.0586059
40.25 0.0418623
40.3 0.0231689
40.35 0.00451704
40.4 -0.0127066
40.45 -0.0266189
40.5 -0.0393152
40.55 -0.0569277
40.6 -0.0772038
40.65 -0.0953823
40.7 -0.11057
40.75 -0.122324
40.8 -0.131901
40.85 -0.140695
40.9 -0.144142
40.95 -0.143185
41 -0.140528
41.05 -0.130793
41.1 -0.113547
41.15 -0.0893153
41.2 -0.0611238
41.25 -0.034194
41.3 -0.00707311
41.35 0.0225462
41.4 0.0552216
41.45 0.0845306
41.5 0.108877
41.55 0.130846
41.6 0.144822
41.65 0.151762
41.7 0.15267
41.75 0.147257
41.8 0.141432
41.85 0.133245
41.9 0.118601
41.95 0.0987275
42 0.0765164
42.05 0.0564193
42.1 0.0386828
42.15 0.0199143
42.2 0.00126777
42.25 -0.014263
42.3 -0.0304116
42.35 -0.0491613
42.4 -0.0663832
42.45 -0.0807689
42.5 -0.0915026
42.55 -0.100773
42.6 -0.112426
42.65 -0.125206
42.7 -0.134778
42.75 -0.138406
42.8 -0.138866
42.85 -0.134814
42.9 -0.124883
42.95 -0.110412
43 -0.091476
43.05 -0.0720648
43.1 -0.0485253
43.15 -0.0177016
43.2 0.0161336
43.25 0.0485338
43.3 0.0760896
43.35 0.100718
43.4 0.121877
43.45 0.139591
43.5 0.152312
43.55 0.158173
43.6 0.159707
43.65 0.154882
43.7 0.142712
43.75 0.122531
43.8 0.10108
43.85 0.0839463
43.9 0.0640097
43.95 0.0417328
44 0.0194301
44.05 -0.00275904
44.1 -0.022839
44.15 -0.0402295
44.2 -0.0552426
44.25 -0.0694557
44.3 -0.0797672
44.35 -0.0894986
44.4 -0.103804
44.45 -0.115911
44.5 -0.123049
44.55 -0.126281
44.6 -0.12653
44.65 -0.127164
44.7 -0.126534
44.75 -0.12063
44.8 -0.109913
44.85 -0.0963078
44.9 -0.0765292
44.95 -0.0502717
45 -0.0216944
45.05 0.00740057
45.1 0.0338742
45.15 0.0603672
45.2 0.0896188
45.25 0.117145
45.3 0.138795
45.35 0.152403
45.4 0.160169
45.45 0.162373
45.5 0.157613
45.55 0.146741
45.6 0.132881
45.65 0.11794
45.7 0.0970868
45.75 0.070846
45.8 0.0430915
45.85 0.0165125
45.9 -0.00522764
45.95 -0.0239296
46 -0.0423228
46.05 -0.0604163
46.1 -0.0751475
46.15 -0.0869655
46.2 -0.0994339
46.25 -0.108824
46.3 -0.11298
46.35 -0.115173
46.4 -0.118086
46.45 -0.122824
46.5 -0.125462
46.55 -0.122188
46.6 -0.114125
46.65 -0.102445
46.7 -0.0891979
46.75 -0.0730892
46.8 -0.0518795
46.85 -0.0301428
46.9 -0.00648247
46.95 0.0222517
47 0.0528404
47.05 0.0839138
47.1 0.109751
47.15 0.127513
47.2 0.143397
47.25 0.157135
47.3 0.164066
47.35 0.163754
47.4 0.15796
47.45 0.145149
47.5 0.125359
47.55 0.102745
47.6 0.0758063
47.65 0.0489103
47.7 0.0276028
47.75 0.00363152
47.8 -0.0238944
47.85 -0.0483007
47.9 -0.0683289
47.95 -0.0834459
48 -0.09483
48.05 -0.104181
48.1 -0.110331
48.15 -0.11397
48.2 -0.118327
48.25 -0.121993
48.3 -0.122339
48.35 -0.117995
48.4 -0.109838
48.45 -0.103045
48.5 -0.0969271
48.55 -0.0875876
48.6 -0.0729069
48.65 -0.0534221
48.7 -0.0322212
48.75 -0.00746935
48.8 0.0196782
48.85 0.0460338
48.9 0.0707024
48.95 0.0925601
49 0.115511
49.05 0.138467
49.1 0.155527
49.15 0.164191
49.2 0.164277
49.25 0.159022
49.3 0.149385
49.35 0.134273
49.4 0.1135
49.45 0.0898607
49.5 0.0645327
49.55 0.0351207
49.6 0.00370108
49.65 -0.0263632
49.7 -0.0491266
49.75 -0.066118
49.8 -0.0841598
49.85 -0.0991395
49.9 -0.111205
49.95 -0.120534
50 -0.123635
